Component: ARM Compiler 5.05 update 1 (build 106) Tool: armlink [4d0efa]

==============================================================================

Section Cross References

    main.o(i.AfterExitSleep) refers to stm32f4xx_rcc.o(i.RCC_AHB1PeriphClockCmd) for RCC_AHB1PeriphClockCmd
    main.o(i.BeforeEnterSleep) refers to stm32f4xx_rcc.o(i.RCC_AHB1PeriphClockCmd) for RCC_AHB1PeriphClockCmd
    main.o(i.CommandProcess) refers to strcmpv7m.o(.text) for strcmp
    main.o(i.main) refers to misc.o(i.NVIC_PriorityGroupConfig) for NVIC_PriorityGroupConfig
    main.o(i.main) refers to delay.o(i.delay_init) for delay_init
    main.o(i.main) refers to usart.o(i.uart_init) for uart_init
    main.o(i.main) refers to led.o(i.LED_Init) for LED_Init
    main.o(i.main) refers to key.o(i.KEY_Init) for KEY_Init
    main.o(i.main) refers to beep.o(i.BEEP_Init) for BEEP_Init
    main.o(i.main) refers to malloc.o(i.my_mem_init) for my_mem_init
    main.o(i.main) refers to noretval__2printf.o(.text) for __2printf
    main.o(i.main) refers to lwip_comm.o(i.lwip_comm_init) for lwip_comm_init
    main.o(i.main) refers to tcp_client_demo.o(i.tcp_client_init) for tcp_client_init
    main.o(i.main) refers to tasks.o(i.xTaskCreate) for xTaskCreate
    main.o(i.main) refers to tasks.o(i.vTaskStartScheduler) for vTaskStartScheduler
    main.o(i.main) refers to main.o(.data) for .data
    main.o(i.main) refers to main.o(i.start_task) for start_task
    main.o(i.start_task) refers to port.o(i.vPortEnterCritical) for vPortEnterCritical
    main.o(i.start_task) refers to queue.o(i.xQueueGenericCreate) for xQueueGenericCreate
    main.o(i.start_task) refers to tasks.o(i.xTaskCreate) for xTaskCreate
    main.o(i.start_task) refers to tasks.o(i.vTaskDelete) for vTaskDelete
    main.o(i.start_task) refers to port.o(i.vPortExitCritical) for vPortExitCritical
    main.o(i.start_task) refers to main.o(.data) for .data
    main.o(i.start_task) refers to main.o(i.task1_task) for task1_task
    main.o(i.task1_task) refers to tasks.o(i.vTaskDelay) for vTaskDelay
    main.o(i.vApplicationIdleHook) refers to main.o(i.BeforeEnterSleep) for BeforeEnterSleep
    main.o(i.vApplicationIdleHook) refers to main.o(i.AfterExitSleep) for AfterExitSleep
    system_stm32f4xx.o(i.SystemCoreClockUpdate) refers to system_stm32f4xx.o(.data) for .data
    system_stm32f4xx.o(i.SystemInit) refers to system_stm32f4xx.o(i.SetSysClock) for SetSysClock
    led.o(i.LED_Init) refers to stm32f4xx_rcc.o(i.RCC_AHB1PeriphClockCmd) for RCC_AHB1PeriphClockCmd
    led.o(i.LED_Init) refers to stm32f4xx_gpio.o(i.GPIO_Init) for GPIO_Init
    led.o(i.LED_Init) refers to stm32f4xx_gpio.o(i.GPIO_SetBits) for GPIO_SetBits
    timer.o(i.ConfigureTimeForRunTimeStats) refers to timer.o(i.TIM3_Int_Init) for TIM3_Int_Init
    timer.o(i.ConfigureTimeForRunTimeStats) refers to timer.o(.data) for .data
    timer.o(i.TIM3_IRQHandler) refers to stm32f4xx_tim.o(i.TIM_GetITStatus) for TIM_GetITStatus
    timer.o(i.TIM3_IRQHandler) refers to stm32f4xx_tim.o(i.TIM_ClearITPendingBit) for TIM_ClearITPendingBit
    timer.o(i.TIM3_IRQHandler) refers to timer.o(.data) for .data
    timer.o(i.TIM3_Int_Init) refers to stm32f4xx_rcc.o(i.RCC_APB1PeriphClockCmd) for RCC_APB1PeriphClockCmd
    timer.o(i.TIM3_Int_Init) refers to stm32f4xx_tim.o(i.TIM_TimeBaseInit) for TIM_TimeBaseInit
    timer.o(i.TIM3_Int_Init) refers to stm32f4xx_tim.o(i.TIM_ITConfig) for TIM_ITConfig
    timer.o(i.TIM3_Int_Init) refers to stm32f4xx_tim.o(i.TIM_Cmd) for TIM_Cmd
    timer.o(i.TIM3_Int_Init) refers to misc.o(i.NVIC_Init) for NVIC_Init
    lcd.o(i.LCD_Clear) refers to lcd.o(i.LCD_SetCursor) for LCD_SetCursor
    lcd.o(i.LCD_Clear) refers to lcd.o(i.LCD_WriteRAM_Prepare) for LCD_WriteRAM_Prepare
    lcd.o(i.LCD_Clear) refers to lcd.o(.bss) for .bss
    lcd.o(i.LCD_Color_Fill) refers to lcd.o(i.LCD_SetCursor) for LCD_SetCursor
    lcd.o(i.LCD_Color_Fill) refers to lcd.o(i.LCD_WriteRAM_Prepare) for LCD_WriteRAM_Prepare
    lcd.o(i.LCD_DisplayOff) refers to lcd.o(i.LCD_WriteReg) for LCD_WriteReg
    lcd.o(i.LCD_DisplayOff) refers to lcd.o(i.LCD_WR_REG) for LCD_WR_REG
    lcd.o(i.LCD_DisplayOff) refers to lcd.o(.bss) for .bss
    lcd.o(i.LCD_DisplayOn) refers to lcd.o(i.LCD_WriteReg) for LCD_WriteReg
    lcd.o(i.LCD_DisplayOn) refers to lcd.o(i.LCD_WR_REG) for LCD_WR_REG
    lcd.o(i.LCD_DisplayOn) refers to lcd.o(.bss) for .bss
    lcd.o(i.LCD_Display_Dir) refers to lcd.o(i.LCD_Scan_Dir) for LCD_Scan_Dir
    lcd.o(i.LCD_Display_Dir) refers to lcd.o(.bss) for .bss
    lcd.o(i.LCD_DrawLine) refers to lcd.o(i.LCD_DrawPoint) for LCD_DrawPoint
    lcd.o(i.LCD_DrawPoint) refers to lcd.o(i.LCD_SetCursor) for LCD_SetCursor
    lcd.o(i.LCD_DrawPoint) refers to lcd.o(i.LCD_WriteRAM_Prepare) for LCD_WriteRAM_Prepare
    lcd.o(i.LCD_DrawPoint) refers to lcd.o(.data) for .data
    lcd.o(i.LCD_DrawRectangle) refers to lcd.o(i.LCD_DrawLine) for LCD_DrawLine
    lcd.o(i.LCD_Draw_Circle) refers to lcd.o(i.LCD_DrawPoint) for LCD_DrawPoint
[...]
    BeforeEnterSleep                         0x08000905   Thumb Code    62  main.o(i.BeforeEnterSleep)
    BusFault_Handler                         0x08000943   Thumb Code     2  stm32f4xx_it.o(i.BusFault_Handler)
    ConfigureTimeForRunTimeStats             0x08000945   Thumb Code    16  timer.o(i.ConfigureTimeForRunTimeStats)
    DP83848_Init                             0x08000959   Thumb Code   220  dp83848.o(i.DP83848_Init)
    DebugMon_Handler                         0x08000a41   Thumb Code     2  stm32f4xx_it.o(i.DebugMon_Handler)
    ETH_DMAClearITPendingBit                 0x08000a45   Thumb Code     6  stm32f4x7_eth.o(i.ETH_DMAClearITPendingBit)
    ETH_DMAITConfig                          0x08000a51   Thumb Code    18  stm32f4x7_eth.o(i.ETH_DMAITConfig)
    ETH_DMAReceptionCmd                      0x08000a69   Thumb Code    22  stm32f4x7_eth.o(i.ETH_DMAReceptionCmd)
    ETH_DMARxDescChainInit                   0x08000a85   Thumb Code    74  stm32f4x7_eth.o(i.ETH_DMARxDescChainInit)
    ETH_DMATransmissionCmd                   0x08000add   Thumb Code    22  stm32f4x7_eth.o(i.ETH_DMATransmissionCmd)
    ETH_DMATxDescChainInit                   0x08000af9   Thumb Code    62  stm32f4x7_eth.o(i.ETH_DMATxDescChainInit)
    ETH_DMATxDescChecksumInsertionConfig     0x08000b41   Thumb Code     8  stm32f4x7_eth.o(i.ETH_DMATxDescChecksumInsertionConfig)
    ETH_DeInit                               0x08000b49   Thumb Code    24  stm32f4x7_eth.o(i.ETH_DeInit)
    ETH_FlushTransmitFIFO                    0x08000b75   Thumb Code    30  stm32f4x7_eth.o(i.ETH_FlushTransmitFIFO)
    ETH_GetCurrentTxBuffer                   0x08000b99   Thumb Code     8  dp83848.o(i.ETH_GetCurrentTxBuffer)
    ETH_GetRxPktSize                         0x08000ba5   Thumb Code    30  stm32f4x7_eth.o(i.ETH_GetRxPktSize)
    ETH_GetSoftwareResetStatus               0x08000bc5   Thumb Code    14  stm32f4x7_eth.o(i.ETH_GetSoftwareResetStatus)
    ETH_IRQHandler                           0x08000bd9   Thumb Code    38  dp83848.o(i.ETH_IRQHandler)
    ETH_Init                                 0x08000c05   Thumb Code   620  stm32f4x7_eth.o(i.ETH_Init)
    ETH_MACAddressConfig                     0x08000ea9   Thumb Code    22  stm32f4x7_eth.o(i.ETH_MACAddressConfig)
    ETH_MACDMA_Config                        0x08000ec5   Thumb Code   126  dp83848.o(i.ETH_MACDMA_Config)
    ETH_MACReceptionCmd                      0x08000f49   Thumb Code    44  stm32f4x7_eth.o(i.ETH_MACReceptionCmd)
    ETH_MACTransmissionCmd                   0x08000f79   Thumb Code    44  stm32f4x7_eth.o(i.ETH_MACTransmissionCmd)
    ETH_Mem_Free                             0x08000fa9   Thumb Code    40  dp83848.o(i.ETH_Mem_Free)
    ETH_Mem_Malloc                           0x08000fd5   Thumb Code    74  dp83848.o(i.ETH_Mem_Malloc)
    ETH_ReadPHYRegister                      0x08001025   Thumb Code    80  stm32f4x7_eth.o(i.ETH_ReadPHYRegister)
    ETH_Rx_Packet                            0x0800107d   Thumb Code    80  dp83848.o(i.ETH_Rx_Packet)
    ETH_SoftwareReset                        0x080010d5   Thumb Code    12  stm32f4x7_eth.o(i.ETH_SoftwareReset)
    ETH_Start                                0x080010e5   Thumb Code    34  stm32f4x7_eth.o(i.ETH_Start)
    ETH_StructInit                           0x08001107   Thumb Code   136  stm32f4x7_eth.o(i.ETH_StructInit)
    ETH_Tx_Packet                            0x08001191   Thumb Code    60  dp83848.o(i.ETH_Tx_Packet)
    ETH_WritePHYRegister                     0x080011d5   Thumb Code    76  stm32f4x7_eth.o(i.ETH_WritePHYRegister)
    Enter_Critical                           0x08001229   Thumb Code    40  sys_arch.o(i.Enter_Critical)
    Exit_Critical                            0x08001255   Thumb Code    20  sys_arch.o(i.Exit_Critical)
    GPIO_Init                                0x0800126d   Thumb Code   120  stm32f4xx_gpio.o(i.GPIO_Init)
    GPIO_PinAFConfig                         0x080012e5   Thumb Code    32  stm32f4xx_gpio.o(i.GPIO_PinAFConfig)
    GPIO_ResetBits                           0x08001305   Thumb Code     4  stm32f4xx_gpio.o(i.GPIO_ResetBits)
    GPIO_SetBits                             0x08001309   Thumb Code     4  stm32f4xx_gpio.o(i.GPIO_SetBits)
    HardFault_Handler                        0x0800130d   Thumb Code     2  stm32f4xx_it.o(i.HardFault_Handler)
    KEY_Init                                 0x08001311   Thumb Code    58  key.o(i.KEY_Init)
    LED_Init                                 0x08001355   Thumb Code    58  led.o(i.LED_Init)
    MemManage_Handler                        0x08001395   Thumb Code     2  stm32f4xx_it.o(i.MemManage_Handler)
    NMI_Handler                              0x08001397   Thumb Code     2  stm32f4xx_it.o(i.NMI_Handler)
    NVIC_Init                                0x08001399   Thumb Code    96  misc.o(i.NVIC_Init)
    NVIC_PriorityGroupConfig                 0x080013fd   Thumb Code    10  misc.o(i.NVIC_PriorityGroupConfig)
    RCC_AHB1PeriphClockCmd                   0x08001411   Thumb Code    18  stm32f4xx_rcc.o(i.RCC_AHB1PeriphClockCmd)
    RCC_AHB1PeriphResetCmd                   0x08001429   Thumb Code    18  stm32f4xx_rcc.o(i.RCC_AHB1PeriphResetCmd)
    RCC_APB1PeriphClockCmd                   0x08001441   Thumb Code    18  stm32f4xx_rcc.o(i.RCC_APB1PeriphClockCmd)
    RCC_APB2PeriphClockCmd                   0x08001459   Thumb Code    18  stm32f4xx_rcc.o(i.RCC_APB2PeriphClockCmd)
    RCC_GetClocksFreq                        0x08001471   Thumb Code   132  stm32f4xx_rcc.o(i.RCC_GetClocksFreq)
    SYSCFG_ETH_MediaInterfaceConfig          0x08001505   Thumb Code     8  stm32f4xx_syscfg.o(i.SYSCFG_ETH_MediaInterfaceConfig)
    SysTick_CLKSourceConfig                  0x080015c5   Thumb Code    24  misc.o(i.SysTick_CLKSourceConfig)
    SysTick_Handler                          0x080015dd   Thumb Code    20  delay.o(i.SysTick_Handler)
    SystemInit                               0x080015f1   Thumb Code    74  system_stm32f4xx.o(i.SystemInit)
    TIM3_IRQHandler                          0x0800164d   Thumb Code    44  timer.o(i.TIM3_IRQHandler)
    TIM3_Int_Init                            0x08001681   Thumb Code    86  timer.o(i.TIM3_Int_Init)
    TIM_ClearITPendingBit                    0x080016dd   Thumb Code     6  stm32f4xx_tim.o(i.TIM_ClearITPendingBit)
    TIM_Cmd                                  0x080016e3   Thumb Code    20  stm32f4xx_tim.o(i.TIM_Cmd)
    TIM_GetITStatus                          0x080016f7   Thumb Code    24  stm32f4xx_tim.o(i.TIM_GetITStatus)
    TIM_ITConfig                             0x0800170f   Thumb Code    16  stm32f4xx_tim.o(i.TIM_ITConfig)
    TIM_TimeBaseInit                         0x08001721   Thumb Code    96  stm32f4xx_tim.o(i.TIM_TimeBaseInit)
    USART1_IRQHandler                        0x0800179d   Thumb Code   126  usart.o(i.USART1_IRQHandler)
    USART_Cmd                                0x08001831   Thumb Code    20  stm32f4xx_usart.o(i.USART_Cmd)
    USART_GetITStatus                        0x08001845   Thumb Code    62  stm32f4xx_usart.o(i.USART_GetITStatus)
    USART_ITConfig                           0x08001883   Thumb Code    48  stm32f4xx_usart.o(i.USART_ITConfig)
    USART_Init                               0x080018b5   Thumb Code   164  stm32f4xx_usart.o(i.USART_Init)
    USART_ReceiveData                        0x08001961   Thumb Code     8  stm32f4xx_usart.o(i.USART_ReceiveData)
    UsageFault_Handler                       0x08001969   Thumb Code     2  stm32f4xx_it.o(i.UsageFault_Handler)
    _sys_exit                                0x0800196b   Thumb Code     2  usart.o(i._sys_exit)
    delay_init                               0x08001989   Thumb Code    50  delay.o(i.delay_init)
    dns_init                                 0x08001b29   Thumb Code    64  dns.o(i.dns_init)
    dns_setserver                            0x08001ebd   Thumb Code    32  dns.o(i.dns_setserver)
    dns_tmr                                  0x08001efd   Thumb Code    28  dns.o(i.dns_tmr)
    do_close                                 0x08001f1d   Thumb Code   134  api_msg.o(i.do_close)
    do_connect                               0x08002295   Thumb Code   162  api_msg.o(i.do_connect)
    do_delconn                               0x080024f9   Thumb Code   218  api_msg.o(i.do_delconn)
    do_getaddr                               0x08002685   Thumb Code   134  api_msg.o(i.do_getaddr)
    do_newconn                               0x08002779   Thumb Code    32  api_msg.o(i.do_newconn)
    do_recv                                  0x08002799   Thumb Code    68  api_msg.o(i.do_recv)
    do_write                                 0x080027dd   Thumb Code   120  api_msg.o(i.do_write)
    etharp_output                            0x080030ad   Thumb Code   290  etharp.o(i.etharp_output)
    etharp_query                             0x08003339   Thumb Code   292  etharp.o(i.etharp_query)
    etharp_request                           0x08003675   Thumb Code    32  etharp.o(i.etharp_request)
    etharp_tmr                               0x08003739   Thumb Code    66  etharp.o(i.etharp_tmr)
    ethernet_input                           0x08003891   Thumb Code   154  etharp.o(i.ethernet_input)
    ethernetif_init                          0x080039a9   Thumb Code    48  ethernetif.o(i.ethernetif_init)
    ethernetif_input                         0x08003a45   Thumb Code   116  ethernetif.o(i.ethernetif_input)
    fputc                                    0x08003abd   Thumb Code    14  usart.o(i.fputc)
    icmp_dest_unreach                        0x08003ad1   Thumb Code     8  icmp.o(i.icmp_dest_unreach)
    icmp_input                               0x08003ad9   Thumb Code   310  icmp.o(i.icmp_input)
    icmp_time_exceeded                       0x08003e51   Thumb Code     8  icmp.o(i.icmp_time_exceeded)
    inet_chksum                              0x08003e59   Thumb Code    12  inet_chksum.o(i.inet_chksum)
    inet_chksum_pbuf                         0x08003e65   Thumb Code    72  inet_chksum.o(i.inet_chksum_pbuf)
    ip4_addr_isbroadcast                     0x08003ead   Thumb Code    46  ip_addr.o(i.ip4_addr_isbroadcast)
    ip_frag                                  0x08003edd   Thumb Code   378  ip_frag.o(i.ip_frag)
    ip_input                                 0x08004159   Thumb Code   326  ip.o(i.ip_input)
    ip_output                                0x080042a9   Thumb Code    72  ip.o(i.ip_output)
    ip_output_if                             0x08004351   Thumb Code   208  ip.o(i.ip_output_if)
    ip_reass                                 0x080044b5   Thumb Code   414  ip_frag.o(i.ip_reass)
    ip_reass_tmr                             0x08004b8d   Thumb Code    40  ip_frag.o(i.ip_reass_tmr)
    ip_route                                 0x08004bb9   Thumb Code    54  ip.o(i.ip_route)
    ipaddr_addr                              0x08004bf9   Thumb Code    20  ip_addr.o(i.ipaddr_addr)
    ipaddr_aton                              0x08004c0d   Thumb Code   262  ip_addr.o(i.ipaddr_aton)
    lwip_comm_default_ip_set                 0x08004ecd   Thumb Code    74  lwip_comm.o(i.lwip_comm_default_ip_set)
    lwip_comm_init                           0x08004f1d   Thumb Code   258  lwip_comm.o(i.lwip_comm_init)
    lwip_comm_mem_free                       0x0800516d   Thumb Code    26  lwip_comm.o(i.lwip_comm_mem_free)
    lwip_comm_mem_malloc                     0x08005191   Thumb Code    50  lwip_comm.o(i.lwip_comm_mem_malloc)
    lwip_htonl                               0x080051cd   Thumb Code     4  def.o(i.lwip_htonl)
    lwip_htons                               0x080051d1   Thumb Code     4  def.o(i.lwip_htons)
    lwip_init                                0x080051d5   Thumb Code    42  init.o(i.lwip_init)
    lwip_ntohl                               0x080051ff   Thumb Code     4  def.o(i.lwip_ntohl)
    lwip_ntohs                               0x08005203   Thumb Code     4  def.o(i.lwip_ntohs)
    lwip_pkt_handle                          0x08005209   Thumb Code     6  lwip_comm.o(i.lwip_pkt_handle)
    lwip_socket_init                         0x08005215   Thumb Code     2  sockets.o(i.lwip_socket_init)
    main                                     0x0800526d   Thumb Code   122  main.o(i.main)
    mem_free                                 0x08005355   Thumb Code   140  mem.o(i.mem_free)
    mem_init                                 0x08005485   Thumb Code    74  mem.o(i.mem_init)
    mem_malloc                               0x08005541   Thumb Code   288  mem.o(i.mem_malloc)
    mem_trim                                 0x08005755   Thumb Code   272  mem.o(i.mem_trim)
    memp_free                                0x080058f1   Thumb Code    52  memp.o(i.memp_free)
    memp_get_memorysize                      0x08005999   Thumb Code     6  memp.o(i.memp_get_memorysize)
    memp_init                                0x080059a1   Thumb Code    80  memp.o(i.memp_init)
    memp_malloc                              0x080059fd   Thumb Code    76  memp.o(i.memp_malloc)
    my_mem_free                              0x08005ae1   Thumb Code    80  malloc.o(i.my_mem_free)
    my_mem_init                              0x08005b39   Thumb Code    52  malloc.o(i.my_mem_init)
    my_mem_malloc                            0x08005b75   Thumb Code   132  malloc.o(i.my_mem_malloc)
    my_mem_perused                           0x08005c01   Thumb Code    48  malloc.o(i.my_mem_perused)
    myfree                                   0x08005c39   Thumb Code    20  malloc.o(i.myfree)
    mymalloc                                 0x08005c51   Thumb Code    28  malloc.o(i.mymalloc)
    mymemset                                 0x08005c71   Thumb Code    12  malloc.o(i.mymemset)
    netbuf_delete                            0x08005c7d   Thumb Code    34  netbuf.o(i.netbuf_delete)
    netconn_alloc                            0x08005ca1   Thumb Code   148  api_msg.o(i.netconn_alloc)
    netconn_close                            0x08005db1   Thumb Code     6  api_lib.o(i.netconn_close)
    netconn_connect                          0x08005e75   Thumb Code    72  api_lib.o(i.netconn_connect)
    netconn_delete                           0x08005f35   Thumb Code    32  api_lib.o(i.netconn_delete)
    netconn_free                             0x0800608d   Thumb Code   104  api_msg.o(i.netconn_free)
    netconn_getaddr                          0x080061f1   Thumb Code    96  api_lib.o(i.netconn_getaddr)
    netconn_new_with_proto_and_callback      0x08006309   Thumb Code   152  api_lib.o(i.netconn_new_with_proto_and_callback)
    netconn_recv                             0x08006475   Thumb Code   194  api_lib.o(i.netconn_recv)
    netconn_write_partly                     0x080067c1   Thumb Code   164  api_lib.o(i.netconn_write_partly)
    netif_add                                0x080068fd   Thumb Code    94  netif.o(i.netif_add)
    netif_init                               0x080069c9   Thumb Code     2  netif.o(i.netif_init)
    netif_set_addr                           0x080069cb   Thumb Code    32  netif.o(i.netif_set_addr)
    netif_set_default                        0x080069ed   Thumb Code     6  netif.o(i.netif_set_default)
    netif_set_gw                             0x080069f9   Thumb Code     8  netif.o(i.netif_set_gw)
    netif_set_ipaddr                         0x08006a01   Thumb Code    96  netif.o(i.netif_set_ipaddr)
    netif_set_netmask                        0x08006a69   Thumb Code     8  netif.o(i.netif_set_netmask)
    netif_set_up                             0x08006a71   Thumb Code    32  netif.o(i.netif_set_up)
    pbuf_alloc                               0x08006a91   Thumb Code   460  pbuf.o(i.pbuf_alloc)
    pbuf_alloced_custom                      0x08006ded   Thumb Code   100  pbuf.o(i.pbuf_alloced_custom)
    pbuf_cat                                 0x08006ec5   Thumb Code    96  pbuf.o(i.pbuf_cat)
    pbuf_chain                               0x08006fed   Thumb Code    18  pbuf.o(i.pbuf_chain)
    pbuf_clen                                0x08006fff   Thumb Code    18  pbuf.o(i.pbuf_clen)
    pbuf_copy                                0x08007011   Thumb Code   240  pbuf.o(i.pbuf_copy)
    pbuf_copy_partial                        0x080071f1   Thumb Code   126  pbuf.o(i.pbuf_copy_partial)
    pbuf_free                                0x08007305   Thumb Code   186  pbuf.o(i.pbuf_free)
    pbuf_header                              0x08007471   Thumb Code   138  pbuf.o(i.pbuf_header)
    pbuf_realloc                             0x08007589   Thumb Code   186  pbuf.o(i.pbuf_realloc)
    pbuf_ref                                 0x08007711   Thumb Code    26  pbuf.o(i.pbuf_ref)
    pvPortMalloc                             0x080082d5   Thumb Code   214  heap_4.o(i.pvPortMalloc)
    pvTaskIncrementMutexHeldCount            0x080083e9   Thumb Code    18  tasks.o(i.pvTaskIncrementMutexHeldCount)
    pxPortInitialiseStack                    0x08008401   Thumb Code    40  port.o(i.pxPortInitialiseStack)
    raw_connect                              0x0800842d   Thumb Code    10  raw.o(i.raw_connect)
    raw_input                                0x08008439   Thumb Code   104  raw.o(i.raw_input)
    raw_new                                  0x080084ad   Thumb Code    38  raw.o(i.raw_new)
    raw_recv                                 0x080084d9   Thumb Code     6  raw.o(i.raw_recv)
    raw_remove                               0x080084e1   Thumb Code    40  raw.o(i.raw_remove)
    start_task                               0x08008945   Thumb Code    54  main.o(i.start_task)
    sys_arch_mbox_fetch                      0x08008991   Thumb Code   162  sys_arch.o(i.sys_arch_mbox_fetch)
    sys_arch_mbox_tryfetch                   0x08008a39   Thumb Code    42  sys_arch.o(i.sys_arch_mbox_tryfetch)
    sys_arch_sem_wait                        0x08008a69   Thumb Code   118  sys_arch.o(i.sys_arch_sem_wait)
    sys_init                                 0x08008adf   Thumb Code     2  sys_arch.o(i.sys_init)
    sys_mbox_free                            0x08008ae1   Thumb Code    16  sys_arch.o(i.sys_mbox_free)
    sys_mbox_new                             0x08008af1   Thumb Code    52  sys_arch.o(i.sys_mbox_new)
    sys_mbox_post                            0x08008b75   Thumb Code    88  sys_arch.o(i.sys_mbox_post)
    sys_mbox_set_invalid                     0x08008bd5   Thumb Code     6  sys_arch.o(i.sys_mbox_set_invalid)
    sys_mbox_trypost                         0x08008bdd   Thumb Code    88  sys_arch.o(i.sys_mbox_trypost)
    sys_mbox_valid                           0x08008c3d   Thumb Code    10  sys_arch.o(i.sys_mbox_valid)
    sys_sem_free                             0x08008c47   Thumb Code    16  sys_arch.o(i.sys_sem_free)
    sys_sem_new                              0x08008c57   Thumb Code    24  sys_arch.o(i.sys_sem_new)
    sys_sem_set_invalid                      0x08008c6f   Thumb Code     6  sys_arch.o(i.sys_sem_set_invalid)
    sys_sem_signal                           0x08008c75   Thumb Code    22  sys_arch.o(i.sys_sem_signal)
    sys_sem_valid                            0x08008c8b   Thumb Code    10  sys_arch.o(i.sys_sem_valid)
    sys_thread_new                           0x08008c95   Thumb Code    44  sys_arch.o(i.sys_thread_new)
    sys_timeout                              0x08008cc5   Thumb Code   104  timers_1.o(i.sys_timeout)
    sys_timeouts_init                        0x08008dc5   Thumb Code    42  timers_1.o(i.sys_timeouts_init)
    sys_timeouts_mbox_fetch                  0x08008dfd   Thumb Code    96  timers_1.o(i.sys_timeouts_mbox_fetch)
    sys_untimeout                            0x08008e61   Thumb Code    68  timers_1.o(i.sys_untimeout)
    task1_task                               0x08008ea9   Thumb Code    30  main.o(i.task1_task)
    tcp_abandon                              0x08008ecd   Thumb Code   158  tcp.o(i.tcp_abandon)
    tcp_abort                                0x08008ff5   Thumb Code     6  tcp.o(i.tcp_abort)
    tcp_accept                               0x08008ffb   Thumb Code     4  tcp.o(i.tcp_accept)
    tcp_alloc                                0x08009001   Thumb Code   236  tcp.o(i.tcp_alloc)
    tcp_arg                                  0x080090f9   Thumb Code     4  tcp.o(i.tcp_arg)
    tcp_client_init                          0x080090fd   Thumb Code    34  tcp_client_demo.o(i.tcp_client_init)
    tcp_client_thread                        0x0800913d   Thumb Code   308  tcp_client_demo.o(i.tcp_client_thread)
    tcp_close                                0x080092d9   Thumb Code    20  tcp.o(i.tcp_close)
    tcp_connect                              0x08009491   Thumb Code   262  tcp.o(i.tcp_connect)
    tcp_eff_send_mss                         0x080096b9   Thumb Code    32  tcp.o(i.tcp_eff_send_mss)
    tcp_enqueue_flags                        0x080096d9   Thumb Code   286  tcp_out.o(i.tcp_enqueue_flags)
    tcp_err                                  0x080098f9   Thumb Code    32  tcp.o(i.tcp_err)
    tcp_fasttmr                              0x08009991   Thumb Code    88  tcp.o(i.tcp_fasttmr)
    tcp_init                                 0x080099ed   Thumb Code     2  tcp.o(i.tcp_init)
    tcp_input                                0x080099f1   Thumb Code   890  tcp_in.o(i.tcp_input)
    tcp_keepalive                            0x08009efd   Thumb Code    60  tcp_out.o(i.tcp_keepalive)
    tcp_new                                  0x0800a01d   Thumb Code     6  tcp.o(i.tcp_new)
    tcp_next_iss                             0x0800a081   Thumb Code    12  tcp.o(i.tcp_next_iss)
    tcp_output                               0x0800a091   Thumb Code   434  tcp_out.o(i.tcp_output)
    tcp_pcb_purge                            0x0800a5e1   Thumb Code    58  tcp.o(i.tcp_pcb_purge)
    tcp_pcb_remove                           0x0800a61d   Thumb Code   126  tcp.o(i.tcp_pcb_remove)
    tcp_poll                                 0x0800a725   Thumb Code    38  tcp.o(i.tcp_poll)
    tcp_process_refused_data                 0x0800abdd   Thumb Code   100  tcp.o(i.tcp_process_refused_data)
    tcp_recv                                 0x0800b2dd   Thumb Code    30  tcp.o(i.tcp_recv)
    tcp_recv_null                            0x0800b375   Thumb Code    36  tcp.o(i.tcp_recv_null)
    tcp_recved                               0x0800b399   Thumb Code   104  tcp.o(i.tcp_recved)
    tcp_rexmit                               0x0800b49d   Thumb Code    82  tcp_out.o(i.tcp_rexmit)
    tcp_rexmit_fast                          0x0800b4ef   Thumb Code    88  tcp_out.o(i.tcp_rexmit_fast)
    tcp_rexmit_rto                           0x0800b547   Thumb Code    46  tcp_out.o(i.tcp_rexmit_rto)
    tcp_rst                                  0x0800b575   Thumb Code   138  tcp_out.o(i.tcp_rst)
    tcp_seg_free                             0x0800b685   Thumb Code    28  tcp.o(i.tcp_seg_free)
    tcp_segs_free                            0x0800b6a1   Thumb Code    18  tcp.o(i.tcp_segs_free)
    tcp_send_empty_ack                       0x0800b6b3   Thumb Code    72  tcp_out.o(i.tcp_send_empty_ack)
    tcp_send_fin                             0x0800b6fb   Thumb Code    70  tcp_out.o(i.tcp_send_fin)
    tcp_sent                                 0x0800b741   Thumb Code    30  tcp.o(i.tcp_sent)
    tcp_shutdown                             0x0800b7d9   Thumb Code    78  tcp.o(i.tcp_shutdown)
    tcp_slowtmr                              0x0800b829   Thumb Code   754  tcp.o(i.tcp_slowtmr)
    tcp_timer_needed                         0x0800bcdd   Thumb Code    36  timers_1.o(i.tcp_timer_needed)
    tcp_tmr                                  0x0800bd7d   Thumb Code    28  tcp.o(i.tcp_tmr)
    tcp_update_rcv_ann_wnd                   0x0800bd9d   Thumb Code    76  tcp.o(i.tcp_update_rcv_ann_wnd)
    tcp_write                                0x0800be55   Thumb Code  1528  tcp_out.o(i.tcp_write)
    tcp_zero_window_probe                    0x0800c581   Thumb Code   146  tcp_out.o(i.tcp_zero_window_probe)
    tcpip_apimsg                             0x0800c615   Thumb Code    58  tcpip.o(i.tcpip_apimsg)
    tcpip_init                               0x0800c655   Thumb Code    62  tcpip.o(i.tcpip_init)
    tcpip_input                              0x0800c721   Thumb Code    70  tcpip.o(i.tcpip_input)
    uart_init                                0x0800c8a5   Thumb Code   164  usart.o(i.uart_init)
    udp_bind                                 0x0800c951   Thumb Code   192  udp.o(i.udp_bind)
    udp_connect                              0x0800ca71   Thumb Code    70  udp.o(i.udp_connect)
    udp_init                                 0x0800cabd   Thumb Code     2  udp.o(i.udp_init)
    udp_input                                0x0800cac1   Thumb Code   328  udp.o(i.udp_input)
    udp_new                                  0x0800cc8d   Thumb Code    26  udp.o(i.udp_new)
    udp_recv                                 0x0800cca7   Thumb Code     6  udp.o(i.udp_recv)
    udp_remove                               0x0800ccad   Thumb Code    40  udp.o(i.udp_remove)
    udp_sendto                               0x0800ccd9   Thumb Code    40  udp.o(i.udp_sendto)
    udp_sendto_if                            0x0800cd01   Thumb Code   202  udp.o(i.udp_sendto_if)
    uxListRemove                             0x0800ce4d   Thumb Code    36  list.o(i.uxListRemove)
    vApplicationIdleHook                     0x0800ce71   Thumb Code    34  main.o(i.vApplicationIdleHook)
    vListInitialise                          0x0800ce93   Thumb Code    22  list.o(i.vListInitialise)
    vListInitialiseItem                      0x0800cea9   Thumb Code     6  list.o(i.vListInitialiseItem)
    vListInsert                              0x0800ceaf   Thumb Code    48  list.o(i.vListInsert)
    vListInsertEnd                           0x0800cedf   Thumb Code    24  list.o(i.vListInsertEnd)
    vPortEnterCritical                       0x0800cef9   Thumb Code    50  port.o(i.vPortEnterCritical)
    vPortExitCritical                        0x0800cf71   Thumb Code    34  port.o(i.vPortExitCritical)
    vPortFree                                0x0800cfd5   Thumb Code    94  heap_4.o(i.vPortFree)
    vPortSetupTimerInterrupt                 0x0800d071   Thumb Code    26  port.o(i.vPortSetupTimerInterrupt)
    vPortValidateInterruptPriority           0x0800d091   Thumb Code    70  port.o(i.vPortValidateInterruptPriority)
    vQueueAddToRegistry                      0x0800d11d   Thumb Code    32  queue.o(i.vQueueAddToRegistry)
    vQueueDelete                             0x0800d141   Thumb Code    34  queue.o(i.vQueueDelete)
    vQueueUnregisterQueue                    0x0800d189   Thumb Code    36  queue.o(i.vQueueUnregisterQueue)
    vQueueWaitForMessageRestricted           0x0800d1b1   Thumb Code    68  queue.o(i.vQueueWaitForMessageRestricted)
    vTaskDelay                               0x0800d1f5   Thumb Code    62  tasks.o(i.vTaskDelay)
    vTaskDelete                              0x0800d261   Thumb Code   152  tasks.o(i.vTaskDelete)
    vTaskMissedYield                         0x0800d32d   Thumb Code     8  tasks.o(i.vTaskMissedYield)
    vTaskPlaceOnEventList                    0x0800d339   Thumb Code    44  tasks.o(i.vTaskPlaceOnEventList)
    vTaskPlaceOnEventListRestricted          0x0800d38d   Thumb Code    52  tasks.o(i.vTaskPlaceOnEventListRestricted)
    vTaskPriorityInherit                     0x0800d3e9   Thumb Code   124  tasks.o(i.vTaskPriorityInherit)
    vTaskSetTimeOutState                     0x0800d46d   Thumb Code    30  tasks.o(i.vTaskSetTimeOutState)
    vTaskStartScheduler                      0x0800d4b5   Thumb Code   100  tasks.o(i.vTaskStartScheduler)
    vTaskSuspendAll                          0x0800d54d   Thumb Code    10  tasks.o(i.vTaskSuspendAll)
    vTaskSwitchContext                       0x0800d55d   Thumb Code   106  tasks.o(i.vTaskSwitchContext)
    xPortStartScheduler                      0x0800d5f9   Thumb Code   196  port.o(i.xPortStartScheduler)
    xPortSysTickHandler                      0x0800d70d   Thumb Code    38  port.o(i.xPortSysTickHandler)
    xQueueCreateCountingSemaphore            0x0800d739   Thumb Code    54  queue.o(i.xQueueCreateCountingSemaphore)
    xQueueGenericCreate                      0x0800d795   Thumb Code    82  queue.o(i.xQueueGenericCreate)
    xQueueGenericReceive                     0x0800d80d   Thumb Code   348  queue.o(i.xQueueGenericReceive)
    xQueueGenericReset                       0x0800d991   Thumb Code   128  queue.o(i.xQueueGenericReset)
    xQueueGenericSend                        0x0800da39   Thumb Code   350  queue.o(i.xQueueGenericSend)
    xQueueGenericSendFromISR                 0x0800dbc1   Thumb Code   188  queue.o(i.xQueueGenericSendFromISR)
    xQueueGiveFromISR                        0x0800dca1   Thumb Code   162  queue.o(i.xQueueGiveFromISR)
    xTaskCheckForTimeOut                     0x0800dd69   Thumb Code    94  tasks.o(i.xTaskCheckForTimeOut)
    xTaskCreate                              0x0800ddf1   Thumb Code    86  tasks.o(i.xTaskCreate)
    xTaskGetSchedulerState                   0x0800de49   Thumb Code    22  tasks.o(i.xTaskGetSchedulerState)
    xTaskGetTickCount                        0x0800de65   Thumb Code     6  tasks.o(i.xTaskGetTickCount)
    xTaskIncrementTick                       0x0800de71   Thumb Code   188  tasks.o(i.xTaskIncrementTick)
    xTaskPriorityDisinherit                  0x0800df59   Thumb Code   136  tasks.o(i.xTaskPriorityDisinherit)
    xTaskRemoveFromEventList                 0x0800e00d   Thumb Code   102  tasks.o(i.xTaskRemoveFromEventList)
    xTaskResumeAll                           0x0800e0a5   Thumb Code   180  tasks.o(i.xTaskResumeAll)
    xTimerCreate                             0x0800e189   Thumb Code    74  timers.o(i.xTimerCreate)
    xTimerCreateTimerTask                    0x0800e1fd   Thumb Code    58  timers.o(i.xTimerCreateTimerTask)
    xTimerGenericCommand                     0x0800e271   Thumb Code    98  timers.o(i.xTimerGenericCommand)
    _fp_init                                 0x0800e301   Thumb Code    10  fpinit.o(x$fpl$fpinit)
    __fplib_config_fpu_vfp                   0x0800e309   Thumb Code     0  fpinit.o(x$fpl$fpinit)
    __fplib_config_pureend_doubles           0x0800e309   Thumb Code     0  fpinit.o(x$fpl$fpinit)
    memtblsize                               0x0800e30c   Data          12  malloc.o(.constdata)
    memblksize                               0x0800e318   Data          12  malloc.o(.constdata)
    memsize                                  0x0800e324   Data          12  malloc.o(.constdata)
    tcp_persist_backoff                      0x0800e36c   Data           7  tcp.o(.constdata)
    tcp_state_str                            0x0800e374   Data          44  tcp.o(.constdata)
    tcp_backoff                              0x0800e3a0   Data          13  tcp.o(.constdata)
    tcp_pcb_lists                            0x0800e3b0   Data          16  tcp.o(.constdata)
    ip_addr_any                              0x0800e3c0   Data           4  ip_addr.o(.constdata)
    ethbroadcast                             0x0800e3c4   Data           6  etharp.o(.constdata)
    ethzero                                  0x0800e3ca   Data           6  etharp.o(.constdata)
    NullMessage                              0x0800e3d0   Data           4  sys_arch.o(.constdata)
    Region$$Table$$Base                      0x0800e51c   Number         0  anon$$obj.o(Region$$Table)
    Region$$Table$$Limit                     0x0800e53c   Number         0  anon$$obj.o(Region$$Table)
    mem3base                                 0x10000000   Data       61440  malloc.o(.ARM.__AT_0x10000000)
    mem3mapbase                              0x1000f000   Data        3840  malloc.o(.ARM.__AT_0x1000F000)
    StartTask_Handler                        0x20000000   Data           4  main.o(.data)
    Task1Task_Handler                        0x20000004   Data           4  main.o(.data)
    BinarySemaphore                          0x20000008   Data           4  main.o(.data)
    SystemCoreClock                          0x2000000c   Data           4  system_stm32f4xx.o(.data)
    AHBPrescTable                            0x20000010   Data          16  system_stm32f4xx.o(.data)
    FreeRTOSRunTimeTicks                     0x20000020   Data           8  timer.o(.data)
    DMARxDscrTab                             0x20000028   Data           4  dp83848.o(.data)
    DMATxDscrTab                             0x2000002c   Data           4  dp83848.o(.data)
    Rx_Buff                                  0x20000030   Data           4  dp83848.o(.data)
    Tx_Buff                                  0x20000034   Data           4  dp83848.o(.data)
    USART_RX_STA                             0x2000003c   Data           2  usart.o(.data)
    __stdout                                 0x20000040   Data           4  usart.o(.data)
    DMATxDescToSet                           0x20000054   Data           4  stm32f4x7_eth.o(.data)
    DMARxDescToGet                           0x20000058   Data           4  stm32f4x7_eth.o(.data)
    DMA_RX_FRAME_infos                       0x2000005c   Data           4  stm32f4x7_eth.o(.data)
    mallco_dev                               0x20000060   Data          36  malloc.o(.data)
    pxCurrentTCB                             0x20000084   Data           4  tasks.o(.data)
    tcp_client_flag                          0x20000100   Data           1  tcp_client_demo.o(.data)
    tcp_client_sendbuf                       0x20000108   Data           4  tcp_client_demo.o(.data)
    tcp_clientconn                           0x20000114   Data           4  tcp_client_demo.o(.data)
    TCPTask_Handler                          0x20000118   Data           4  tcp_client_demo.o(.data)
    ram_heap                                 0x2000013c   Data           4  mem.o(.data)
    memp_memory                              0x20000150   Data           4  memp.o(.data)
    netif_list                               0x20000158   Data           4  netif.o(.data)
    netif_default                            0x2000015c   Data           4  netif.o(.data)
    tcp_active_pcbs_changed                  0x20000164   Data           1  tcp.o(.data)
    tcp_ticks                                0x20000170   Data           4  tcp.o(.data)
    tcp_bound_pcbs                           0x20000174   Data           4  tcp.o(.data)
    tcp_listen_pcbs                          0x20000178   Data           4  tcp.o(.data)
    tcp_active_pcbs                          0x2000017c   Data           4  tcp.o(.data)
    tcp_tw_pcbs                              0x20000180   Data           4  tcp.o(.data)
    tcp_tmp_pcb                              0x20000184   Data           4  tcp.o(.data)
    tcp_input_pcb                            0x200001a0   Data           4  tcp_in.o(.data)
    udp_pcbs                                 0x200001b0   Data           4  udp.o(.data)
    current_netif                            0x200001b8   Data           4  ip.o(.data)
    current_header                           0x200001bc   Data           4  ip.o(.data)
    current_iphdr_src                        0x200001c0   Data           4  ip.o(.data)
    current_iphdr_dest                       0x200001c4   Data           4  ip.o(.data)
    LWIP_ThreadHandler                       0x200001d4   Data           4  sys_arch.o(.data)
    USART_RX_BUF                             0x200001d8   Data         200  usart.o(.bss)
    RX_Frame_Descriptor                      0x200002a0   Data          12  stm32f4x7_eth.o(.bss)
    mem1base                                 0x200002c0   Data       61440  malloc.o(.bss)
    mem1mapbase                              0x2000f2c0   Data        3840  malloc.o(.bss)
    xQueueRegistry                           0x200101c0   Data          64  queue.o(.bss)
    lwipdev                                  0x2001550c   Data          23  lwip_comm.o(.bss)
    lwip_netif                               0x20015524   Data          48  lwip_comm.o(.bss)
    tcp_client_recvbuf                       0x20015554   Data        2000  tcp_client_demo.o(.bss)
    __libspace_start                         0x200164a0   Data          96  libspace.o(.bss)
    __temporary_stack_top$libspace           0x20016500   Data           0  libspace.o(.bss)
    mem2base                                 0x68000000   Data       983040  malloc.o(.ARM.__AT_0x68000000)
    mem2mapbase                              0x680f0000   Data       61440  malloc.o(.ARM.__AT_0x680F0000)



==============================================================================

Memory Map of the image

  Image Entry point : 0x08000189

  Load Region LR_IROM1 (Base: 0x08000000, Size: 0x0000e714, Max: 0x00080000, ABSOLUTE, COMPRESSED[0x0000e584])

    Execution Region ER_IROM1 (Base: 0x08000000, Size: 0x0000e53c, Max: 0x00080000, ABSOLUTE)

    Base Addr    Size         Type   Attr      Idx    E Section Name        Object

    0x08000000   0x00000188   Data   RO         1052    RESET               startup_stm32f40_41xxx.o
    0x08000188   0x00000008   Code   RO         6823  * !!!main             c_w.l(__main.o)
    0x08000190   0x00000034   Code   RO         7036    !!!scatter          c_w.l(__scatter.o)
    0x080001c4   0x0000005a   Code   RO         7034    !!dczerorl2         c_w.l(__dczerorl2.o)
    0x0800021e   0x00000002   PAD
    0x08000220   0x0000001c   Code   RO         7038    !!handler_zi        c_w.l(__scatter_zi.o)
    0x0800023c   0x00000000   Code   RO         6802    .ARM.Collect$$_printf_percent$$00000000  c_w.l(_printf_percent.o)
    0x0800023c   0x00000006   Code   RO         6800    .ARM.Collect$$_printf_percent$$00000009  c_w.l(_printf_d.o)
    0x08000242   0x00000006   Code   RO         6798    .ARM.Collect$$_printf_percent$$00000014  c_w.l(_printf_s.o)
    0x08000248   0x00000004   Code   RO         6855    .ARM.Collect$$_printf_percent$$00000017  c_w.l(_printf_percent_end.o)
    0x0800024c   0x00000002   Code   RO         6912    .ARM.Collect$$libinit$$00000000  c_w.l(libinit.o)
    0x0800024e   0x00000004   Code   RO         6915    .ARM.Collect$$libinit$$00000001  c_w.l(libinit2.o)
    0x08000252   0x00000000   Code   RO         6918    .ARM.Collect$$libinit$$00000004  c_w.l(libinit2.o)
    0x08000252   0x00000000   Code   RO         6921    .ARM.Collect$$libinit$$0000000A  c_w.l(libinit2.o)
    0x08000252   0x00000000   Code   RO         6923    .ARM.Collect$$libinit$$0000000C  c_w.l(libinit2.o)
    0x08000252   0x00000000   Code   RO         6925    .ARM.Collect$$libinit$$0000000E  c_w.l(libinit2.o)
    0x08000252   0x00000000   Code   RO         6928    .ARM.Collect$$libinit$$00000011  c_w.l(libinit2.o)
    0x08000252   0x00000000   Code   RO         6930    .ARM.Collect$$libinit$$00000013  c_w.l(libinit2.o)
    0x08000252   0x00000000   Code   RO         6932    .ARM.Collect$$libinit$$00000015  c_w.l(libinit2.o)
    0x08000252   0x00000000   Code   RO         6934    .ARM.Collect$$libinit$$00000017  c_w.l(libinit2.o)
    0x08000252   0x00000000   Code   RO         6936    .ARM.Collect$$libinit$$00000019  c_w.l(libinit2.o)
    0x08000252   0x00000000   Code   RO         6938    .ARM.Collect$$libinit$$0000001B  c_w.l(libinit2.o)
    0x08000252   0x00000000   Code   RO         6940    .ARM.Collect$$libinit$$0000001D  c_w.l(libinit2.o)
    0x08000252   0x00000000   Code   RO         6942    .ARM.Collect$$libinit$$0000001F  c_w.l(libinit2.o)
    0x08000252   0x00000000   Code   RO         6944    .ARM.Collect$$libinit$$00000021  c_w.l(libinit2.o)
    0x08000252   0x00000000   Code   RO         6946    .ARM.Collect$$libinit$$00000023  c_w.l(libinit2.o)
    0x08000252   0x00000000   Code   RO         6948    .ARM.Collect$$libinit$$00000025  c_w.l(libinit2.o)
    0x08000252   0x00000000   Code   RO         6952    .ARM.Collect$$libinit$$0000002C  c_w.l(libinit2.o)
    0x08000252   0x00000000   Code   RO         6954    .ARM.Collect$$libinit$$0000002E  c_w.l(libinit2.o)
    0x08000252   0x00000000   Code   RO         6956    .ARM.Collect$$libinit$$00000030  c_w.l(libinit2.o)
    0x08000252   0x00000000   Code   RO         6958    .ARM.Collect$$libinit$$00000032  c_w.l(libinit2.o)
    0x08000252   0x00000002   Code   RO         6959    .ARM.Collect$$libinit$$00000033  c_w.l(libinit2.o)
    0x08000254   0x00000002   Code   RO         6977    .ARM.Collect$$libshutdown$$00000000  c_w.l(libshutdown.o)
    0x08000256   0x00000000   Code   RO         6988    .ARM.Collect$$libshutdown$$00000003  c_w.l(libshutdown2.o)
    0x08000256   0x00000000   Code   RO         6991    .ARM.Collect$$libshutdown$$00000006  c_w.l(libshutdown2.o)
    0x08000256   0x00000000   Code   RO         6994    .ARM.Collect$$libshutdown$$00000009  c_w.l(libshutdown2.o)
    0x08000256   0x00000000   Code   RO         6996    .ARM.Collect$$libshutdown$$0000000B  c_w.l(libshutdown2.o)
    0x08000256   0x00000000   Code   RO         6999    .ARM.Collect$$libshutdown$$0000000E  c_w.l(libshutdown2.o)
    0x08000256   0x00000002   Code   RO         7000    .ARM.Collect$$libshutdown$$0000000F  c_w.l(libshutdown2.o)
    0x08000258   0x00000000   Code   RO         6839    .ARM.Collect$$rtentry$$00000000  c_w.l(__rtentry.o)
    0x08000258   0x00000000   Code   RO         6869    .ARM.Collect$$rtentry$$00000002  c_w.l(__rtentry2.o)
    0x08000258   0x00000006   Code   RO         6881    .ARM.Collect$$rtentry$$00000004  c_w.l(__rtentry4.o)
    0x0800025e   0x00000000   Code   RO         6871    .ARM.Collect$$rtentry$$00000009  c_w.l(__rtentry2.o)
    0x0800025e   0x00000004   Code   RO         6872    .ARM.Collect$$rtentry$$0000000A  c_w.l(__rtentry2.o)
    0x08000262   0x00000000   Code   RO         6874    .ARM.Collect$$rtentry$$0000000C  c_w.l(__rtentry2.o)
    0x08000262   0x00000008   Code   RO         6875    .ARM.Collect$$rtentry$$0000000D  c_w.l(__rtentry2.o)
    0x0800026a   0x00000002   Code   RO         6913    .ARM.Collect$$rtexit$$00000000  c_w.l(rtexit.o)
    0x0800026c   0x00000000   Code   RO         6961    .ARM.Collect$$rtexit$$00000002  c_w.l(rtexit2.o)
    0x0800026c   0x00000004   Code   RO         6962    .ARM.Collect$$rtexit$$00000003  c_w.l(rtexit2.o)
    0x08000270   0x00000006   Code   RO         6963    .ARM.Collect$$rtexit$$00000004  c_w.l(rtexit2.o)
    0x08000276   0x00000002   PAD
    0x08000278   0x000000b6   Code   RO         3959    .emb_text           port.o
    0x0800032e   0x00000002   PAD
    0x08000330   0x00000040   Code   RO         1053    .text               startup_stm32f40_41xxx.o
    0x08000370   0x00000002   Code   RO         6740    .text               c_w.l(use_no_semi_2.o)
    0x08000372   0x00000002   PAD
    0x08000374   0x00000018   Code   RO         6746    .text               c_w.l(noretval__2printf.o)
    0x0800038c   0x00000068   Code   RO         6750    .text               c_w.l(__printf.o)
    0x080003f4   0x00000052   Code   RO         6752    .text               c_w.l(_printf_str.o)
    0x08000446   0x00000002   PAD
    0x08000448   0x00000078   Code   RO         6754    .text               c_w.l(_printf_dec.o)
    0x080004c0   0x00000058   Code   RO         6805    .text               c_w.l(memcmp.o)
    0x08000518   0x0000003e   Code   RO         6809    .text               c_w.l(strlen.o)
    0x08000556   0x0000008a   Code   RO         6811    .text               c_w.l(rt_memcpy_v6.o)
    0x080005e0   0x00000010   Code   RO         6813    .text               c_w.l(aeabi_memset.o)
    0x080005f0   0x00000044   Code   RO         6815    .text               c_w.l(rt_memclr.o)
    0x08000634   0x0000004e   Code   RO         6817    .text               c_w.l(rt_memclr_w.o)
    0x08000682   0x00000006   Code   RO         6821    .text               c_w.l(heapauxi.o)
    0x08000688   0x00000002   Code   RO         6837    .text               c_w.l(use_no_semi.o)
    0x0800068a   0x000000b2   Code   RO         6845    .text               c_w.l(_printf_intcommon.o)
    0x0800073c   0x00000030   Code   RO         6847    .text               c_w.l(_printf_char_common.o)
    0x0800076c   0x0000002c   Code   RO         6851    .text               c_w.l(_printf_char.o)
    0x08000798   0x00000024   Code   RO         6853    .text               c_w.l(_printf_char_file.o)
    0x080007bc   0x00000064   Code   RO         6858    .text               c_w.l(rt_memcpy_w.o)
    0x08000820   0x00000008   Code   RO         6865    .text               c_w.l(libspace.o)
    0x08000828   0x00000008   Code   RO         6889    .text               c_w.l(ferror.o)
    0x08000830   0x0000004a   Code   RO         6893    .text               c_w.l(sys_stackheap_outer.o)
    0x0800087a   0x0000000c   Code   RO         6905    .text               c_w.l(exit.o)
    0x08000886   0x0000003e   Code   RO            3    i.AfterExitSleep    main.o
    0x080008c4   0x00000040   Code   RO          783    i.BEEP_Init         beep.o
    0x08000904   0x0000003e   Code   RO            4    i.BeforeEnterSleep  main.o
    0x08000942   0x00000002   Code   RO          366    i.BusFault_Handler  stm32f4xx_it.o
    0x08000944   0x00000014   Code   RO          502    i.ConfigureTimeForRunTimeStats  timer.o
    0x08000958   0x000000e8   Code   RO          850    i.DP83848_Init      dp83848.o
    0x08000a40   0x00000002   Code   RO          367    i.DebugMon_Handler  stm32f4xx_it.o
    0x08000a42   0x00000002   PAD
    0x08000a44   0x0000000c   Code   RO         2460    i.ETH_DMAClearITPendingBit  stm32f4x7_eth.o
    0x08000a50   0x00000018   Code   RO         2461    i.ETH_DMAITConfig   stm32f4x7_eth.o
    0x08000a68   0x0000001c   Code   RO         2462    i.ETH_DMAReceptionCmd  stm32f4x7_eth.o
    0x08000a84   0x00000058   Code   RO         2463    i.ETH_DMARxDescChainInit  stm32f4x7_eth.o
    0x08000adc   0x0000001c   Code   RO         2465    i.ETH_DMATransmissionCmd  stm32f4x7_eth.o
    0x08000af8   0x00000048   Code   RO         2468    i.ETH_DMATxDescChainInit  stm32f4x7_eth.o
    0x08000b40   0x00000008   Code   RO         2469    i.ETH_DMATxDescChecksumInsertionConfig  stm32f4x7_eth.o
    0x08000b48   0x00000018   Code   RO         2474    i.ETH_DeInit        stm32f4x7_eth.o
    0x08000b60   0x00000012   Code   RO         2475    i.ETH_Delay         stm32f4x7_eth.o
    0x08000b72   0x00000002   PAD
    0x08000b74   0x00000024   Code   RO         2477    i.ETH_FlushTransmitFIFO  stm32f4x7_eth.o
    0x08000b98   0x0000000c   Code   RO          851    i.ETH_GetCurrentTxBuffer  dp83848.o
    0x08000ba4   0x0000001e   Code   RO         2502    i.ETH_GetRxPktSize  stm32f4x7_eth.o
    0x08000bc2   0x00000002   PAD
    0x08000bc4   0x00000014   Code   RO         2503    i.ETH_GetSoftwareResetStatus  stm32f4x7_eth.o
    0x08000bd8   0x0000002c   Code   RO          852    i.ETH_IRQHandler    dp83848.o
    0x08000c04   0x000002a4   Code   RO         2508    i.ETH_Init          stm32f4x7_eth.o
    0x08000ea8   0x0000001c   Code   RO         2510    i.ETH_MACAddressConfig  stm32f4x7_eth.o
    0x08000ec4   0x00000084   Code   RO          853    i.ETH_MACDMA_Config  dp83848.o
    0x08000f48   0x00000030   Code   RO         2515    i.ETH_MACReceptionCmd  stm32f4x7_eth.o
    0x08000f78   0x00000030   Code   RO         2516    i.ETH_MACTransmissionCmd  stm32f4x7_eth.o
    0x08000fa8   0x0000002c   Code   RO          854    i.ETH_Mem_Free      dp83848.o
    0x08000fd4   0x00000050   Code   RO          855    i.ETH_Mem_Malloc    dp83848.o
    0x08001024   0x00000058   Code   RO         2528    i.ETH_ReadPHYRegister  stm32f4x7_eth.o
    0x0800107c   0x00000058   Code   RO          856    i.ETH_Rx_Packet     dp83848.o
    0x080010d4   0x00000010   Code   RO         2536    i.ETH_SoftwareReset  stm32f4x7_eth.o
    0x080010e4   0x00000022   Code   RO         2537    i.ETH_Start         stm32f4x7_eth.o
    0x08001106   0x00000088   Code   RO         2539    i.ETH_StructInit    stm32f4x7_eth.o
    0x0800118e   0x00000002   PAD
    0x08001190   0x00000044   Code   RO          857    i.ETH_Tx_Packet     dp83848.o
    0x080011d4   0x00000054   Code   RO         2541    i.ETH_WritePHYRegister  stm32f4x7_eth.o
    0x08001228   0x0000002c   Code   RO         6587    i.Enter_Critical    sys_arch.o
    0x08001254   0x00000018   Code   RO         6588    i.Exit_Critical     sys_arch.o
    0x0800126c   0x00000078   Code   RO         1104    i.GPIO_Init         stm32f4xx_gpio.o
    0x080012e4   0x00000020   Code   RO         1105    i.GPIO_PinAFConfig  stm32f4xx_gpio.o
    0x08001304   0x00000004   Code   RO         1111    i.GPIO_ResetBits    stm32f4xx_gpio.o
    0x08001308   0x00000004   Code   RO         1112    i.GPIO_SetBits      stm32f4xx_gpio.o
    0x0800130c   0x00000002   Code   RO          368    i.HardFault_Handler  stm32f4xx_it.o
    0x0800130e   0x00000002   PAD
    0x08001310   0x00000044   Code   RO          756    i.KEY_Init          key.o
    0x08001354   0x00000040   Code   RO          482    i.LED_Init          led.o
    0x08001394   0x00000002   Code   RO          369    i.MemManage_Handler  stm32f4xx_it.o
    0x08001396   0x00000002   Code   RO          370    i.NMI_Handler       stm32f4xx_it.o
    0x08001398   0x00000064   Code   RO         1059    i.NVIC_Init         misc.o
    0x080013fc   0x00000014   Code   RO         1060    i.NVIC_PriorityGroupConfig  misc.o
    0x08001410   0x00000018   Code   RO         1201    i.RCC_AHB1PeriphClockCmd  stm32f4xx_rcc.o
    0x08001428   0x00000018   Code   RO         1203    i.RCC_AHB1PeriphResetCmd  stm32f4xx_rcc.o
    0x08001440   0x00000018   Code   RO         1210    i.RCC_APB1PeriphClockCmd  stm32f4xx_rcc.o
    0x08001458   0x00000018   Code   RO         1213    i.RCC_APB2PeriphClockCmd  stm32f4xx_rcc.o
    0x08001470   0x00000094   Code   RO         1222    i.RCC_GetClocksFreq  stm32f4xx_rcc.o
    0x08001504   0x0000000c   Code   RO         1537    i.SYSCFG_ETH_MediaInterfaceConfig  stm32f4xx_syscfg.o
    0x08001510   0x000000b4   Code   RO          445    i.SetSysClock       system_stm32f4xx.o
    0x080015c4   0x00000018   Code   RO         1063    i.SysTick_CLKSourceConfig  misc.o
    0x080015dc   0x00000014   Code   RO          924    i.SysTick_Handler   delay.o
    0x080015f0   0x0000005c   Code   RO          447    i.SystemInit        system_stm32f4xx.o
    0x0800164c   0x00000034   Code   RO          503    i.TIM3_IRQHandler   timer.o
    0x08001680   0x0000005c   Code   RO          504    i.TIM3_Int_Init     timer.o
    0x080016dc   0x00000006   Code   RO         1788    i.TIM_ClearITPendingBit  stm32f4xx_tim.o
    0x080016e2   0x00000014   Code   RO         1793    i.TIM_Cmd           stm32f4xx_tim.o
    0x080016f6   0x00000018   Code   RO         1814    i.TIM_GetITStatus   stm32f4xx_tim.o
    0x0800170e   0x00000010   Code   RO         1818    i.TIM_ITConfig      stm32f4xx_tim.o
    0x0800171e   0x00000002   PAD
    0x08001720   0x0000007c   Code   RO         1865    i.TIM_TimeBaseInit  stm32f4xx_tim.o
    0x0800179c   0x00000094   Code   RO          998    i.USART1_IRQHandler  usart.o
    0x08001830   0x00000014   Code   RO         1595    i.USART_Cmd         stm32f4xx_usart.o
    0x08001844   0x0000003e   Code   RO         1599    i.USART_GetITStatus  stm32f4xx_usart.o
    0x08001882   0x00000030   Code   RO         1601    i.USART_ITConfig    stm32f4xx_usart.o
    0x080018b2   0x00000002   PAD
    0x080018b4   0x000000ac   Code   RO         1602    i.USART_Init        stm32f4xx_usart.o
    0x08001960   0x00000008   Code   RO         1609    i.USART_ReceiveData  stm32f4xx_usart.o
    0x08001968   0x00000002   Code   RO          371    i.UsageFault_Handler  stm32f4xx_it.o
    0x0800196a   0x00000002   Code   RO          999    i._sys_exit         usart.o
    0x0800196c   0x0000001c   Code   RO         5993    i.arp_timer         timers_1.o
    0x08001988   0x00000038   Code   RO          925    i.delay_init        delay.o
    0x080019c0   0x00000168   Code   RO         5058    i.dns_check_entry   dns.o
    0x08001b28   0x00000060   Code   RO         5062    i.dns_init          dns.o
    0x08001b88   0x00000022   Code   RO         5063    i.dns_parse_name    dns.o
    0x08001baa   0x00000002   PAD
    0x08001bac   0x0000016c   Code   RO         5064    i.dns_recv          dns.o
    0x08001d18   0x000001a4   Code   RO         5065    i.dns_send          dns.o
    0x08001ebc   0x00000024   Code   RO         5066    i.dns_setserver     dns.o
    0x08001ee0   0x0000001c   Code   RO         5994    i.dns_timer         timers_1.o
    0x08001efc   0x00000020   Code   RO         5067    i.dns_tmr           dns.o
    0x08001f1c   0x00000118   Code   RO         4384    i.do_close          api_msg.o
    0x08002034   0x00000260   Code   RO         4385    i.do_close_internal  api_msg.o
    0x08002294   0x00000114   Code   RO         4386    i.do_connect        api_msg.o
    0x080023a8   0x00000150   Code   RO         4387    i.do_connected      api_msg.o
    0x080024f8   0x0000018c   Code   RO         4388    i.do_delconn        api_msg.o
    0x08002684   0x000000f4   Code   RO         4391    i.do_getaddr        api_msg.o
    0x08002778   0x00000020   Code   RO         4394    i.do_newconn        api_msg.o
    0x08002798   0x00000044   Code   RO         4395    i.do_recv           api_msg.o
    0x080027dc   0x000000fc   Code   RO         4397    i.do_write          api_msg.o
    0x080028d8   0x00000294   Code   RO         4398    i.do_writemore      api_msg.o
    0x08002b6c   0x00000174   Code   RO         4399    i.err_tcp           api_msg.o
    0x08002ce0   0x00000154   Code   RO         6440    i.etharp_arp_input  etharp.o
    0x08002e34   0x0000023c   Code   RO         6443    i.etharp_find_entry  etharp.o
    0x08003070   0x0000003c   Code   RO         6444    i.etharp_free_entry  etharp.o
    0x080030ac   0x000001b0   Code   RO         6445    i.etharp_output     etharp.o
    0x0800325c   0x000000dc   Code   RO         6446    i.etharp_output_to_arp_index  etharp.o
    0x08003338   0x000001c4   Code   RO         6447    i.etharp_query      etharp.o
    0x080034fc   0x00000178   Code   RO         6448    i.etharp_raw        etharp.o
    0x08003674   0x00000024   Code   RO         6449    i.etharp_request    etharp.o
    0x08003698   0x000000a0   Code   RO         6450    i.etharp_send_ip    etharp.o
    0x08003738   0x00000048   Code   RO         6451    i.etharp_tmr        etharp.o
    0x08003780   0x00000110   Code   RO         6452    i.etharp_update_arp_entry  etharp.o
    0x08003890   0x00000118   Code   RO         6453    i.ethernet_input    etharp.o
    0x080039a8   0x0000009c   Code   RO         6540    i.ethernetif_init   ethernetif.o
    0x08003a44   0x00000078   Code   RO         6541    i.ethernetif_input  ethernetif.o
    0x08003abc   0x00000014   Code   RO         1000    i.fputc             usart.o
    0x08003ad0   0x00000008   Code   RO         6159    i.icmp_dest_unreach  icmp.o
    0x08003ad8   0x00000280   Code   RO         6160    i.icmp_input        icmp.o
    0x08003d58   0x000000f8   Code   RO         6161    i.icmp_send_response  icmp.o
    0x08003e50   0x00000008   Code   RO         6162    i.icmp_time_exceeded  icmp.o
    0x08003e58   0x0000000c   Code   RO         6224    i.inet_chksum       inet_chksum.o
    0x08003e64   0x00000048   Code   RO         6225    i.inet_chksum_pbuf  inet_chksum.o
    0x08003eac   0x0000002e   Code   RO         6314    i.ip4_addr_isbroadcast  ip_addr.o
    0x08003eda   0x00000002   PAD
    0x08003edc   0x000001f8   Code   RO         6376    i.ip_frag           ip_frag.o
    0x080040d4   0x00000084   Code   RO         6377    i.ip_frag_free_pbuf_custom_ref  ip_frag.o
    0x08004158   0x00000150   Code   RO         6267    i.ip_input          ip.o
    0x080042a8   0x000000a8   Code   RO         6268    i.ip_output         ip.o
    0x08004350   0x00000164   Code   RO         6269    i.ip_output_if      ip.o
    0x080044b4   0x000001a4   Code   RO         6378    i.ip_reass          ip_frag.o
    0x08004658   0x00000274   Code   RO         6379    i.ip_reass_chain_frag_into_datagram_and_validate  ip_frag.o
    0x080048cc   0x000000ac   Code   RO         6380    i.ip_reass_dequeue_datagram  ip_frag.o
    0x08004978   0x00000184   Code   RO         6381    i.ip_reass_free_complete_datagram  ip_frag.o
    0x08004afc   0x00000074   Code   RO         6382    i.ip_reass_remove_oldest_datagram  ip_frag.o
    0x08004b70   0x0000001c   Code   RO         5995    i.ip_reass_timer    timers_1.o
    0x08004b8c   0x0000002c   Code   RO         6383    i.ip_reass_tmr      ip_frag.o
    0x08004bb8   0x00000040   Code   RO         6270    i.ip_route          ip.o
    0x08004bf8   0x00000014   Code   RO         6316    i.ipaddr_addr       ip_addr.o
    0x08004c0c   0x0000016c   Code   RO         6317    i.ipaddr_aton       ip_addr.o
    0x08004d78   0x0000008c   Code   RO         6384    i.ipfrag_free_pbuf_custom  ip_frag.o
    0x08004e04   0x00000094   Code   RO         6542    i.low_level_init    ethernetif.o
    0x08004e98   0x00000034   Code   RO         6543    i.low_level_output  ethernetif.o
    0x08004ecc   0x00000050   Code   RO         4101    i.lwip_comm_default_ip_set  lwip_comm.o
    0x08004f1c   0x00000250   Code   RO         4102    i.lwip_comm_init    lwip_comm.o
    0x0800516c   0x00000024   Code   RO         4103    i.lwip_comm_mem_free  lwip_comm.o
    0x08005190   0x0000003c   Code   RO         4104    i.lwip_comm_mem_malloc  lwip_comm.o
    0x080051cc   0x00000004   Code   RO         5007    i.lwip_htonl        def.o
    0x080051d0   0x00000004   Code   RO         5008    i.lwip_htons        def.o
    0x080051d4   0x0000002a   Code   RO         5134    i.lwip_init         init.o
    0x080051fe   0x00000004   Code   RO         5009    i.lwip_ntohl        def.o
    0x08005202   0x00000004   Code   RO         5010    i.lwip_ntohs        def.o
    0x08005206   0x00000002   PAD
    0x08005208   0x0000000c   Code   RO         4105    i.lwip_pkt_handle   lwip_comm.o
    0x08005214   0x00000002   Code   RO         4741    i.lwip_socket_init  sockets.o
    0x08005216   0x00000056   Code   RO         6228    i.lwip_standard_chksum  inet_chksum.o
    0x0800526c   0x000000e8   Code   RO            7    i.main              main.o
    0x08005354   0x00000130   Code   RO         5196    i.mem_free          mem.o
    0x08005484   0x000000bc   Code   RO         5197    i.mem_init          mem.o
    0x08005540   0x00000214   Code   RO         5198    i.mem_malloc        mem.o
    0x08005754   0x0000019c   Code   RO         5199    i.mem_trim          mem.o
    0x080058f0   0x000000a8   Code   RO         5247    i.memp_free         memp.o
    0x08005998   0x00000006   Code   RO         5248    i.memp_get_memorysize  memp.o
    0x0800599e   0x00000002   PAD
    0x080059a0   0x0000005c   Code   RO         5249    i.memp_init         memp.o
    0x080059fc   0x000000e4   Code   RO         5250    i.memp_malloc       memp.o
    0x08005ae0   0x00000058   Code   RO         2985    i.my_mem_free       malloc.o
    0x08005b38   0x0000003c   Code   RO         2986    i.my_mem_init       malloc.o
    0x08005b74   0x0000008c   Code   RO         2987    i.my_mem_malloc     malloc.o
    0x08005c00   0x00000038   Code   RO         2988    i.my_mem_perused    malloc.o
    0x08005c38   0x00000018   Code   RO         2989    i.myfree            malloc.o
    0x08005c50   0x00000020   Code   RO         2990    i.mymalloc          malloc.o
    0x08005c70   0x0000000c   Code   RO         2992    i.mymemset          malloc.o
    0x08005c7c   0x00000022   Code   RO         4582    i.netbuf_delete     netbuf.o
    0x08005c9e   0x00000002   PAD
    0x08005ca0   0x00000110   Code   RO         4400    i.netconn_alloc     api_msg.o
    0x08005db0   0x00000006   Code   RO         4239    i.netconn_close     api_lib.o
    0x08005db6   0x00000002   PAD
    0x08005db8   0x000000bc   Code   RO         4240    i.netconn_close_shutdown  api_lib.o
    0x08005e74   0x000000c0   Code   RO         4241    i.netconn_connect   api_lib.o
    0x08005f34   0x00000024   Code   RO         4242    i.netconn_delete    api_lib.o
    0x08005f58   0x00000134   Code   RO         4401    i.netconn_drain     api_msg.o
    0x0800608c   0x00000164   Code   RO         4402    i.netconn_free      api_msg.o
    0x080061f0   0x00000118   Code   RO         4244    i.netconn_getaddr   api_lib.o
    0x08006308   0x0000016c   Code   RO         4247    i.netconn_new_with_proto_and_callback  api_lib.o
    0x08006474   0x00000184   Code   RO         4248    i.netconn_recv      api_lib.o
    0x080065f8   0x000001c8   Code   RO         4249    i.netconn_recv_data  api_lib.o
    0x080067c0   0x0000013c   Code   RO         4255    i.netconn_write_partly  api_lib.o
    0x080068fc   0x000000cc   Code   RO         5304    i.netif_add         netif.o
    0x080069c8   0x00000002   Code   RO         5306    i.netif_init        netif.o
    0x080069ca   0x00000020   Code   RO         5308    i.netif_set_addr    netif.o
    0x080069ea   0x00000002   PAD
    0x080069ec   0x0000000c   Code   RO         5309    i.netif_set_default  netif.o
    0x080069f8   0x00000008   Code   RO         5311    i.netif_set_gw      netif.o
    0x08006a00   0x00000068   Code   RO         5312    i.netif_set_ipaddr  netif.o
    0x08006a68   0x00000008   Code   RO         5315    i.netif_set_netmask  netif.o
    0x08006a70   0x00000020   Code   RO         5316    i.netif_set_up      netif.o
    0x08006a90   0x0000035c   Code   RO         5405    i.pbuf_alloc        pbuf.o
    0x08006dec   0x000000d8   Code   RO         5406    i.pbuf_alloced_custom  pbuf.o
    0x08006ec4   0x00000128   Code   RO         5407    i.pbuf_cat          pbuf.o
    0x08006fec   0x00000012   Code   RO         5408    i.pbuf_chain        pbuf.o
    0x08006ffe   0x00000012   Code   RO         5409    i.pbuf_clen         pbuf.o
    0x08007010   0x000001e0   Code   RO         5411    i.pbuf_copy         pbuf.o
    0x080071f0   0x00000114   Code   RO         5412    i.pbuf_copy_partial  pbuf.o
    0x08007304   0x0000016c   Code   RO         5414    i.pbuf_free         pbuf.o
    0x08007470   0x00000118   Code   RO         5416    i.pbuf_header       pbuf.o
    0x08007588   0x00000188   Code   RO         5419    i.pbuf_realloc      pbuf.o
    0x08007710   0x0000001a   Code   RO         5420    i.pbuf_ref          pbuf.o
    0x0800772a   0x00000002   PAD
    0x0800772c   0x00000108   Code   RO         4403    i.pcb_new           api_msg.o
    0x08007834   0x0000016c   Code   RO         5200    i.plug_holes        mem.o
    0x080079a0   0x000000cc   Code   RO         4404    i.poll_tcp          api_msg.o
    0x08007a6c   0x00000070   Code   RO         3467    i.prvAddCurrentTaskToDelayedList  tasks.o
    0x08007adc   0x000000d0   Code   RO         3468    i.prvAddNewTaskToReadyList  tasks.o
    0x08007bac   0x00000050   Code   RO         3831    i.prvCheckForValidListAndQueue  timers.o
    0x08007bfc   0x00000054   Code   RO         3469    i.prvCheckTasksWaitingTermination  tasks.o
    0x08007c50   0x00000026   Code   RO         3241    i.prvCopyDataFromQueue  queue.o
    0x08007c76   0x0000006c   Code   RO         3242    i.prvCopyDataToQueue  queue.o
    0x08007ce2   0x00000014   Code   RO         3470    i.prvDeleteTCB      tasks.o
    0x08007cf6   0x00000002   PAD
    0x08007cf8   0x0000004c   Code   RO         4044    i.prvHeapInit       heap_4.o
    0x08007d44   0x0000002c   Code   RO         3471    i.prvIdleTask       tasks.o
    0x08007d70   0x000000c0   Code   RO         3472    i.prvInitialiseNewTask  tasks.o
    0x08007e30   0x0000004c   Code   RO         4045    i.prvInsertBlockIntoFreeList  heap_4.o
    0x08007e7c   0x00000038   Code   RO         3832    i.prvInsertTimerInActiveList  timers.o
    0x08007eb4   0x0000001a   Code   RO         3243    i.prvIsQueueEmpty   queue.o
    0x08007ece   0x00000002   PAD
    0x08007ed0   0x00000090   Code   RO         3244    i.prvNotifyQueueSetContainer  queue.o
    0x08007f60   0x00000060   Code   RO         3833    i.prvProcessExpiredTimer  timers.o
    0x08007fc0   0x000000f0   Code   RO         3834    i.prvProcessReceivedCommands  timers.o
    0x080080b0   0x0000006c   Code   RO         3835    i.prvProcessTimerOrBlockTask  timers.o
    0x0800811c   0x00000020   Code   RO         3474    i.prvResetNextTaskUnblockTime  tasks.o
    0x0800813c   0x00000028   Code   RO         3836    i.prvSampleTimeNow  timers.o
    0x08008164   0x0000006c   Code   RO         3837    i.prvSwitchTimerLists  timers.o
    0x080081d0   0x00000064   Code   RO         3960    i.prvTaskExitError  port.o
    0x08008234   0x00000028   Code   RO         3838    i.prvTimerTask      timers.o
    0x0800825c   0x00000078   Code   RO         3245    i.prvUnlockQueue    queue.o
    0x080082d4   0x00000114   Code   RO         4046    i.pvPortMalloc      heap_4.o
    0x080083e8   0x00000018   Code   RO         3477    i.pvTaskIncrementMutexHeldCount  tasks.o
    0x08008400   0x0000002c   Code   RO         3961    i.pxPortInitialiseStack  port.o
    0x0800842c   0x0000000a   Code   RO         5530    i.raw_connect       raw.o
    0x08008436   0x00000002   PAD
    0x08008438   0x00000074   Code   RO         5531    i.raw_input         raw.o
    0x080084ac   0x0000002c   Code   RO         5532    i.raw_new           raw.o
    0x080084d8   0x00000006   Code   RO         5533    i.raw_recv          raw.o
    0x080084de   0x00000002   PAD
    0x080084e0   0x0000002c   Code   RO         5534    i.raw_remove        raw.o
    0x0800850c   0x00000078   Code   RO         4405    i.recv_raw          api_msg.o
    0x08008584   0x00000158   Code   RO         4406    i.recv_tcp          api_msg.o
    0x080086dc   0x00000158   Code   RO         4407    i.recv_udp          api_msg.o
    0x08008834   0x000000cc   Code   RO         4408    i.sent_tcp          api_msg.o
    0x08008900   0x00000044   Code   RO         4409    i.setup_tcp         api_msg.o
    0x08008944   0x0000004c   Code   RO            8    i.start_task        main.o
    0x08008990   0x000000a8   Code   RO         6589    i.sys_arch_mbox_fetch  sys_arch.o
    0x08008a38   0x00000030   Code   RO         6590    i.sys_arch_mbox_tryfetch  sys_arch.o
    0x08008a68   0x00000076   Code   RO         6591    i.sys_arch_sem_wait  sys_arch.o
    0x08008ade   0x00000002   Code   RO         6592    i.sys_init          sys_arch.o
    0x08008ae0   0x00000010   Code   RO         6593    i.sys_mbox_free     sys_arch.o
    0x08008af0   0x00000084   Code   RO         6594    i.sys_mbox_new      sys_arch.o
    0x08008b74   0x00000060   Code   RO         6595    i.sys_mbox_post     sys_arch.o
    0x08008bd4   0x00000006   Code   RO         6596    i.sys_mbox_set_invalid  sys_arch.o
    0x08008bda   0x00000002   PAD
    0x08008bdc   0x00000060   Code   RO         6597    i.sys_mbox_trypost  sys_arch.o
    0x08008c3c   0x0000000a   Code   RO         6598    i.sys_mbox_valid    sys_arch.o
    0x08008c46   0x00000010   Code   RO         6600    i.sys_sem_free      sys_arch.o
    0x08008c56   0x00000018   Code   RO         6601    i.sys_sem_new       sys_arch.o
    0x08008c6e   0x00000006   Code   RO         6602    i.sys_sem_set_invalid  sys_arch.o
    0x08008c74   0x00000016   Code   RO         6603    i.sys_sem_signal    sys_arch.o
    0x08008c8a   0x0000000a   Code   RO         6604    i.sys_sem_valid     sys_arch.o
    0x08008c94   0x00000030   Code   RO         6605    i.sys_thread_new    sys_arch.o
    0x08008cc4   0x00000100   Code   RO         5996    i.sys_timeout       timers_1.o
    0x08008dc4   0x00000038   Code   RO         5997    i.sys_timeouts_init  timers_1.o
    0x08008dfc   0x00000064   Code   RO         5998    i.sys_timeouts_mbox_fetch  timers_1.o
    0x08008e60   0x00000048   Code   RO         5999    i.sys_untimeout     timers_1.o
    0x08008ea8   0x00000024   Code   RO            9    i.task1_task        main.o
    0x08008ecc   0x00000128   Code   RO         5607    i.tcp_abandon       tcp.o
    0x08008ff4   0x00000006   Code   RO         5608    i.tcp_abort         tcp.o
    0x08008ffa   0x00000004   Code   RO         5609    i.tcp_accept        tcp.o
    0x08008ffe   0x00000002   PAD
    0x08009000   0x000000f8   Code   RO         5611    i.tcp_alloc         tcp.o
    0x080090f8   0x00000004   Code   RO         5612    i.tcp_arg           tcp.o
    0x080090fc   0x00000040   Code   RO         4177    i.tcp_client_init   tcp_client_demo.o
    0x0800913c   0x0000019c   Code   RO         4178    i.tcp_client_thread  tcp_client_demo.o
    0x080092d8   0x00000014   Code   RO         5614    i.tcp_close         tcp.o
    0x080092ec   0x000001a4   Code   RO         5615    i.tcp_close_shutdown  tcp.o
    0x08009490   0x0000018c   Code   RO         5616    i.tcp_connect       tcp.o
    0x0800961c   0x0000009c   Code   RO         5887    i.tcp_create_segment  tcp_out.o
    0x080096b8   0x00000020   Code   RO         5618    i.tcp_eff_send_mss  tcp.o
    0x080096d8   0x00000220   Code   RO         5888    i.tcp_enqueue_flags  tcp_out.o
    0x080098f8   0x00000098   Code   RO         5619    i.tcp_err           tcp.o
    0x08009990   0x0000005c   Code   RO         5620    i.tcp_fasttmr       tcp.o
    0x080099ec   0x00000002   Code   RO         5621    i.tcp_init          tcp.o
    0x080099ee   0x00000002   PAD
    0x080099f0   0x0000050c   Code   RO         5828    i.tcp_input         tcp_in.o
    0x08009efc   0x0000003c   Code   RO         5889    i.tcp_keepalive     tcp_out.o
    0x08009f38   0x000000e4   Code   RO         5829    i.tcp_listen_input  tcp_in.o
    0x0800a01c   0x00000006   Code   RO         5623    i.tcp_new           tcp.o
    0x0800a022   0x00000002   PAD
    0x0800a024   0x0000005c   Code   RO         5624    i.tcp_new_port      tcp.o
    0x0800a080   0x00000010   Code   RO         5625    i.tcp_next_iss      tcp.o
    0x0800a090   0x0000024c   Code   RO         5890    i.tcp_output        tcp_out.o
    0x0800a2dc   0x00000104   Code   RO         5891    i.tcp_output_alloc_header  tcp_out.o
    0x0800a3e0   0x000000b0   Code   RO         5892    i.tcp_output_segment  tcp_out.o
    0x0800a490   0x00000080   Code   RO         5830    i.tcp_parseopt      tcp_in.o
    0x0800a510   0x000000d0   Code   RO         5893    i.tcp_pbuf_prealloc  tcp_out.o
    0x0800a5e0   0x0000003a   Code   RO         5626    i.tcp_pcb_purge     tcp.o
    0x0800a61a   0x00000002   PAD
    0x0800a61c   0x00000108   Code   RO         5627    i.tcp_pcb_remove    tcp.o
    0x0800a724   0x00000098   Code   RO         5628    i.tcp_poll          tcp.o
    0x0800a7bc   0x00000420   Code   RO         5831    i.tcp_process       tcp_in.o
    0x0800abdc   0x00000064   Code   RO         5629    i.tcp_process_refused_data  tcp.o
    0x0800ac40   0x0000069c   Code   RO         5832    i.tcp_receive       tcp_in.o
    0x0800b2dc   0x00000098   Code   RO         5630    i.tcp_recv          tcp.o
    0x0800b374   0x00000024   Code   RO         5631    i.tcp_recv_null     tcp.o
    0x0800b398   0x00000104   Code   RO         5632    i.tcp_recved        tcp.o
    0x0800b49c   0x00000052   Code   RO         5894    i.tcp_rexmit        tcp_out.o
    0x0800b4ee   0x00000058   Code   RO         5895    i.tcp_rexmit_fast   tcp_out.o
    0x0800b546   0x0000002e   Code   RO         5896    i.tcp_rexmit_rto    tcp_out.o
    0x0800b574   0x00000110   Code   RO         5897    i.tcp_rst           tcp_out.o
    0x0800b684   0x0000001c   Code   RO         5633    i.tcp_seg_free      tcp.o
    0x0800b6a0   0x00000012   Code   RO         5634    i.tcp_segs_free     tcp.o
    0x0800b6b2   0x00000048   Code   RO         5898    i.tcp_send_empty_ack  tcp_out.o
    0x0800b6fa   0x00000046   Code   RO         5899    i.tcp_send_fin      tcp_out.o
    0x0800b740   0x00000098   Code   RO         5635    i.tcp_sent          tcp.o
    0x0800b7d8   0x0000004e   Code   RO         5637    i.tcp_shutdown      tcp.o
    0x0800b826   0x00000002   PAD
    0x0800b828   0x000004b4   Code   RO         5638    i.tcp_slowtmr       tcp.o
    0x0800bcdc   0x00000034   Code   RO         6000    i.tcp_timer_needed  timers_1.o
    0x0800bd10   0x0000006c   Code   RO         5833    i.tcp_timewait_input  tcp_in.o
    0x0800bd7c   0x00000020   Code   RO         5639    i.tcp_tmr           tcp.o
    0x0800bd9c   0x000000b8   Code   RO         5640    i.tcp_update_rcv_ann_wnd  tcp.o
    0x0800be54   0x000005f8   Code   RO         5900    i.tcp_write         tcp_out.o
    0x0800c44c   0x00000134   Code   RO         5901    i.tcp_write_checks  tcp_out.o
    0x0800c580   0x00000092   Code   RO         5902    i.tcp_zero_window_probe  tcp_out.o
    0x0800c612   0x00000002   PAD
    0x0800c614   0x00000040   Code   RO         4902    i.tcpip_apimsg      tcpip.o
    0x0800c654   0x000000cc   Code   RO         4906    i.tcpip_init        tcpip.o
    0x0800c720   0x0000004c   Code   RO         4907    i.tcpip_input       tcpip.o
    0x0800c76c   0x00000038   Code   RO         6001    i.tcpip_tcp_timer   timers_1.o
    0x0800c7a4   0x00000100   Code   RO         4908    i.tcpip_thread      tcpip.o
    0x0800c8a4   0x000000ac   Code   RO         1001    i.uart_init         usart.o
    0x0800c950   0x00000120   Code   RO         6059    i.udp_bind          udp.o
    0x0800ca70   0x0000004c   Code   RO         6060    i.udp_connect       udp.o
    0x0800cabc   0x00000002   Code   RO         6062    i.udp_init          udp.o
    0x0800cabe   0x00000002   PAD
    0x0800cac0   0x000001cc   Code   RO         6063    i.udp_input         udp.o
    0x0800cc8c   0x0000001a   Code   RO         6064    i.udp_new           udp.o
    0x0800cca6   0x00000006   Code   RO         6065    i.udp_recv          udp.o
    0x0800ccac   0x0000002c   Code   RO         6066    i.udp_remove        udp.o
    0x0800ccd8   0x00000028   Code   RO         6068    i.udp_sendto        udp.o
    0x0800cd00   0x0000014c   Code   RO         6069    i.udp_sendto_if     udp.o
    0x0800ce4c   0x00000024   Code   RO         3196    i.uxListRemove      list.o
    0x0800ce70   0x00000022   Code   RO           11    i.vApplicationIdleHook  main.o
    0x0800ce92   0x00000016   Code   RO         3197    i.vListInitialise   list.o
    0x0800cea8   0x00000006   Code   RO         3198    i.vListInitialiseItem  list.o
    0x0800ceae   0x00000030   Code   RO         3199    i.vListInsert       list.o
    0x0800cede   0x00000018   Code   RO         3200    i.vListInsertEnd    list.o
    0x0800cef6   0x00000002   PAD
    0x0800cef8   0x00000078   Code   RO         3963    i.vPortEnterCritical  port.o
    0x0800cf70   0x00000064   Code   RO         3964    i.vPortExitCritical  port.o
    0x0800cfd4   0x0000009c   Code   RO         4047    i.vPortFree         heap_4.o
    0x0800d070   0x00000020   Code   RO         3965    i.vPortSetupTimerInterrupt  port.o
    0x0800d090   0x0000008c   Code   RO         3966    i.vPortValidateInterruptPriority  port.o
    0x0800d11c   0x00000024   Code   RO         3251    i.vQueueAddToRegistry  queue.o
    0x0800d140   0x00000048   Code   RO         3252    i.vQueueDelete      queue.o
    0x0800d188   0x00000028   Code   RO         3254    i.vQueueUnregisterQueue  queue.o
    0x0800d1b0   0x00000044   Code   RO         3255    i.vQueueWaitForMessageRestricted  queue.o
    0x0800d1f4   0x0000006c   Code   RO         3485    i.vTaskDelay        tasks.o
    0x0800d260   0x000000cc   Code   RO         3487    i.vTaskDelete       tasks.o
    0x0800d32c   0x0000000c   Code   RO         3492    i.vTaskMissedYield  tasks.o
    0x0800d338   0x00000054   Code   RO         3494    i.vTaskPlaceOnEventList  tasks.o
    0x0800d38c   0x0000005c   Code   RO         3495    i.vTaskPlaceOnEventListRestricted  tasks.o
    0x0800d3e8   0x00000084   Code   RO         3497    i.vTaskPriorityInherit  tasks.o
    0x0800d46c   0x00000048   Code   RO         3501    i.vTaskSetTimeOutState  tasks.o
    0x0800d4b4   0x00000098   Code   RO         3502    i.vTaskStartScheduler  tasks.o
    0x0800d54c   0x00000010   Code   RO         3504    i.vTaskSuspendAll   tasks.o
    0x0800d55c   0x0000009c   Code   RO         3505    i.vTaskSwitchContext  tasks.o
    0x0800d5f8   0x00000114   Code   RO         3967    i.xPortStartScheduler  port.o
    0x0800d70c   0x0000002c   Code   RO         3968    i.xPortSysTickHandler  port.o
    0x0800d738   0x0000005c   Code   RO         3257    i.xQueueCreateCountingSemaphore  queue.o
    0x0800d794   0x00000078   Code   RO         3260    i.xQueueGenericCreate  queue.o
    0x0800d80c   0x00000184   Code   RO         3261    i.xQueueGenericReceive  queue.o
    0x0800d990   0x000000a8   Code   RO         3262    i.xQueueGenericReset  queue.o
    0x0800da38   0x00000188   Code   RO         3263    i.xQueueGenericSend  queue.o
    0x0800dbc0   0x000000e0   Code   RO         3264    i.xQueueGenericSendFromISR  queue.o
    0x0800dca0   0x000000c8   Code   RO         3265    i.xQueueGiveFromISR  queue.o
    0x0800dd68   0x00000088   Code   RO         3506    i.xTaskCheckForTimeOut  tasks.o
    0x0800ddf0   0x00000056   Code   RO         3507    i.xTaskCreate       tasks.o
    0x0800de46   0x00000002   PAD
    0x0800de48   0x0000001c   Code   RO         3511    i.xTaskGetSchedulerState  tasks.o
    0x0800de64   0x0000000c   Code   RO         3512    i.xTaskGetTickCount  tasks.o
    0x0800de70   0x000000e8   Code   RO         3514    i.xTaskIncrementTick  tasks.o
    0x0800df58   0x000000b4   Code   RO         3517    i.xTaskPriorityDisinherit  tasks.o
    0x0800e00c   0x00000098   Code   RO         3518    i.xTaskRemoveFromEventList  tasks.o
    0x0800e0a4   0x000000e4   Code   RO         3520    i.xTaskResumeAll    tasks.o
    0x0800e188   0x00000074   Code   RO         3841    i.xTimerCreate      timers.o
    0x0800e1fc   0x00000074   Code   RO         3842    i.xTimerCreateTimerTask  timers.o
    0x0800e270   0x00000090   Code   RO         3843    i.xTimerGenericCommand  timers.o
    0x0800e300   0x0000000a   Code   RO         6969    x$fpl$fpinit        fz_wm.l(fpinit.o)
    0x0800e30a   0x00000002   PAD
    0x0800e30c   0x00000024   Data   RO         3000    .constdata          malloc.o
    0x0800e330   0x0000003c   Data   RO         5252    .constdata          memp.o
    0x0800e36c   0x00000054   Data   RO         5641    .constdata          tcp.o
    0x0800e3c0   0x00000004   Data   RO         6321    .constdata          ip_addr.o
    0x0800e3c4   0x0000000c   Data   RO         6455    .constdata          etharp.o
    0x0800e3d0   0x00000004   Data   RO         6606    .constdata          sys_arch.o
    0x0800e3d4   0x00000032   Data   RO         4180    .conststring        tcp_client_demo.o
    0x0800e406   0x00000002   PAD
    0x0800e408   0x00000075   Data   RO         5642    .conststring        tcp.o
    0x0800e47d   0x00000003   PAD
    0x0800e480   0x00000055   Data   RO         5903    .conststring        tcp_out.o
    0x0800e4d5   0x00000003   PAD
    0x0800e4d8   0x00000044   Data   RO         6456    .conststring        etharp.o
    0x0800e51c   0x00000020   Data   RO         7032    Region$$Table       anon$$obj.o


    Execution Region RW_IRAM1 (Base: 0x20000000, Size: 0x00016b00, Max: 0x00020000, ABSOLUTE, COMPRESSED[0x00000048])

    Base Addr    Size         Type   Attr      Idx    E Section Name        Object

    0x20000000   0x0000000c   Data   RW           12    .data               main.o
    0x2000000c   0x00000014   Data   RW          448    .data               system_stm32f4xx.o
    0x20000020   0x00000008   Data   RW          505    .data               timer.o
    0x20000028   0x00000010   Data   RW          858    .data               dp83848.o
    0x20000038   0x00000004   Data   RW          929    .data               delay.o
    0x2000003c   0x00000002   Data   RW         1003    .data               usart.o
    0x2000003e   0x00000002   PAD
    0x20000040   0x00000004   Data   RW         1004    .data               usart.o
    0x20000044   0x00000010   Data   RW         1254    .data               stm32f4xx_rcc.o
    0x20000054   0x0000000c   Data   RW         2543    .data               stm32f4x7_eth.o
    0x20000060   0x00000024   Data   RW         3001    .data               malloc.o
    0x20000084   0x00000044   Data   RW         3523    .data               tasks.o
    0x200000c8   0x00000014   Data   RW         3851    .data               timers.o
    0x200000dc   0x0000000c   Data   RW         3969    .data               port.o
    0x200000e8   0x00000018   Data   RW         4052    .data               heap_4.o
    0x20000100   0x0000001c   Data   RW         4181    .data               tcp_client_demo.o
    0x2000011c   0x0000000c   Data   RW         4912    .data               tcpip.o
    0x20000128   0x00000014   Data   RW         5069    .data               dns.o
    0x2000013c   0x00000014   Data   RW         5201    .data               mem.o
    0x20000150   0x00000004   Data   RW         5255    .data               memp.o
    0x20000154   0x0000000c   Data   RW         5317    .data               netif.o
    0x20000160   0x00000004   Data   RW         5537    .data               raw.o
    0x20000164   0x00000024   Data   RW         5643    .data               tcp.o
    0x20000188   0x0000001c   Data   RW         5835    .data               tcp_in.o
    0x200001a4   0x00000008   Data   RW         6002    .data               timers_1.o
    0x200001ac   0x00000008   Data   RW         6070    .data               udp.o
    0x200001b4   0x00000014   Data   RW         6271    .data               ip.o
    0x200001c8   0x00000008   Data   RW         6385    .data               ip_frag.o
    0x200001d0   0x00000001   Data   RW         6457    .data               etharp.o
    0x200001d1   0x00000003   PAD
    0x200001d4   0x00000004   Data   RW         6607    .data               sys_arch.o
    0x200001d8   0x000000c8   Zero   RW         1002    .bss                usart.o
    0x200002a0   0x0000000c   Zero   RW         2542    .bss                stm32f4x7_eth.o
    0x200002ac   0x00000014   PAD
    0x200002c0   0x0000f000   Zero   RW         2998    .bss                malloc.o
    0x2000f2c0   0x00000f00   Zero   RW         2999    .bss                malloc.o
    0x200101c0   0x00000040   Zero   RW         3275    .bss                queue.o
    0x20010200   0x000002e4   Zero   RW         3522    .bss                tasks.o
    0x200104e4   0x00000028   Zero   RW         3850    .bss                timers.o
    0x2001050c   0x00005000   Zero   RW         4051    .bss                heap_4.o
    0x2001550c   0x00000048   Zero   RW         4106    .bss                lwip_comm.o
    0x20015554   0x000007d0   Zero   RW         4179    .bss                tcp_client_demo.o
    0x20015d24   0x00000663   Zero   RW         5068    .bss                dns.o
    0x20016387   0x00000001   PAD
    0x20016388   0x0000003c   Zero   RW         5251    .bss                memp.o
    0x200163c4   0x00000014   Zero   RW         5834    .bss                tcp_in.o
    0x200163d8   0x000000c8   Zero   RW         6454    .bss                etharp.o
    0x200164a0   0x00000060   Zero   RW         6866    .bss                c_w.l(libspace.o)
    0x20016500   0x00000200   Zero   RW         1051    HEAP                startup_stm32f40_41xxx.o
    0x20016700   0x00000400   Zero   RW         1050    STACK               startup_stm32f40_41xxx.o



  Load Region LR$$.ARM.__AT_0x10000000 (Base: 0x10000000, Size: 0x00000000, Max: 0x0000f000, ABSOLUTE)

    Execution Region ER$$.ARM.__AT_0x10000000 (Base: 0x10000000, Size: 0x0000f000, Max: 0x0000f000, ABSOLUTE, UNINIT)

    Base Addr    Size         Type   Attr      Idx    E Section Name        Object

    0x10000000   0x0000f000   Zero   RW         2994    .ARM.__AT_0x10000000  malloc.o



  Load Region LR$$.ARM.__AT_0x1000F000 (Base: 0x1000f000, Size: 0x00000000, Max: 0x00000f00, ABSOLUTE)

    Execution Region ER$$.ARM.__AT_0x1000F000 (Base: 0x1000f000, Size: 0x00000f00, Max: 0x00000f00, ABSOLUTE, UNINIT)

    Base Addr    Size         Type   Attr      Idx    E Section Name        Object

    0x1000f000   0x00000f00   Zero   RW         2995    .ARM.__AT_0x1000F000  malloc.o



  Load Region LR$$.ARM.__AT_0x68000000 (Base: 0x68000000, Size: 0x00000000, Max: 0x000f0000, ABSOLUTE)

    Execution Region ER$$.ARM.__AT_0x68000000 (Base: 0x68000000, Size: 0x000f0000, Max: 0x000f0000, ABSOLUTE, UNINIT)

    Base Addr    Size         Type   Attr      Idx    E Section Name        Object

    0x68000000   0x000f0000   Zero   RW         2996    .ARM.__AT_0x68000000  malloc.o



  Load Region LR$$.ARM.__AT_0x680F0000 (Base: 0x680f0000, Size: 0x00000000, Max: 0x0000f000, ABSOLUTE)

    Execution Region ER$$.ARM.__AT_0x680F0000 (Base: 0x680f0000, Size: 0x0000f000, Max: 0x0000f000, ABSOLUTE, UNINIT)

    Base Addr    Size         Type   Attr      Idx    E Section Name        Object

    0x680f0000   0x0000f000   Zero   RW         2997    .ARM.__AT_0x680F0000  malloc.o


==============================================================================

Image component sizes


      Code (inc. data)   RO Data    RW Data    ZI Data      Debug   Object Name

      2226       1178          0          0          0      17164   api_lib.o
      6008       2786          0          0          0      17207   api_msg.o
        64          4          0          0          0        580   beep.o
        16          0          0          0          0       2650   def.o
        76          6          0          4          0       1859   delay.o
      1342        376          0         20       1635       8356   dns.o
       700         54          0         16          0       6193   dp83848.o
         0          0          0          0          0        700   err.o
      3272       1308         80          1        200      12649   etharp.o
       476        132          0          0          0       5220   ethernetif.o
         0          0          0          0          0      10420   event_groups.o
       584        138          0         24      20480       3975   heap_4.o
       904        458          0          0          0       3402   icmp.o
       170          0          0          0          0       2685   inet_chksum.o
        42          0          0          0          0       1320   init.o
       924        264          0         20          0       6981   ip.o
       430        108          4          0          0       8910   ip_addr.o
      2544        932          0          8          0       8896   ip_frag.o
        68         10          0          0          0        559   key.o
         0          0          0          0          0       1452   lcd.o
        64          6          0          0          0        571   led.o
       136          0          0          0          0       3194   list.o
       780        366          0          0         72      15895   lwip_comm.o
       502        138          0         12          0     353543   main.o
       412         40         36         36    1175040       6305   malloc.o
      1800        870          0         20          0       5273   mem.o
       494        280         60          4         60       4210   memp.o
       144         14          0          0          0       2093   misc.o
        34          0          0          0          0       1084   netbuf.o
       402        124          0         12          0       7531   netif.o
      3226       1632          0          0          0       9231   pbuf.o
      1038        382          0         12          0      11117   port.o
      2236        354          0          0         64      14640   queue.o
       220         22          0          4          0       3888   raw.o
         2          0          0          0          0        527   sockets.o
        64         26        392          0       1536        864   startup_stm32f40_41xxx.o
      1546        150          0         12         12      15307   stm32f4x7_eth.o
       160          0          0          0          0       2767   stm32f4xx_gpio.o
        12          0          0          0          0       2881   stm32f4xx_it.o
       244         40          0         16          0       5260   stm32f4xx_rcc.o
        12          4          0          0          0        586   stm32f4xx_syscfg.o
       190         28          0          0          0       4577   stm32f4xx_tim.o
       310          8          0          0          0       4054   stm32f4xx_usart.o
       886        120          4          4          0      14675   sys_arch.o
       272         36          0         20          0       1885   system_stm32f4xx.o
      2798        674          0         68        740      29431   tasks.o
      4504       1756        201         36          0      30342   tcp.o
       476        134         50         28       2000      10761   tcp_client_demo.o
      4504        994          0         28         20      16399   tcp_in.o
      4604       1516         85          0          0      13791   tcp_out.o
       600        278          0         12          0       9046   tcpip.o
       164         18          0          8          0       2064   timer.o
      1144        260          0         20         40       9358   timers.o
       676        224          0          8          0       6587   timers_1.o
      1274        368          0          8          0       8866   udp.o
       342         36          0          6        200       4574   usart.o

    ----------------------------------------------------------------------
     56178      18652        952        472    1202120     754355   Object Totals
         0          0         32          0          0          0   (incl. Generated)
        60          0          8          5         21          0   (incl. Padding)

    ----------------------------------------------------------------------

      Code (inc. data)   RO Data    RW Data    ZI Data      Debug   Library Member Name

        90          0          0          0          0          0   __dczerorl2.o
         8          0          0          0          0         68   __main.o
       104          0          0          0          0         84   __printf.o
         0          0          0          0          0          0   __rtentry.o
        12          0          0          0          0          0   __rtentry2.o
         6          0          0          0          0          0   __rtentry4.o
        52          8          0          0          0          0   __scatter.o
        28          0          0          0          0          0   __scatter_zi.o
        44          0          0          0          0        108   _printf_char.o
        48          6          0          0          0         96   _printf_char_common.o
        36          4          0          0          0         80   _printf_char_file.o
         6          0          0          0          0          0   _printf_d.o
       120         16          0          0          0         92   _printf_dec.o
       178          0          0          0          0         88   _printf_intcommon.o
         0          0          0          0          0          0   _printf_percent.o
         4          0          0          0          0          0   _printf_percent_end.o
         6          0          0          0          0          0   _printf_s.o
        82          0          0          0          0         80   _printf_str.o
        16          0          0          0          0         68   aeabi_memset.o
        12          0          0          0          0         72   exit.o
         8          0          0          0          0         68   ferror.o
         6          0          0          0          0        152   heapauxi.o
         2          0          0          0          0          0   libinit.o
         6          0          0          0          0          0   libinit2.o
         2          0          0          0          0          0   libshutdown.o
         2          0          0          0          0          0   libshutdown2.o
         8          4          0          0         96         68   libspace.o
        88          0          0          0          0         76   memcmp.o
        24          4          0          0          0         84   noretval__2printf.o
        68          0          0          0          0         68   rt_memclr.o
        78          0          0          0          0         80   rt_memclr_w.o
       138          0          0          0          0         68   rt_memcpy_v6.o
       100          0          0          0          0         80   rt_memcpy_w.o
         2          0          0          0          0          0   rtexit.o
        10          0          0          0          0          0   rtexit2.o
        62          0          0          0          0         76   strlen.o
        74          0          0          0          0         80   sys_stackheap_outer.o
         2          0          0          0          0         68   use_no_semi.o
         2          0          0          0          0         68   use_no_semi_2.o
        10          0          0          0          0        116   fpinit.o

    ----------------------------------------------------------------------
      1554         42          0          0         96       1988   Library Totals
        10          0          0          0          0          0   (incl. Padding)

    ----------------------------------------------------------------------

      Code (inc. data)   RO Data    RW Data    ZI Data      Debug   Library Name

      1534         42          0          0         96       1872   c_w.l
        10          0          0          0          0        116   fz_wm.l

    ----------------------------------------------------------------------
      1554         42          0          0         96       1988   Library Totals

    ----------------------------------------------------------------------

==============================================================================


      Code (inc. data)   RO Data    RW Data    ZI Data      Debug   

     57732      18694        952        472    1202216     719055   Grand Totals
     57732      18694        952         72    1202216     719055   ELF Image Totals (compressed)
     57732      18694        952         72          0          0   ROM Totals

==============================================================================

    Total RO  Size (Code + RO Data)                58684 (  57.31kB)
    Total RW  Size (RW Data + ZI Data)           1202688 (1174.50kB)
    Total ROM Size (Code + RO Data + RW Data)      58756 (  57.38kB)

==============================================================================

