<html>
<body>
<pre>
<h1>µVision Build Log</h1>
<h2>Tool Versions:</h2>
IDE-Version: ¦ÌVision V5.14.0.0
Copyright (C) 2015 ARM Ltd and ARM Germany GmbH. All rights reserved.
License Information: h h, h, LIC=65ILQ-N8DVU-9TV3L-0CXRW-PR17B-ZQXE0
 
Tool Versions:
Toolchain:       MDK-ARM Standard  Version: 5.14.0.0
Toolchain Path:  C:\Keil_v5\ARM\ARMCC\Bin
C Compiler:      Armcc.exe V5.05 update 1 (build 106)
Assembler:       Armasm.exe V5.05 update 1 (build 106)
Linker/Locator:  ArmLink.exe V5.05 update 1 (build 106)
Library Manager: ArmAr.exe V5.05 update 1 (build 106)
Hex Converter:   FromElf.exe V5.05 update 1 (build 106)
CPU DLL:         SARMCM3.DLL V5.14.0.0
Dialog DLL:      DCM.DLL V1.13.1.0
Target DLL:      Segger\JL2CM3.dll V2.99.13.0
Dialog DLL:      TCM.DLL V1.14.4.0
 
<h2>Project:</h2>
D:\ZLG-Freertos+lwip\workspace\FREERTOS+LWIP6.15\USER\FreeRTOS.uvprojx
Project File Date:  06/23/2020

<h2>Output:</h2>
Rebuild target 'FreeRTOS'
compiling main.c...
compiling stm32f4xx_it.c...
compiling system_stm32f4xx.c...
compiling led.c...
compiling timer.c...
compiling key.c...
compiling sram.c...
compiling DP83848.c...
compiling stmflash.c...
compiling ymodem.c...
compiling bsp_spi_flash.c...
compiling tools.c...
compiling delay.c...
compiling sys.c...
compiling usart.c...
assembling startup_stm32f40_41xxx.s...
compiling misc.c...
compiling stm32f4xx_gpio.c...
compiling stm32f4xx_rcc.c...
compiling stm32f4xx_syscfg.c...
compiling stm32f4xx_usart.c...
compiling stm32f4xx_tim.c...
compiling stm32f4xx_fsmc.c...
compiling stm32f4x7_eth.c...
compiling stm32f4xx_flash.c...
compiling stm32f4xx_spi.c...
compiling malloc.c...
compiling croutine.c...
compiling event_groups.c...
compiling list.c...
compiling queue.c...
compiling tasks.c...
compiling timers.c...
compiling port.c...
compiling heap_4.c...
compiling lwip_comm.c...
compiling tcp_client_demo.c...
compiling api_lib.c...
compiling api_msg.c...
compiling err.c...
compiling netbuf.c...
compiling netdb.c...
compiling netifapi.c...
compiling sockets.c...
compiling tcpip.c...
compiling def.c...
compiling dhcp.c...
compiling dns.c...
compiling init.c...
compiling lwip_sys.c...
compiling mem.c...
compiling memp.c...
compiling netif.c...
compiling pbuf.c...
compiling raw.c...
compiling stats.c...
compiling tcp.c...
compiling tcp_in.c...
compiling tcp_out.c...
..\LWIP\lwip-1.4.1\src\core\tcp_out.c(845): warning:  #550-D: variable "tcphdr" was set but never used
    struct tcp_hdr *tcphdr;
..\LWIP\lwip-1.4.1\src\core\tcp_out.c(1367): warning:  #550-D: variable "tcphdr" was set but never used
    struct tcp_hdr *tcphdr;
..\LWIP\lwip-1.4.1\src\core\tcp_out.c: 2 warnings, 0 errors
compiling timers.c...
compiling udp.c...
compiling autoip.c...
compiling icmp.c...
compiling igmp.c...
compiling inet.c...
compiling inet_chksum.c...
compiling ip.c...
compiling ip_addr.c...
compiling ip_frag.c...
compiling etharp.c...
compiling ethernetif.c...
compiling sys_arch.c...
compiling app.c...
compiling sfud_port.c...
compiling sfud.c...
compiling sfud_sfdp.c...
compiling ef_port.c...
compiling easyflash.c...
compiling ef_utils.c...
compiling ef_env.c...
compiling ef_iap.c...
linking...
Program Size: Code=58972 RO-data=972 RW-data=512 ZI-data=1224736  
FromELF: creating hex file...
"..\OBJ\LED.axf" - 0 Error(s), 2 Warning(s).

<h2>Collection of Component include folders:</h2>
  D:\ZLG-Freertos+lwip\workspace\FREERTOS+LWIP6.15\USER\RTE
  C:\Keil_v5\ARM\PACK\Keil\STM32F4xx_DFP\2.3.0\Drivers\CMSIS\Device\ST\STM32F4xx\Include

<h2>Collection of Component Files used:</h2>
</pre>
</body>
</html>
