Component: ARM Compiler 5.05 update 1 (build 106) Tool: armlink [4d0efa]

==============================================================================

Section Cross References

    main.o(i.AfterExitSleep) refers to stm32f4xx_rcc.o(i.RCC_AHB1PeriphClockCmd) for RCC_AHB1PeriphClockCmd
    main.o(i.BeforeEnterSleep) refers to stm32f4xx_rcc.o(i.RCC_AHB1PeriphClockCmd) for RCC_AHB1PeriphClockCmd
    main.o(i.CommandProcess) refers to strcmpv7m.o(.text) for strcmp
    main.o(i.main) refers to misc.o(i.NVIC_PriorityGroupConfig) for NVIC_PriorityGroupConfig
    main.o(i.main) refers to delay.o(i.delay_init) for delay_init
    main.o(i.main) refers to usart.o(i.uart_init) for uart_init
    main.o(i.main) refers to led.o(i.LED_Init) for LED_Init
    main.o(i.main) refers to key.o(i.KEY_Init) for KEY_Init
    main.o(i.main) refers to malloc.o(i.my_mem_init) for my_mem_init
    main.o(i.main) refers to __2printf.o(.text) for __2printf
    main.o(i.main) refers to lwip_comm.o(i.lwip_comm_init) for lwip_comm_init
    main.o(i.main) refers to tcp_client_demo.o(i.tcp_client_init) for tcp_client_init
    main.o(i.main) refers to tasks.o(i.xTaskCreate) for xTaskCreate
    main.o(i.main) refers to tasks.o(i.vTaskStartScheduler) for vTaskStartScheduler
    main.o(i.main) refers to main.o(.data) for .data
    main.o(i.main) refers to main.o(i.start_task) for start_task
    main.o(i.start_task) refers to port.o(i.vPortEnterCritical) for vPortEnterCritical
    main.o(i.start_task) refers to queue.o(i.xQueueGenericCreate) for xQueueGenericCreate
    main.o(i.start_task) refers to tasks.o(i.xTaskCreate) for xTaskCreate
    main.o(i.start_task) refers to tasks.o(i.vTaskDelete) for vTaskDelete
    main.o(i.start_task) refers to port.o(i.vPortExitCritical) for vPortExitCritical
    main.o(i.start_task) refers to main.o(.data) for .data
    main.o(i.start_task) refers to main.o(i.task1_task) for task1_task
    main.o(i.start_task) refers to main.o(i.task2_task) for task2_task
    main.o(i.task1_task) refers to tasks.o(i.vTaskDelay) for vTaskDelay
    main.o(i.task2_task) refers to key.o(i.KEY_Scan) for KEY_Scan
    main.o(i.task2_task) refers to stm32f4xx_gpio.o(i.GPIO_ReadInputDataBit) for GPIO_ReadInputDataBit
    main.o(i.task2_task) refers to port.o(i.vPortEnterCritical) for vPortEnterCritical
    main.o(i.task2_task) refers to __2printf.o(.text) for __2printf
    main.o(i.task2_task) refers to port.o(i.vPortExitCritical) for vPortExitCritical
    main.o(i.task2_task) refers to main.o(.data) for .data
    system_stm32f4xx.o(i.SystemCoreClockUpdate) refers to system_stm32f4xx.o(.data) for .data
    system_stm32f4xx.o(i.SystemInit) refers to system_stm32f4xx.o(i.SetSysClock) for SetSysClock
    led.o(i.LED_Init) refers to stm32f4xx_rcc.o(i.RCC_AHB1PeriphClockCmd) for RCC_AHB1PeriphClockCmd
    led.o(i.LED_Init) refers to stm32f4xx_gpio.o(i.GPIO_Init) for GPIO_Init
    led.o(i.LED_Init) refers to stm32f4xx_gpio.o(i.GPIO_SetBits) for GPIO_SetBits
    timer.o(i.TIM6_DAC_IRQHandler) refers to stm32f4xx_tim.o(i.TIM_GetITStatus) for TIM_GetITStatus
    timer.o(i.TIM6_DAC_IRQHandler) refers to timer.o(i.bsp_TimeSysTickHandler) for bsp_TimeSysTickHandler
    timer.o(i.TIM6_DAC_IRQHandler) refers to stm32f4xx_tim.o(i.TIM_ClearITPendingBit) for TIM_ClearITPendingBit
    timer.o(i.TIM6_DAC_IRQHandler) refers to timer.o(.data) for .data
    timer.o(i.bsp_TIM6_Init) refers to stm32f4xx_rcc.o(i.RCC_APB1PeriphClockCmd) for RCC_APB1PeriphClockCmd
    timer.o(i.bsp_TIM6_Init) refers to stm32f4xx_tim.o(i.TIM_TimeBaseInit) for TIM_TimeBaseInit
    timer.o(i.bsp_TIM6_Init) refers to stm32f4xx_tim.o(i.TIM_ARRPreloadConfig) for TIM_ARRPreloadConfig
    timer.o(i.bsp_TIM6_Init) refers to stm32f4xx_tim.o(i.TIM_ITConfig) for TIM_ITConfig
    timer.o(i.bsp_TIM6_Init) refers to stm32f4xx_tim.o(i.TIM_Cmd) for TIM_Cmd
    timer.o(i.bsp_TIM6_Init) refers to misc.o(i.NVIC_Init) for NVIC_Init
    timer.o(i.bsp_TIM6_Init) refers to system_stm32f4xx.o(.data) for SystemCoreClock
    timer.o(i.bsp_TimeSysTickHandler) refers to timer.o(.data) for .data
    key.o(i.KEY_Init) refers to stm32f4xx_rcc.o(i.RCC_AHB1PeriphClockCmd) for RCC_AHB1PeriphClockCmd
    key.o(i.KEY_Init) refers to stm32f4xx_gpio.o(i.GPIO_Init) for GPIO_Init
    key.o(i.KEY_Scan) refers to stm32f4xx_gpio.o(i.GPIO_ReadInputDataBit) for GPIO_ReadInputDataBit
    key.o(i.KEY_Scan) refers to delay.o(i.delay_ms) for delay_ms
    key.o(i.KEY_Scan) refers to key.o(.data) for .data
    sram.o(i.FSMC_SRAM_Init) refers to stm32f4xx_rcc.o(i.RCC_AHB1PeriphClockCmd) for RCC_AHB1PeriphClockCmd
    sram.o(i.FSMC_SRAM_Init) refers to stm32f4xx_rcc.o(i.RCC_AHB3PeriphClockCmd) for RCC_AHB3PeriphClockCmd
    sram.o(i.FSMC_SRAM_Init) refers to stm32f4xx_gpio.o(i.GPIO_Init) for GPIO_Init
    sram.o(i.FSMC_SRAM_Init) refers to stm32f4xx_gpio.o(i.GPIO_PinAFConfig) for GPIO_PinAFConfig
    sram.o(i.FSMC_SRAM_Init) refers to stm32f4xx_fsmc.o(i.FSMC_NORSRAMInit) for FSMC_NORSRAMInit
[...]
    ETH_Start                                0x08001139   Thumb Code    34  stm32f4x7_eth.o(i.ETH_Start)
    ETH_StructInit                           0x0800115b   Thumb Code   136  stm32f4x7_eth.o(i.ETH_StructInit)
    ETH_Tx_Packet                            0x080011e5   Thumb Code    60  dp83848.o(i.ETH_Tx_Packet)
    ETH_WritePHYRegister                     0x08001229   Thumb Code    76  stm32f4x7_eth.o(i.ETH_WritePHYRegister)
    Enter_Critical                           0x0800127d   Thumb Code    40  sys_arch.o(i.Enter_Critical)
    Exit_Critical                            0x080012a9   Thumb Code    20  sys_arch.o(i.Exit_Critical)
    FLASH_ClearFlag                          0x080012c1   Thumb Code     6  stm32f4xx_flash.o(i.FLASH_ClearFlag)
    FLASH_EraseSector                        0x080012cd   Thumb Code   104  stm32f4xx_flash.o(i.FLASH_EraseSector)
    FLASH_GetStatus                          0x08001339   Thumb Code    56  stm32f4xx_flash.o(i.FLASH_GetStatus)
    FLASH_ProgramWord                        0x08001375   Thumb Code    56  stm32f4xx_flash.o(i.FLASH_ProgramWord)
    FLASH_Unlock                             0x080013b1   Thumb Code    22  stm32f4xx_flash.o(i.FLASH_Unlock)
    FLASH_WaitForLastOperation               0x080013d5   Thumb Code    30  stm32f4xx_flash.o(i.FLASH_WaitForLastOperation)
    GPIO_Init                                0x080013f3   Thumb Code   120  stm32f4xx_gpio.o(i.GPIO_Init)
    GPIO_PinAFConfig                         0x0800146b   Thumb Code    32  stm32f4xx_gpio.o(i.GPIO_PinAFConfig)
    GPIO_ReadInputDataBit                    0x0800148b   Thumb Code    14  stm32f4xx_gpio.o(i.GPIO_ReadInputDataBit)
    GPIO_SetBits                             0x08001499   Thumb Code     4  stm32f4xx_gpio.o(i.GPIO_SetBits)
    HardFault_Handler                        0x08001559   Thumb Code     2  stm32f4xx_it.o(i.HardFault_Handler)
    KEY_Init                                 0x0800155d   Thumb Code    60  key.o(i.KEY_Init)
    KEY_Scan                                 0x080015a1   Thumb Code   202  key.o(i.KEY_Scan)
    LED_Init                                 0x08001679   Thumb Code    58  led.o(i.LED_Init)
    MemManage_Handler                        0x080016b9   Thumb Code     2  stm32f4xx_it.o(i.MemManage_Handler)
    NMI_Handler                              0x080016bb   Thumb Code     2  stm32f4xx_it.o(i.NMI_Handler)
    NVIC_Init                                0x080016bd   Thumb Code    96  misc.o(i.NVIC_Init)
    NVIC_PriorityGroupConfig                 0x08001721   Thumb Code    10  misc.o(i.NVIC_PriorityGroupConfig)
    RCC_AHB1PeriphClockCmd                   0x08001735   Thumb Code    18  stm32f4xx_rcc.o(i.RCC_AHB1PeriphClockCmd)
    RCC_AHB1PeriphResetCmd                   0x0800174d   Thumb Code    18  stm32f4xx_rcc.o(i.RCC_AHB1PeriphResetCmd)
    RCC_APB2PeriphClockCmd                   0x08001765   Thumb Code    18  stm32f4xx_rcc.o(i.RCC_APB2PeriphClockCmd)
    RCC_GetClocksFreq                        0x0800177d   Thumb Code   132  stm32f4xx_rcc.o(i.RCC_GetClocksFreq)
    STM_FLASH_Erase                          0x08001811   Thumb Code    36  stmflash.o(i.STM_FLASH_Erase)
    STM_FLASH_Init                           0x08001835   Thumb Code    16  stmflash.o(i.STM_FLASH_Init)
    STM_FLASH_Write                          0x08001845   Thumb Code    76  stmflash.o(i.STM_FLASH_Write)
    SYSCFG_ETH_MediaInterfaceConfig          0x08001895   Thumb Code     8  stm32f4xx_syscfg.o(i.SYSCFG_ETH_MediaInterfaceConfig)
    SysTick_CLKSourceConfig                  0x08001955   Thumb Code    24  misc.o(i.SysTick_CLKSourceConfig)
    SysTick_Handler                          0x0800196d   Thumb Code    20  delay.o(i.SysTick_Handler)
    SystemInit                               0x08001981   Thumb Code    74  system_stm32f4xx.o(i.SystemInit)
    TIM6_DAC_IRQHandler                      0x080019dd   Thumb Code    42  timer.o(i.TIM6_DAC_IRQHandler)
    TIM_ClearITPendingBit                    0x08001a11   Thumb Code     6  stm32f4xx_tim.o(i.TIM_ClearITPendingBit)
    TIM_GetITStatus                          0x08001a17   Thumb Code    24  stm32f4xx_tim.o(i.TIM_GetITStatus)
    USART1_IRQHandler                        0x08001a31   Thumb Code   126  usart.o(i.USART1_IRQHandler)
    USART_ClearFlag                          0x08001ac5   Thumb Code     6  stm32f4xx_usart.o(i.USART_ClearFlag)
    USART_Cmd                                0x08001acb   Thumb Code    20  stm32f4xx_usart.o(i.USART_Cmd)
    USART_GetITStatus                        0x08001adf   Thumb Code    62  stm32f4xx_usart.o(i.USART_GetITStatus)
    USART_ITConfig                           0x08001b1d   Thumb Code    48  stm32f4xx_usart.o(i.USART_ITConfig)
    USART_Init                               0x08001b4d   Thumb Code   164  stm32f4xx_usart.o(i.USART_Init)
    USART_ReceiveData                        0x08001bf9   Thumb Code     8  stm32f4xx_usart.o(i.USART_ReceiveData)
    UsageFault_Handler                       0x08001c01   Thumb Code     2  stm32f4xx_it.o(i.UsageFault_Handler)
    _is_digit                                0x08001c03   Thumb Code    14  __printf_wp.o(i._is_digit)
    _sys_exit                                0x08001c11   Thumb Code     2  usart.o(i._sys_exit)
    bsp_TimeSysTickHandler                   0x08001c31   Thumb Code    66  timer.o(i.bsp_TimeSysTickHandler)
    delay_init                               0x08001c79   Thumb Code    50  delay.o(i.delay_init)
    delay_ms                                 0x08001cb1   Thumb Code    52  delay.o(i.delay_ms)
    delay_us                                 0x08001ce9   Thumb Code    48  delay.o(i.delay_us)
    dns_init                                 0x08001e85   Thumb Code    64  dns.o(i.dns_init)
    dns_setserver                            0x08002219   Thumb Code    32  dns.o(i.dns_setserver)
    dns_tmr                                  0x08002259   Thumb Code    28  dns.o(i.dns_tmr)
    do_close                                 0x08002279   Thumb Code   134  api_msg.o(i.do_close)
    do_connect                               0x080025f1   Thumb Code   162  api_msg.o(i.do_connect)
    do_delconn                               0x08002855   Thumb Code   218  api_msg.o(i.do_delconn)
    do_getaddr                               0x080029e1   Thumb Code   134  api_msg.o(i.do_getaddr)
    do_newconn                               0x08002ad5   Thumb Code    32  api_msg.o(i.do_newconn)
    do_recv                                  0x08002af5   Thumb Code    68  api_msg.o(i.do_recv)
    do_write                                 0x08002b39   Thumb Code   120  api_msg.o(i.do_write)
    etharp_output                            0x08003409   Thumb Code   290  etharp.o(i.etharp_output)
    etharp_query                             0x08003695   Thumb Code   292  etharp.o(i.etharp_query)
    etharp_request                           0x080039d1   Thumb Code    32  etharp.o(i.etharp_request)
    etharp_tmr                               0x08003a95   Thumb Code    66  etharp.o(i.etharp_tmr)
    ethernet_input                           0x08003bed   Thumb Code   154  etharp.o(i.ethernet_input)
    ethernetif_init                          0x08003d05   Thumb Code    48  ethernetif.o(i.ethernetif_init)
    ethernetif_input                         0x08003da1   Thumb Code   116  ethernetif.o(i.ethernetif_input)
    fputc                                    0x08003e19   Thumb Code    14  usart.o(i.fputc)
    icmp_dest_unreach                        0x08003e2d   Thumb Code     8  icmp.o(i.icmp_dest_unreach)
    icmp_input                               0x08003e35   Thumb Code   310  icmp.o(i.icmp_input)
    icmp_time_exceeded                       0x080041ad   Thumb Code     8  icmp.o(i.icmp_time_exceeded)
    inet_chksum                              0x080041b5   Thumb Code    12  inet_chksum.o(i.inet_chksum)
    inet_chksum_pbuf                         0x080041c1   Thumb Code    72  inet_chksum.o(i.inet_chksum_pbuf)
    ip4_addr_isbroadcast                     0x08004209   Thumb Code    46  ip_addr.o(i.ip4_addr_isbroadcast)
    ip_frag                                  0x08004239   Thumb Code   378  ip_frag.o(i.ip_frag)
    ip_input                                 0x080044b5   Thumb Code   326  ip.o(i.ip_input)
    ip_output                                0x08004605   Thumb Code    72  ip.o(i.ip_output)
    ip_output_if                             0x080046ad   Thumb Code   208  ip.o(i.ip_output_if)
    ip_reass                                 0x08004811   Thumb Code   414  ip_frag.o(i.ip_reass)
    ip_reass_tmr                             0x08004ee9   Thumb Code    40  ip_frag.o(i.ip_reass_tmr)
    ip_route                                 0x08004f15   Thumb Code    54  ip.o(i.ip_route)
    ipaddr_addr                              0x08004f55   Thumb Code    20  ip_addr.o(i.ipaddr_addr)
    ipaddr_aton                              0x08004f69   Thumb Code   262  ip_addr.o(i.ipaddr_aton)
    lwip_comm_default_ip_set                 0x08005229   Thumb Code    74  lwip_comm.o(i.lwip_comm_default_ip_set)
    lwip_comm_init                           0x08005279   Thumb Code   258  lwip_comm.o(i.lwip_comm_init)
    lwip_comm_mem_free                       0x080054c9   Thumb Code    26  lwip_comm.o(i.lwip_comm_mem_free)
    lwip_comm_mem_malloc                     0x080054ed   Thumb Code    50  lwip_comm.o(i.lwip_comm_mem_malloc)
    lwip_htonl                               0x08005529   Thumb Code     4  def.o(i.lwip_htonl)
    lwip_htons                               0x0800552d   Thumb Code     4  def.o(i.lwip_htons)
    lwip_init                                0x08005531   Thumb Code    42  init.o(i.lwip_init)
    lwip_ntohl                               0x0800555b   Thumb Code     4  def.o(i.lwip_ntohl)
    lwip_ntohs                               0x0800555f   Thumb Code     4  def.o(i.lwip_ntohs)
    lwip_pkt_handle                          0x08005565   Thumb Code     6  lwip_comm.o(i.lwip_pkt_handle)
    lwip_socket_init                         0x08005571   Thumb Code     2  sockets.o(i.lwip_socket_init)
    main                                     0x080055c9   Thumb Code   120  main.o(i.main)
    mem_free                                 0x080056ad   Thumb Code   140  mem.o(i.mem_free)
    mem_init                                 0x080057dd   Thumb Code    74  mem.o(i.mem_init)
    mem_malloc                               0x08005899   Thumb Code   288  mem.o(i.mem_malloc)
    mem_trim                                 0x08005aad   Thumb Code   272  mem.o(i.mem_trim)
    memp_free                                0x08005c49   Thumb Code    52  memp.o(i.memp_free)
    memp_get_memorysize                      0x08005cf1   Thumb Code     6  memp.o(i.memp_get_memorysize)
    memp_init                                0x08005cf9   Thumb Code    80  memp.o(i.memp_init)
    memp_malloc                              0x08005d55   Thumb Code    76  memp.o(i.memp_malloc)
    my_mem_free                              0x08005e39   Thumb Code    80  malloc.o(i.my_mem_free)
    my_mem_init                              0x08005e91   Thumb Code    52  malloc.o(i.my_mem_init)
    my_mem_malloc                            0x08005ecd   Thumb Code   132  malloc.o(i.my_mem_malloc)
    my_mem_perused                           0x08005f59   Thumb Code    48  malloc.o(i.my_mem_perused)
    myfree                                   0x08005f91   Thumb Code    20  malloc.o(i.myfree)
    mymalloc                                 0x08005fa9   Thumb Code    28  malloc.o(i.mymalloc)
    mymemset                                 0x08005fc9   Thumb Code    12  malloc.o(i.mymemset)
    netbuf_delete                            0x08005fd5   Thumb Code    34  netbuf.o(i.netbuf_delete)
    netconn_alloc                            0x08005ff9   Thumb Code   148  api_msg.o(i.netconn_alloc)
    netconn_close                            0x08006109   Thumb Code     6  api_lib.o(i.netconn_close)
    netconn_connect                          0x080061cd   Thumb Code    72  api_lib.o(i.netconn_connect)
    netconn_delete                           0x0800628d   Thumb Code    32  api_lib.o(i.netconn_delete)
    netconn_free                             0x080063e5   Thumb Code   104  api_msg.o(i.netconn_free)
    netconn_getaddr                          0x08006549   Thumb Code    96  api_lib.o(i.netconn_getaddr)
    netconn_new_with_proto_and_callback      0x08006661   Thumb Code   152  api_lib.o(i.netconn_new_with_proto_and_callback)
    netconn_recv                             0x080067cd   Thumb Code   194  api_lib.o(i.netconn_recv)
    netconn_write_partly                     0x08006b19   Thumb Code   164  api_lib.o(i.netconn_write_partly)
    netif_add                                0x08006c55   Thumb Code    94  netif.o(i.netif_add)
    netif_init                               0x08006d21   Thumb Code     2  netif.o(i.netif_init)
    netif_set_addr                           0x08006d23   Thumb Code    32  netif.o(i.netif_set_addr)
    netif_set_default                        0x08006d45   Thumb Code     6  netif.o(i.netif_set_default)
    netif_set_gw                             0x08006d51   Thumb Code     8  netif.o(i.netif_set_gw)
    netif_set_ipaddr                         0x08006d59   Thumb Code    96  netif.o(i.netif_set_ipaddr)
    netif_set_netmask                        0x08006dc1   Thumb Code     8  netif.o(i.netif_set_netmask)
    netif_set_up                             0x08006dc9   Thumb Code    32  netif.o(i.netif_set_up)
    pbuf_alloc                               0x08006de9   Thumb Code   460  pbuf.o(i.pbuf_alloc)
    pbuf_alloced_custom                      0x08007145   Thumb Code   100  pbuf.o(i.pbuf_alloced_custom)
    pbuf_cat                                 0x0800721d   Thumb Code    96  pbuf.o(i.pbuf_cat)
    pbuf_chain                               0x08007345   Thumb Code    18  pbuf.o(i.pbuf_chain)
    pbuf_clen                                0x08007357   Thumb Code    18  pbuf.o(i.pbuf_clen)
    pbuf_copy                                0x08007369   Thumb Code   240  pbuf.o(i.pbuf_copy)
    pbuf_copy_partial                        0x08007549   Thumb Code   126  pbuf.o(i.pbuf_copy_partial)
    pbuf_free                                0x0800765d   Thumb Code   186  pbuf.o(i.pbuf_free)
    pbuf_header                              0x080077c9   Thumb Code   138  pbuf.o(i.pbuf_header)
    pbuf_realloc                             0x080078e1   Thumb Code   186  pbuf.o(i.pbuf_realloc)
    pbuf_ref                                 0x08007a69   Thumb Code    26  pbuf.o(i.pbuf_ref)
    pvPortMalloc                             0x08008629   Thumb Code   214  heap_4.o(i.pvPortMalloc)
    pvTaskIncrementMutexHeldCount            0x0800873d   Thumb Code    18  tasks.o(i.pvTaskIncrementMutexHeldCount)
    pxPortInitialiseStack                    0x08008755   Thumb Code    40  port.o(i.pxPortInitialiseStack)
    raw_connect                              0x08008781   Thumb Code    10  raw.o(i.raw_connect)
    raw_input                                0x0800878d   Thumb Code   104  raw.o(i.raw_input)
    raw_new                                  0x08008801   Thumb Code    38  raw.o(i.raw_new)
    raw_recv                                 0x0800882d   Thumb Code     6  raw.o(i.raw_recv)
    raw_remove                               0x08008835   Thumb Code    40  raw.o(i.raw_remove)
    start_task                               0x08008c99   Thumb Code    76  main.o(i.start_task)
    sys_arch_mbox_fetch                      0x08008d09   Thumb Code   162  sys_arch.o(i.sys_arch_mbox_fetch)
    sys_arch_mbox_tryfetch                   0x08008db1   Thumb Code    42  sys_arch.o(i.sys_arch_mbox_tryfetch)
    sys_arch_sem_wait                        0x08008de1   Thumb Code   118  sys_arch.o(i.sys_arch_sem_wait)
    sys_init                                 0x08008e57   Thumb Code     2  sys_arch.o(i.sys_init)
    sys_mbox_free                            0x08008e59   Thumb Code    16  sys_arch.o(i.sys_mbox_free)
    sys_mbox_new                             0x08008e69   Thumb Code    52  sys_arch.o(i.sys_mbox_new)
    sys_mbox_post                            0x08008eed   Thumb Code    88  sys_arch.o(i.sys_mbox_post)
    sys_mbox_set_invalid                     0x08008f4d   Thumb Code     6  sys_arch.o(i.sys_mbox_set_invalid)
    sys_mbox_trypost                         0x08008f55   Thumb Code    88  sys_arch.o(i.sys_mbox_trypost)
    sys_mbox_valid                           0x08008fb5   Thumb Code    10  sys_arch.o(i.sys_mbox_valid)
    sys_sem_free                             0x08008fbf   Thumb Code    16  sys_arch.o(i.sys_sem_free)
    sys_sem_new                              0x08008fcf   Thumb Code    24  sys_arch.o(i.sys_sem_new)
    sys_sem_set_invalid                      0x08008fe7   Thumb Code     6  sys_arch.o(i.sys_sem_set_invalid)
    sys_sem_signal                           0x08008fed   Thumb Code    22  sys_arch.o(i.sys_sem_signal)
    sys_sem_valid                            0x08009003   Thumb Code    10  sys_arch.o(i.sys_sem_valid)
    sys_thread_new                           0x0800900d   Thumb Code    44  sys_arch.o(i.sys_thread_new)
    sys_timeout                              0x0800903d   Thumb Code   104  timers_1.o(i.sys_timeout)
    sys_timeouts_init                        0x0800913d   Thumb Code    42  timers_1.o(i.sys_timeouts_init)
    sys_timeouts_mbox_fetch                  0x08009175   Thumb Code    96  timers_1.o(i.sys_timeouts_mbox_fetch)
    sys_untimeout                            0x080091d9   Thumb Code    68  timers_1.o(i.sys_untimeout)
    task1_task                               0x08009221   Thumb Code    30  main.o(i.task1_task)
    task2_task                               0x08009245   Thumb Code   108  main.o(i.task2_task)
    tcp_abandon                              0x08009335   Thumb Code   158  tcp.o(i.tcp_abandon)
    tcp_abort                                0x0800945d   Thumb Code     6  tcp.o(i.tcp_abort)
    tcp_accept                               0x08009463   Thumb Code     4  tcp.o(i.tcp_accept)
    tcp_alloc                                0x08009469   Thumb Code   236  tcp.o(i.tcp_alloc)
    tcp_arg                                  0x08009561   Thumb Code     4  tcp.o(i.tcp_arg)
    tcp_client_init                          0x08009565   Thumb Code    34  tcp_client_demo.o(i.tcp_client_init)
    tcp_client_thread                        0x080095a5   Thumb Code   344  tcp_client_demo.o(i.tcp_client_thread)
    tcp_close                                0x080097cd   Thumb Code    20  tcp.o(i.tcp_close)
    tcp_connect                              0x08009985   Thumb Code   262  tcp.o(i.tcp_connect)
    tcp_eff_send_mss                         0x08009bad   Thumb Code    32  tcp.o(i.tcp_eff_send_mss)
    tcp_enqueue_flags                        0x08009bcd   Thumb Code   286  tcp_out.o(i.tcp_enqueue_flags)
    tcp_err                                  0x08009ded   Thumb Code    32  tcp.o(i.tcp_err)
    tcp_fasttmr                              0x08009e85   Thumb Code    88  tcp.o(i.tcp_fasttmr)
    tcp_init                                 0x08009ee1   Thumb Code     2  tcp.o(i.tcp_init)
    tcp_input                                0x08009ee5   Thumb Code   890  tcp_in.o(i.tcp_input)
    tcp_keepalive                            0x0800a3f1   Thumb Code    60  tcp_out.o(i.tcp_keepalive)
    tcp_new                                  0x0800a511   Thumb Code     6  tcp.o(i.tcp_new)
    tcp_next_iss                             0x0800a575   Thumb Code    12  tcp.o(i.tcp_next_iss)
    tcp_output                               0x0800a585   Thumb Code   434  tcp_out.o(i.tcp_output)
    tcp_pcb_purge                            0x0800aad5   Thumb Code    58  tcp.o(i.tcp_pcb_purge)
    tcp_pcb_remove                           0x0800ab11   Thumb Code   126  tcp.o(i.tcp_pcb_remove)
    tcp_poll                                 0x0800ac19   Thumb Code    38  tcp.o(i.tcp_poll)
    tcp_process_refused_data                 0x0800b0d1   Thumb Code   100  tcp.o(i.tcp_process_refused_data)
    tcp_recv                                 0x0800b7d1   Thumb Code    30  tcp.o(i.tcp_recv)
    tcp_recv_null                            0x0800b869   Thumb Code    36  tcp.o(i.tcp_recv_null)
    tcp_recved                               0x0800b88d   Thumb Code   104  tcp.o(i.tcp_recved)
    tcp_rexmit                               0x0800b991   Thumb Code    82  tcp_out.o(i.tcp_rexmit)
    tcp_rexmit_fast                          0x0800b9e3   Thumb Code    88  tcp_out.o(i.tcp_rexmit_fast)
    tcp_rexmit_rto                           0x0800ba3b   Thumb Code    46  tcp_out.o(i.tcp_rexmit_rto)
    tcp_rst                                  0x0800ba69   Thumb Code   138  tcp_out.o(i.tcp_rst)
    tcp_seg_free                             0x0800bb79   Thumb Code    28  tcp.o(i.tcp_seg_free)
    tcp_segs_free                            0x0800bb95   Thumb Code    18  tcp.o(i.tcp_segs_free)
    tcp_send_empty_ack                       0x0800bba7   Thumb Code    72  tcp_out.o(i.tcp_send_empty_ack)
    tcp_send_fin                             0x0800bbef   Thumb Code    70  tcp_out.o(i.tcp_send_fin)
    tcp_sent                                 0x0800bc35   Thumb Code    30  tcp.o(i.tcp_sent)
    tcp_shutdown                             0x0800bccd   Thumb Code    78  tcp.o(i.tcp_shutdown)
    tcp_slowtmr                              0x0800bd1d   Thumb Code   754  tcp.o(i.tcp_slowtmr)
    tcp_timer_needed                         0x0800c1d1   Thumb Code    36  timers_1.o(i.tcp_timer_needed)
    tcp_tmr                                  0x0800c271   Thumb Code    28  tcp.o(i.tcp_tmr)
    tcp_update_rcv_ann_wnd                   0x0800c291   Thumb Code    76  tcp.o(i.tcp_update_rcv_ann_wnd)
    tcp_write                                0x0800c349   Thumb Code  1528  tcp_out.o(i.tcp_write)
    tcp_zero_window_probe                    0x0800ca75   Thumb Code   146  tcp_out.o(i.tcp_zero_window_probe)
    tcpip_apimsg                             0x0800cb09   Thumb Code    58  tcpip.o(i.tcpip_apimsg)
    tcpip_init                               0x0800cb49   Thumb Code    62  tcpip.o(i.tcpip_init)
    tcpip_input                              0x0800cc15   Thumb Code    70  tcpip.o(i.tcpip_input)
    uart_init                                0x0800cd99   Thumb Code   172  usart.o(i.uart_init)
    udp_bind                                 0x0800ce4d   Thumb Code   192  udp.o(i.udp_bind)
    udp_connect                              0x0800cf6d   Thumb Code    70  udp.o(i.udp_connect)
    udp_init                                 0x0800cfb9   Thumb Code     2  udp.o(i.udp_init)
    udp_input                                0x0800cfbd   Thumb Code   328  udp.o(i.udp_input)
    udp_new                                  0x0800d189   Thumb Code    26  udp.o(i.udp_new)
    udp_recv                                 0x0800d1a3   Thumb Code     6  udp.o(i.udp_recv)
    udp_remove                               0x0800d1a9   Thumb Code    40  udp.o(i.udp_remove)
    udp_sendto                               0x0800d1d5   Thumb Code    40  udp.o(i.udp_sendto)
    udp_sendto_if                            0x0800d1fd   Thumb Code   202  udp.o(i.udp_sendto_if)
    uxListRemove                             0x0800d349   Thumb Code    36  list.o(i.uxListRemove)
    vListInitialise                          0x0800d36d   Thumb Code    22  list.o(i.vListInitialise)
    vListInitialiseItem                      0x0800d383   Thumb Code     6  list.o(i.vListInitialiseItem)
    vListInsert                              0x0800d389   Thumb Code    48  list.o(i.vListInsert)
    vListInsertEnd                           0x0800d3b9   Thumb Code    24  list.o(i.vListInsertEnd)
    vPortEnterCritical                       0x0800d3d1   Thumb Code    50  port.o(i.vPortEnterCritical)
    vPortExitCritical                        0x0800d449   Thumb Code    34  port.o(i.vPortExitCritical)
    vPortFree                                0x0800d4ad   Thumb Code    94  heap_4.o(i.vPortFree)
    vPortSetupTimerInterrupt                 0x0800d549   Thumb Code    26  port.o(i.vPortSetupTimerInterrupt)
    vPortValidateInterruptPriority           0x0800d569   Thumb Code    70  port.o(i.vPortValidateInterruptPriority)
    vQueueAddToRegistry                      0x0800d5f5   Thumb Code    32  queue.o(i.vQueueAddToRegistry)
    vQueueDelete                             0x0800d619   Thumb Code    34  queue.o(i.vQueueDelete)
    vQueueUnregisterQueue                    0x0800d661   Thumb Code    36  queue.o(i.vQueueUnregisterQueue)
    vQueueWaitForMessageRestricted           0x0800d689   Thumb Code    68  queue.o(i.vQueueWaitForMessageRestricted)
    vTaskDelay                               0x0800d6cd   Thumb Code    62  tasks.o(i.vTaskDelay)
    vTaskDelete                              0x0800d739   Thumb Code   152  tasks.o(i.vTaskDelete)
    vTaskMissedYield                         0x0800d805   Thumb Code     8  tasks.o(i.vTaskMissedYield)
    vTaskPlaceOnEventList                    0x0800d811   Thumb Code    44  tasks.o(i.vTaskPlaceOnEventList)
    vTaskPlaceOnEventListRestricted          0x0800d865   Thumb Code    52  tasks.o(i.vTaskPlaceOnEventListRestricted)
    vTaskPriorityInherit                     0x0800d8c1   Thumb Code   124  tasks.o(i.vTaskPriorityInherit)
    vTaskSetTimeOutState                     0x0800d945   Thumb Code    30  tasks.o(i.vTaskSetTimeOutState)
    vTaskStartScheduler                      0x0800d98d   Thumb Code   100  tasks.o(i.vTaskStartScheduler)
    vTaskSuspendAll                          0x0800da29   Thumb Code    10  tasks.o(i.vTaskSuspendAll)
    vTaskSwitchContext                       0x0800da39   Thumb Code   104  tasks.o(i.vTaskSwitchContext)
    xPortStartScheduler                      0x0800dad1   Thumb Code   196  port.o(i.xPortStartScheduler)
    xPortSysTickHandler                      0x0800dbe5   Thumb Code    38  port.o(i.xPortSysTickHandler)
    xQueueCreateCountingSemaphore            0x0800dc11   Thumb Code    54  queue.o(i.xQueueCreateCountingSemaphore)
    xQueueGenericCreate                      0x0800dc6d   Thumb Code    82  queue.o(i.xQueueGenericCreate)
    xQueueGenericReceive                     0x0800dce5   Thumb Code   348  queue.o(i.xQueueGenericReceive)
    xQueueGenericReset                       0x0800de69   Thumb Code   128  queue.o(i.xQueueGenericReset)
    xQueueGenericSend                        0x0800df11   Thumb Code   350  queue.o(i.xQueueGenericSend)
    xQueueGenericSendFromISR                 0x0800e099   Thumb Code   188  queue.o(i.xQueueGenericSendFromISR)
    xQueueGiveFromISR                        0x0800e179   Thumb Code   162  queue.o(i.xQueueGiveFromISR)
    xTaskCheckForTimeOut                     0x0800e241   Thumb Code    94  tasks.o(i.xTaskCheckForTimeOut)
    xTaskCreate                              0x0800e2c9   Thumb Code    86  tasks.o(i.xTaskCreate)
    xTaskGetSchedulerState                   0x0800e321   Thumb Code    22  tasks.o(i.xTaskGetSchedulerState)
    xTaskGetTickCount                        0x0800e33d   Thumb Code     6  tasks.o(i.xTaskGetTickCount)
    xTaskIncrementTick                       0x0800e349   Thumb Code   188  tasks.o(i.xTaskIncrementTick)
    xTaskPriorityDisinherit                  0x0800e431   Thumb Code   136  tasks.o(i.xTaskPriorityDisinherit)
    xTaskRemoveFromEventList                 0x0800e4e5   Thumb Code   102  tasks.o(i.xTaskRemoveFromEventList)
    xTaskResumeAll                           0x0800e57d   Thumb Code   180  tasks.o(i.xTaskResumeAll)
    xTimerCreate                             0x0800e661   Thumb Code    74  timers.o(i.xTimerCreate)
    xTimerCreateTimerTask                    0x0800e6d5   Thumb Code    58  timers.o(i.xTimerCreateTimerTask)
    xTimerGenericCommand                     0x0800e749   Thumb Code    98  timers.o(i.xTimerGenericCommand)
    _fp_init                                 0x0800e7d9   Thumb Code    10  fpinit.o(x$fpl$fpinit)
    __fplib_config_fpu_vfp                   0x0800e7e1   Thumb Code     0  fpinit.o(x$fpl$fpinit)
    __fplib_config_pureend_doubles           0x0800e7e1   Thumb Code     0  fpinit.o(x$fpl$fpinit)
    memtblsize                               0x0800e7e4   Data          12  malloc.o(.constdata)
    memblksize                               0x0800e7f0   Data          12  malloc.o(.constdata)
    memsize                                  0x0800e7fc   Data          12  malloc.o(.constdata)
    tcp_persist_backoff                      0x0800e844   Data           7  tcp.o(.constdata)
    tcp_state_str                            0x0800e84c   Data          44  tcp.o(.constdata)
    tcp_backoff                              0x0800e878   Data          13  tcp.o(.constdata)
    tcp_pcb_lists                            0x0800e888   Data          16  tcp.o(.constdata)
    ip_addr_any                              0x0800e898   Data           4  ip_addr.o(.constdata)
    ethbroadcast                             0x0800e89c   Data           6  etharp.o(.constdata)
    ethzero                                  0x0800e8a2   Data           6  etharp.o(.constdata)
    NullMessage                              0x0800e8a8   Data           4  sys_arch.o(.constdata)
    Region$$Table$$Base                      0x0800ea08   Number         0  anon$$obj.o(Region$$Table)
    Region$$Table$$Limit                     0x0800ea28   Number         0  anon$$obj.o(Region$$Table)
    mem3base                                 0x10000000   Data       61440  malloc.o(.ARM.__AT_0x10000000)
    mem3mapbase                              0x1000f000   Data        3840  malloc.o(.ARM.__AT_0x1000F000)
    StartTask_Handler                        0x20000000   Data           4  main.o(.data)
    Task1Task_Handler                        0x20000004   Data           4  main.o(.data)
    Task2Task_Handler                        0x20000008   Data           4  main.o(.data)
    BinarySemaphore                          0x2000000c   Data           4  main.o(.data)
    Jump_To_Application                      0x20000010   Data           4  main.o(.data)
    JumpAddress                              0x20000014   Data           4  main.o(.data)
    SystemCoreClock                          0x20000018   Data           4  system_stm32f4xx.o(.data)
    AHBPrescTable                            0x2000001c   Data          16  system_stm32f4xx.o(.data)
    ulHighFrequencyTimerTicks                0x2000002c   Data           4  timer.o(.data)
    g1msTimerUART                            0x20000030   Data           4  timer.o(.data)
    g1msTimerUART1                           0x20000034   Data           4  timer.o(.data)
    g1msTimerUART2                           0x20000038   Data           4  timer.o(.data)
    g1msTimerUART3                           0x2000003c   Data           4  timer.o(.data)
    g1msTimerUART4                           0x20000040   Data           4  timer.o(.data)
    g1msTimerUART5                           0x20000044   Data           4  timer.o(.data)
    DMARxDscrTab                             0x2000004c   Data           4  dp83848.o(.data)
    DMATxDscrTab                             0x20000050   Data           4  dp83848.o(.data)
    Rx_Buff                                  0x20000054   Data           4  dp83848.o(.data)
    Tx_Buff                                  0x20000058   Data           4  dp83848.o(.data)
    USART_RX_STA                             0x20000060   Data           2  usart.o(.data)
    __stdout                                 0x20000064   Data           4  usart.o(.data)
    DMATxDescToSet                           0x20000078   Data           4  stm32f4x7_eth.o(.data)
    DMARxDescToGet                           0x2000007c   Data           4  stm32f4x7_eth.o(.data)
    DMA_RX_FRAME_infos                       0x20000080   Data           4  stm32f4x7_eth.o(.data)
    mallco_dev                               0x20000084   Data          36  malloc.o(.data)
    pxCurrentTCB                             0x200000a8   Data           4  tasks.o(.data)
    tcp_client_flag                          0x20000124   Data           1  tcp_client_demo.o(.data)
    tcp_client_sendbuf                       0x2000012c   Data           4  tcp_client_demo.o(.data)
    DATAS_LENGTH                             0x20000130   Data           4  tcp_client_demo.o(.data)
    tcp_clientconn                           0x2000013c   Data           4  tcp_client_demo.o(.data)
    TCPTask_Handler                          0x20000140   Data           4  tcp_client_demo.o(.data)
    ram_heap                                 0x20000164   Data           4  mem.o(.data)
    memp_memory                              0x20000178   Data           4  memp.o(.data)
    netif_list                               0x20000180   Data           4  netif.o(.data)
    netif_default                            0x20000184   Data           4  netif.o(.data)
    tcp_active_pcbs_changed                  0x2000018c   Data           1  tcp.o(.data)
    tcp_ticks                                0x20000198   Data           4  tcp.o(.data)
    tcp_bound_pcbs                           0x2000019c   Data           4  tcp.o(.data)
    tcp_listen_pcbs                          0x200001a0   Data           4  tcp.o(.data)
    tcp_active_pcbs                          0x200001a4   Data           4  tcp.o(.data)
    tcp_tw_pcbs                              0x200001a8   Data           4  tcp.o(.data)
    tcp_tmp_pcb                              0x200001ac   Data           4  tcp.o(.data)
    tcp_input_pcb                            0x200001c8   Data           4  tcp_in.o(.data)
    udp_pcbs                                 0x200001d8   Data           4  udp.o(.data)
    current_netif                            0x200001e0   Data           4  ip.o(.data)
    current_header                           0x200001e4   Data           4  ip.o(.data)
    current_iphdr_src                        0x200001e8   Data           4  ip.o(.data)
    current_iphdr_dest                       0x200001ec   Data           4  ip.o(.data)
    LWIP_ThreadHandler                       0x200001fc   Data           4  sys_arch.o(.data)
    USART_RX_BUF                             0x20000200   Data         200  usart.o(.bss)
    RX_Frame_Descriptor                      0x200002c8   Data          12  stm32f4x7_eth.o(.bss)
    mem1base                                 0x200002e0   Data       61440  malloc.o(.bss)
    mem1mapbase                              0x2000f2e0   Data        3840  malloc.o(.bss)
    xQueueRegistry                           0x200101e0   Data          64  queue.o(.bss)
    lwipdev                                  0x2001a52c   Data          23  lwip_comm.o(.bss)
    lwip_netif                               0x2001a544   Data          48  lwip_comm.o(.bss)
    tcp_client_recvbuf                       0x2001a574   Data        2000  tcp_client_demo.o(.bss)
    iapbuf                                   0x2001ad44   Data        2048  tcp_client_demo.o(.bss)
    __libspace_start                         0x2001bcc0   Data          96  libspace.o(.bss)
    __temporary_stack_top$libspace           0x2001bd20   Data           0  libspace.o(.bss)
    mem2base                                 0x68000000   Data       983040  malloc.o(.ARM.__AT_0x68000000)
    mem2mapbase                              0x680f0000   Data       61440  malloc.o(.ARM.__AT_0x680F0000)



==============================================================================

Memory Map of the image

  Image Entry point : 0x08000189

  Load Region LR_IROM1 (Base: 0x08000000, Size: 0x0000ec28, Max: 0x00100000, ABSOLUTE, COMPRESSED[0x0000ea74])

    Execution Region ER_IROM1 (Base: 0x08000000, Size: 0x0000ea28, Max: 0x00100000, ABSOLUTE)

    Base Addr    Size         Type   Attr      Idx    E Section Name        Object

    0x08000000   0x00000188   Data   RO         1123    RESET               startup_stm32f40_41xxx.o
    0x08000188   0x00000008   Code   RO         7967  * !!!main             c_w.l(__main.o)
    0x08000190   0x00000034   Code   RO         8251    !!!scatter          c_w.l(__scatter.o)
    0x080001c4   0x0000005a   Code   RO         8249    !!dczerorl2         c_w.l(__dczerorl2.o)
    0x0800021e   0x00000002   PAD
    0x08000220   0x0000001c   Code   RO         8253    !!handler_zi        c_w.l(__scatter_zi.o)
    0x0800023c   0x00000000   Code   RO         7942    .ARM.Collect$$_printf_percent$$00000000  c_w.l(_printf_percent.o)
    0x0800023c   0x00000006   Code   RO         7940    .ARM.Collect$$_printf_percent$$00000009  c_w.l(_printf_d.o)
    0x08000242   0x00000006   Code   RO         7938    .ARM.Collect$$_printf_percent$$00000014  c_w.l(_printf_s.o)
    0x08000248   0x00000004   Code   RO         8012    .ARM.Collect$$_printf_percent$$00000017  c_w.l(_printf_percent_end.o)
    0x0800024c   0x00000002   Code   RO         8122    .ARM.Collect$$libinit$$00000000  c_w.l(libinit.o)
    0x0800024e   0x00000004   Code   RO         8130    .ARM.Collect$$libinit$$00000001  c_w.l(libinit2.o)
    0x08000252   0x00000000   Code   RO         8133    .ARM.Collect$$libinit$$00000004  c_w.l(libinit2.o)
    0x08000252   0x00000000   Code   RO         8136    .ARM.Collect$$libinit$$0000000A  c_w.l(libinit2.o)
    0x08000252   0x00000000   Code   RO         8138    .ARM.Collect$$libinit$$0000000C  c_w.l(libinit2.o)
    0x08000252   0x00000000   Code   RO         8140    .ARM.Collect$$libinit$$0000000E  c_w.l(libinit2.o)
    0x08000252   0x00000000   Code   RO         8143    .ARM.Collect$$libinit$$00000011  c_w.l(libinit2.o)
    0x08000252   0x00000000   Code   RO         8145    .ARM.Collect$$libinit$$00000013  c_w.l(libinit2.o)
    0x08000252   0x00000000   Code   RO         8147    .ARM.Collect$$libinit$$00000015  c_w.l(libinit2.o)
    0x08000252   0x00000000   Code   RO         8149    .ARM.Collect$$libinit$$00000017  c_w.l(libinit2.o)
    0x08000252   0x00000000   Code   RO         8151    .ARM.Collect$$libinit$$00000019  c_w.l(libinit2.o)
    0x08000252   0x00000000   Code   RO         8153    .ARM.Collect$$libinit$$0000001B  c_w.l(libinit2.o)
    0x08000252   0x00000000   Code   RO         8155    .ARM.Collect$$libinit$$0000001D  c_w.l(libinit2.o)
    0x08000252   0x00000000   Code   RO         8157    .ARM.Collect$$libinit$$0000001F  c_w.l(libinit2.o)
    0x08000252   0x00000000   Code   RO         8159    .ARM.Collect$$libinit$$00000021  c_w.l(libinit2.o)
    0x08000252   0x00000000   Code   RO         8161    .ARM.Collect$$libinit$$00000023  c_w.l(libinit2.o)
    0x08000252   0x00000000   Code   RO         8163    .ARM.Collect$$libinit$$00000025  c_w.l(libinit2.o)
    0x08000252   0x00000000   Code   RO         8167    .ARM.Collect$$libinit$$0000002C  c_w.l(libinit2.o)
    0x08000252   0x00000000   Code   RO         8169    .ARM.Collect$$libinit$$0000002E  c_w.l(libinit2.o)
    0x08000252   0x00000000   Code   RO         8171    .ARM.Collect$$libinit$$00000030  c_w.l(libinit2.o)
    0x08000252   0x00000000   Code   RO         8173    .ARM.Collect$$libinit$$00000032  c_w.l(libinit2.o)
    0x08000252   0x00000002   Code   RO         8174    .ARM.Collect$$libinit$$00000033  c_w.l(libinit2.o)
    0x08000254   0x00000002   Code   RO         8192    .ARM.Collect$$libshutdown$$00000000  c_w.l(libshutdown.o)
    0x08000256   0x00000000   Code   RO         8203    .ARM.Collect$$libshutdown$$00000003  c_w.l(libshutdown2.o)
    0x08000256   0x00000000   Code   RO         8206    .ARM.Collect$$libshutdown$$00000006  c_w.l(libshutdown2.o)
    0x08000256   0x00000000   Code   RO         8209    .ARM.Collect$$libshutdown$$00000009  c_w.l(libshutdown2.o)
    0x08000256   0x00000000   Code   RO         8211    .ARM.Collect$$libshutdown$$0000000B  c_w.l(libshutdown2.o)
    0x08000256   0x00000000   Code   RO         8214    .ARM.Collect$$libshutdown$$0000000E  c_w.l(libshutdown2.o)
    0x08000256   0x00000002   Code   RO         8215    .ARM.Collect$$libshutdown$$0000000F  c_w.l(libshutdown2.o)
    0x08000258   0x00000000   Code   RO         7971    .ARM.Collect$$rtentry$$00000000  c_w.l(__rtentry.o)
    0x08000258   0x00000000   Code   RO         8038    .ARM.Collect$$rtentry$$00000002  c_w.l(__rtentry2.o)
    0x08000258   0x00000006   Code   RO         8050    .ARM.Collect$$rtentry$$00000004  c_w.l(__rtentry4.o)
    0x0800025e   0x00000000   Code   RO         8040    .ARM.Collect$$rtentry$$00000009  c_w.l(__rtentry2.o)
    0x0800025e   0x00000004   Code   RO         8041    .ARM.Collect$$rtentry$$0000000A  c_w.l(__rtentry2.o)
    0x08000262   0x00000000   Code   RO         8043    .ARM.Collect$$rtentry$$0000000C  c_w.l(__rtentry2.o)
    0x08000262   0x00000008   Code   RO         8044    .ARM.Collect$$rtentry$$0000000D  c_w.l(__rtentry2.o)
    0x0800026a   0x00000002   Code   RO         8128    .ARM.Collect$$rtexit$$00000000  c_w.l(rtexit.o)
    0x0800026c   0x00000000   Code   RO         8176    .ARM.Collect$$rtexit$$00000002  c_w.l(rtexit2.o)
    0x0800026c   0x00000004   Code   RO         8177    .ARM.Collect$$rtexit$$00000003  c_w.l(rtexit2.o)
    0x08000270   0x00000006   Code   RO         8178    .ARM.Collect$$rtexit$$00000004  c_w.l(rtexit2.o)
    0x08000276   0x00000002   PAD
    0x08000278   0x000000b6   Code   RO         4452    .emb_text           port.o
    0x0800032e   0x00000002   PAD
    0x08000330   0x00000040   Code   RO         1124    .text               startup_stm32f40_41xxx.o
    0x08000370   0x00000002   Code   RO         7874    .text               c_w.l(use_no_semi_2.o)
    0x08000372   0x00000002   PAD
    0x08000374   0x00000018   Code   RO         7880    .text               c_w.l(__2printf.o)
    0x0800038c   0x00000052   Code   RO         7892    .text               c_w.l(_printf_str.o)
    0x080003de   0x00000002   PAD
    0x080003e0   0x00000078   Code   RO         7894    .text               c_w.l(_printf_dec.o)
    0x08000458   0x00000188   Code   RO         7934    .text               c_w.l(__printf_flags_ss_wp.o)
    0x080005e0   0x00000058   Code   RO         7945    .text               c_w.l(memcmp.o)
    0x08000638   0x0000003e   Code   RO         7949    .text               c_w.l(strlen.o)
    0x08000676   0x0000008a   Code   RO         7953    .text               c_w.l(rt_memcpy_v6.o)
    0x08000700   0x00000010   Code   RO         7955    .text               c_w.l(aeabi_memset.o)
    0x08000710   0x00000044   Code   RO         7957    .text               c_w.l(rt_memclr.o)
    0x08000754   0x0000004e   Code   RO         7959    .text               c_w.l(rt_memclr_w.o)
    0x080007a2   0x00000006   Code   RO         7965    .text               c_w.l(heapauxi.o)
    0x080007a8   0x00000002   Code   RO         7969    .text               c_w.l(use_no_semi.o)
    0x080007aa   0x000000b2   Code   RO         7979    .text               c_w.l(_printf_intcommon.o)
    0x0800085c   0x00000030   Code   RO         7983    .text               c_w.l(_printf_char_common.o)
    0x0800088c   0x0000002c   Code   RO         7989    .text               c_w.l(_printf_char.o)
    0x080008b8   0x00000024   Code   RO         7991    .text               c_w.l(_printf_char_file.o)
    0x080008dc   0x00000064   Code   RO         8024    .text               c_w.l(rt_memcpy_w.o)
    0x08000940   0x00000008   Code   RO         8034    .text               c_w.l(libspace.o)
    0x08000948   0x00000008   Code   RO         8067    .text               c_w.l(ferror.o)
    0x08000950   0x0000004a   Code   RO         8073    .text               c_w.l(sys_stackheap_outer.o)
    0x0800099a   0x0000000c   Code   RO         8115    .text               c_w.l(exit.o)
    0x080009a6   0x00000002   Code   RO          374    i.BusFault_Handler  stm32f4xx_it.o
    0x080009a8   0x000000ec   Code   RO          625    i.DP83848_Init      dp83848.o
    0x08000a94   0x00000002   Code   RO          375    i.DebugMon_Handler  stm32f4xx_it.o
    0x08000a96   0x00000002   PAD
    0x08000a98   0x0000000c   Code   RO         2531    i.ETH_DMAClearITPendingBit  stm32f4x7_eth.o
    0x08000aa4   0x00000018   Code   RO         2532    i.ETH_DMAITConfig   stm32f4x7_eth.o
    0x08000abc   0x0000001c   Code   RO         2533    i.ETH_DMAReceptionCmd  stm32f4x7_eth.o
    0x08000ad8   0x00000058   Code   RO         2534    i.ETH_DMARxDescChainInit  stm32f4x7_eth.o
    0x08000b30   0x0000001c   Code   RO         2536    i.ETH_DMATransmissionCmd  stm32f4x7_eth.o
    0x08000b4c   0x00000048   Code   RO         2539    i.ETH_DMATxDescChainInit  stm32f4x7_eth.o
    0x08000b94   0x00000008   Code   RO         2540    i.ETH_DMATxDescChecksumInsertionConfig  stm32f4x7_eth.o
    0x08000b9c   0x00000018   Code   RO         2545    i.ETH_DeInit        stm32f4x7_eth.o
    0x08000bb4   0x00000012   Code   RO         2546    i.ETH_Delay         stm32f4x7_eth.o
    0x08000bc6   0x00000002   PAD
    0x08000bc8   0x00000024   Code   RO         2548    i.ETH_FlushTransmitFIFO  stm32f4x7_eth.o
    0x08000bec   0x0000000c   Code   RO          626    i.ETH_GetCurrentTxBuffer  dp83848.o
    0x08000bf8   0x0000001e   Code   RO         2573    i.ETH_GetRxPktSize  stm32f4x7_eth.o
    0x08000c16   0x00000002   PAD
    0x08000c18   0x00000014   Code   RO         2574    i.ETH_GetSoftwareResetStatus  stm32f4x7_eth.o
    0x08000c2c   0x0000002c   Code   RO          627    i.ETH_IRQHandler    dp83848.o
    0x08000c58   0x000002a4   Code   RO         2579    i.ETH_Init          stm32f4x7_eth.o
    0x08000efc   0x0000001c   Code   RO         2581    i.ETH_MACAddressConfig  stm32f4x7_eth.o
    0x08000f18   0x00000084   Code   RO          628    i.ETH_MACDMA_Config  dp83848.o
    0x08000f9c   0x00000030   Code   RO         2586    i.ETH_MACReceptionCmd  stm32f4x7_eth.o
    0x08000fcc   0x00000030   Code   RO         2587    i.ETH_MACTransmissionCmd  stm32f4x7_eth.o
    0x08000ffc   0x0000002c   Code   RO          629    i.ETH_Mem_Free      dp83848.o
    0x08001028   0x00000050   Code   RO          630    i.ETH_Mem_Malloc    dp83848.o
    0x08001078   0x00000058   Code   RO         2599    i.ETH_ReadPHYRegister  stm32f4x7_eth.o
    0x080010d0   0x00000058   Code   RO          631    i.ETH_Rx_Packet     dp83848.o
    0x08001128   0x00000010   Code   RO         2607    i.ETH_SoftwareReset  stm32f4x7_eth.o
    0x08001138   0x00000022   Code   RO         2608    i.ETH_Start         stm32f4x7_eth.o
    0x0800115a   0x00000088   Code   RO         2610    i.ETH_StructInit    stm32f4x7_eth.o
    0x080011e2   0x00000002   PAD
    0x080011e4   0x00000044   Code   RO          632    i.ETH_Tx_Packet     dp83848.o
    0x08001228   0x00000054   Code   RO         2612    i.ETH_WritePHYRegister  stm32f4x7_eth.o
    0x0800127c   0x0000002c   Code   RO         7084    i.Enter_Critical    sys_arch.o
    0x080012a8   0x00000018   Code   RO         7085    i.Exit_Critical     sys_arch.o
    0x080012c0   0x0000000c   Code   RO         3053    i.FLASH_ClearFlag   stm32f4xx_flash.o
    0x080012cc   0x0000006c   Code   RO         3059    i.FLASH_EraseSector  stm32f4xx_flash.o
    0x08001338   0x0000003c   Code   RO         3061    i.FLASH_GetStatus   stm32f4xx_flash.o
    0x08001374   0x0000003c   Code   RO         3089    i.FLASH_ProgramWord  stm32f4xx_flash.o
    0x080013b0   0x00000024   Code   RO         3091    i.FLASH_Unlock      stm32f4xx_flash.o
    0x080013d4   0x0000001e   Code   RO         3092    i.FLASH_WaitForLastOperation  stm32f4xx_flash.o
    0x080013f2   0x00000078   Code   RO         1175    i.GPIO_Init         stm32f4xx_gpio.o
    0x0800146a   0x00000020   Code   RO         1176    i.GPIO_PinAFConfig  stm32f4xx_gpio.o
    0x0800148a   0x0000000e   Code   RO         1179    i.GPIO_ReadInputDataBit  stm32f4xx_gpio.o
    0x08001498   0x00000004   Code   RO         1183    i.GPIO_SetBits      stm32f4xx_gpio.o
    0x0800149c   0x000000bc   Code   RO          703    i.GetSector         stmflash.o
    0x08001558   0x00000002   Code   RO          376    i.HardFault_Handler  stm32f4xx_it.o
    0x0800155a   0x00000002   PAD
    0x0800155c   0x00000044   Code   RO          551    i.KEY_Init          key.o
    0x080015a0   0x000000d8   Code   RO          552    i.KEY_Scan          key.o
    0x08001678   0x00000040   Code   RO          493    i.LED_Init          led.o
    0x080016b8   0x00000002   Code   RO          377    i.MemManage_Handler  stm32f4xx_it.o
    0x080016ba   0x00000002   Code   RO          378    i.NMI_Handler       stm32f4xx_it.o
    0x080016bc   0x00000064   Code   RO         1130    i.NVIC_Init         misc.o
    0x08001720   0x00000014   Code   RO         1131    i.NVIC_PriorityGroupConfig  misc.o
    0x08001734   0x00000018   Code   RO         1272    i.RCC_AHB1PeriphClockCmd  stm32f4xx_rcc.o
    0x0800174c   0x00000018   Code   RO         1274    i.RCC_AHB1PeriphResetCmd  stm32f4xx_rcc.o
    0x08001764   0x00000018   Code   RO         1284    i.RCC_APB2PeriphClockCmd  stm32f4xx_rcc.o
    0x0800177c   0x00000094   Code   RO         1293    i.RCC_GetClocksFreq  stm32f4xx_rcc.o
    0x08001810   0x00000024   Code   RO          705    i.STM_FLASH_Erase   stmflash.o
    0x08001834   0x00000010   Code   RO          707    i.STM_FLASH_Init    stmflash.o
    0x08001844   0x00000050   Code   RO          708    i.STM_FLASH_Write   stmflash.o
    0x08001894   0x0000000c   Code   RO         1608    i.SYSCFG_ETH_MediaInterfaceConfig  stm32f4xx_syscfg.o
    0x080018a0   0x000000b4   Code   RO          456    i.SetSysClock       system_stm32f4xx.o
    0x08001954   0x00000018   Code   RO         1134    i.SysTick_CLKSourceConfig  misc.o
    0x0800196c   0x00000014   Code   RO          986    i.SysTick_Handler   delay.o
    0x08001980   0x0000005c   Code   RO          458    i.SystemInit        system_stm32f4xx.o
    0x080019dc   0x00000034   Code   RO          513    i.TIM6_DAC_IRQHandler  timer.o
    0x08001a10   0x00000006   Code   RO         1859    i.TIM_ClearITPendingBit  stm32f4xx_tim.o
    0x08001a16   0x00000018   Code   RO         1885    i.TIM_GetITStatus   stm32f4xx_tim.o
    0x08001a2e   0x00000002   PAD
    0x08001a30   0x00000094   Code   RO         1066    i.USART1_IRQHandler  usart.o
    0x08001ac4   0x00000006   Code   RO         1662    i.USART_ClearFlag   stm32f4xx_usart.o
    0x08001aca   0x00000014   Code   RO         1666    i.USART_Cmd         stm32f4xx_usart.o
    0x08001ade   0x0000003e   Code   RO         1670    i.USART_GetITStatus  stm32f4xx_usart.o
    0x08001b1c   0x00000030   Code   RO         1672    i.USART_ITConfig    stm32f4xx_usart.o
    0x08001b4c   0x000000ac   Code   RO         1673    i.USART_Init        stm32f4xx_usart.o
    0x08001bf8   0x00000008   Code   RO         1680    i.USART_ReceiveData  stm32f4xx_usart.o
    0x08001c00   0x00000002   Code   RO          379    i.UsageFault_Handler  stm32f4xx_it.o
    0x08001c02   0x0000000e   Code   RO         7927    i._is_digit         c_w.l(__printf_wp.o)
    0x08001c10   0x00000002   Code   RO         1067    i._sys_exit         usart.o
    0x08001c12   0x00000002   PAD
    0x08001c14   0x0000001c   Code   RO         6490    i.arp_timer         timers_1.o
    0x08001c30   0x00000048   Code   RO          515    i.bsp_TimeSysTickHandler  timer.o
    0x08001c78   0x00000038   Code   RO          987    i.delay_init        delay.o
    0x08001cb0   0x00000038   Code   RO          988    i.delay_ms          delay.o
    0x08001ce8   0x00000034   Code   RO          989    i.delay_us          delay.o
    0x08001d1c   0x00000168   Code   RO         5555    i.dns_check_entry   dns.o
    0x08001e84   0x00000060   Code   RO         5559    i.dns_init          dns.o
    0x08001ee4   0x00000022   Code   RO         5560    i.dns_parse_name    dns.o
    0x08001f06   0x00000002   PAD
    0x08001f08   0x0000016c   Code   RO         5561    i.dns_recv          dns.o
    0x08002074   0x000001a4   Code   RO         5562    i.dns_send          dns.o
    0x08002218   0x00000024   Code   RO         5563    i.dns_setserver     dns.o
    0x0800223c   0x0000001c   Code   RO         6491    i.dns_timer         timers_1.o
    0x08002258   0x00000020   Code   RO         5564    i.dns_tmr           dns.o
    0x08002278   0x00000118   Code   RO         4881    i.do_close          api_msg.o
    0x08002390   0x00000260   Code   RO         4882    i.do_close_internal  api_msg.o
    0x080025f0   0x00000114   Code   RO         4883    i.do_connect        api_msg.o
    0x08002704   0x00000150   Code   RO         4884    i.do_connected      api_msg.o
    0x08002854   0x0000018c   Code   RO         4885    i.do_delconn        api_msg.o
    0x080029e0   0x000000f4   Code   RO         4888    i.do_getaddr        api_msg.o
    0x08002ad4   0x00000020   Code   RO         4891    i.do_newconn        api_msg.o
    0x08002af4   0x00000044   Code   RO         4892    i.do_recv           api_msg.o
    0x08002b38   0x000000fc   Code   RO         4894    i.do_write          api_msg.o
    0x08002c34   0x00000294   Code   RO         4895    i.do_writemore      api_msg.o
    0x08002ec8   0x00000174   Code   RO         4896    i.err_tcp           api_msg.o
    0x0800303c   0x00000154   Code   RO         6937    i.etharp_arp_input  etharp.o
    0x08003190   0x0000023c   Code   RO         6940    i.etharp_find_entry  etharp.o
    0x080033cc   0x0000003c   Code   RO         6941    i.etharp_free_entry  etharp.o
    0x08003408   0x000001b0   Code   RO         6942    i.etharp_output     etharp.o
    0x080035b8   0x000000dc   Code   RO         6943    i.etharp_output_to_arp_index  etharp.o
    0x08003694   0x000001c4   Code   RO         6944    i.etharp_query      etharp.o
    0x08003858   0x00000178   Code   RO         6945    i.etharp_raw        etharp.o
    0x080039d0   0x00000024   Code   RO         6946    i.etharp_request    etharp.o
    0x080039f4   0x000000a0   Code   RO         6947    i.etharp_send_ip    etharp.o
    0x08003a94   0x00000048   Code   RO         6948    i.etharp_tmr        etharp.o
    0x08003adc   0x00000110   Code   RO         6949    i.etharp_update_arp_entry  etharp.o
    0x08003bec   0x00000118   Code   RO         6950    i.ethernet_input    etharp.o
    0x08003d04   0x0000009c   Code   RO         7037    i.ethernetif_init   ethernetif.o
    0x08003da0   0x00000078   Code   RO         7038    i.ethernetif_input  ethernetif.o
    0x08003e18   0x00000014   Code   RO         1068    i.fputc             usart.o
    0x08003e2c   0x00000008   Code   RO         6656    i.icmp_dest_unreach  icmp.o
    0x08003e34   0x00000280   Code   RO         6657    i.icmp_input        icmp.o
    0x080040b4   0x000000f8   Code   RO         6658    i.icmp_send_response  icmp.o
    0x080041ac   0x00000008   Code   RO         6659    i.icmp_time_exceeded  icmp.o
    0x080041b4   0x0000000c   Code   RO         6721    i.inet_chksum       inet_chksum.o
    0x080041c0   0x00000048   Code   RO         6722    i.inet_chksum_pbuf  inet_chksum.o
    0x08004208   0x0000002e   Code   RO         6811    i.ip4_addr_isbroadcast  ip_addr.o
    0x08004236   0x00000002   PAD
    0x08004238   0x000001f8   Code   RO         6873    i.ip_frag           ip_frag.o
    0x08004430   0x00000084   Code   RO         6874    i.ip_frag_free_pbuf_custom_ref  ip_frag.o
    0x080044b4   0x00000150   Code   RO         6764    i.ip_input          ip.o
    0x08004604   0x000000a8   Code   RO         6765    i.ip_output         ip.o
    0x080046ac   0x00000164   Code   RO         6766    i.ip_output_if      ip.o
    0x08004810   0x000001a4   Code   RO         6875    i.ip_reass          ip_frag.o
    0x080049b4   0x00000274   Code   RO         6876    i.ip_reass_chain_frag_into_datagram_and_validate  ip_frag.o
    0x08004c28   0x000000ac   Code   RO         6877    i.ip_reass_dequeue_datagram  ip_frag.o
    0x08004cd4   0x00000184   Code   RO         6878    i.ip_reass_free_complete_datagram  ip_frag.o
    0x08004e58   0x00000074   Code   RO         6879    i.ip_reass_remove_oldest_datagram  ip_frag.o
    0x08004ecc   0x0000001c   Code   RO         6492    i.ip_reass_timer    timers_1.o
    0x08004ee8   0x0000002c   Code   RO         6880    i.ip_reass_tmr      ip_frag.o
    0x08004f14   0x00000040   Code   RO         6767    i.ip_route          ip.o
    0x08004f54   0x00000014   Code   RO         6813    i.ipaddr_addr       ip_addr.o
    0x08004f68   0x0000016c   Code   RO         6814    i.ipaddr_aton       ip_addr.o
    0x080050d4   0x0000008c   Code   RO         6881    i.ipfrag_free_pbuf_custom  ip_frag.o
    0x08005160   0x00000094   Code   RO         7039    i.low_level_init    ethernetif.o
    0x080051f4   0x00000034   Code   RO         7040    i.low_level_output  ethernetif.o
    0x08005228   0x00000050   Code   RO         4594    i.lwip_comm_default_ip_set  lwip_comm.o
    0x08005278   0x00000250   Code   RO         4595    i.lwip_comm_init    lwip_comm.o
    0x080054c8   0x00000024   Code   RO         4596    i.lwip_comm_mem_free  lwip_comm.o
    0x080054ec   0x0000003c   Code   RO         4597    i.lwip_comm_mem_malloc  lwip_comm.o
    0x08005528   0x00000004   Code   RO         5504    i.lwip_htonl        def.o
    0x0800552c   0x00000004   Code   RO         5505    i.lwip_htons        def.o
    0x08005530   0x0000002a   Code   RO         5631    i.lwip_init         init.o
    0x0800555a   0x00000004   Code   RO         5506    i.lwip_ntohl        def.o
    0x0800555e   0x00000004   Code   RO         5507    i.lwip_ntohs        def.o
    0x08005562   0x00000002   PAD
    0x08005564   0x0000000c   Code   RO         4598    i.lwip_pkt_handle   lwip_comm.o
    0x08005570   0x00000002   Code   RO         5238    i.lwip_socket_init  sockets.o
    0x08005572   0x00000056   Code   RO         6725    i.lwip_standard_chksum  inet_chksum.o
    0x080055c8   0x000000e4   Code   RO            7    i.main              main.o
    0x080056ac   0x00000130   Code   RO         5693    i.mem_free          mem.o
    0x080057dc   0x000000bc   Code   RO         5694    i.mem_init          mem.o
    0x08005898   0x00000214   Code   RO         5695    i.mem_malloc        mem.o
    0x08005aac   0x0000019c   Code   RO         5696    i.mem_trim          mem.o
    0x08005c48   0x000000a8   Code   RO         5744    i.memp_free         memp.o
    0x08005cf0   0x00000006   Code   RO         5745    i.memp_get_memorysize  memp.o
    0x08005cf6   0x00000002   PAD
    0x08005cf8   0x0000005c   Code   RO         5746    i.memp_init         memp.o
    0x08005d54   0x000000e4   Code   RO         5747    i.memp_malloc       memp.o
    0x08005e38   0x00000058   Code   RO         3471    i.my_mem_free       malloc.o
    0x08005e90   0x0000003c   Code   RO         3472    i.my_mem_init       malloc.o
    0x08005ecc   0x0000008c   Code   RO         3473    i.my_mem_malloc     malloc.o
    0x08005f58   0x00000038   Code   RO         3474    i.my_mem_perused    malloc.o
    0x08005f90   0x00000018   Code   RO         3475    i.myfree            malloc.o
    0x08005fa8   0x00000020   Code   RO         3476    i.mymalloc          malloc.o
    0x08005fc8   0x0000000c   Code   RO         3478    i.mymemset          malloc.o
    0x08005fd4   0x00000022   Code   RO         5079    i.netbuf_delete     netbuf.o
    0x08005ff6   0x00000002   PAD
    0x08005ff8   0x00000110   Code   RO         4897    i.netconn_alloc     api_msg.o
    0x08006108   0x00000006   Code   RO         4736    i.netconn_close     api_lib.o
    0x0800610e   0x00000002   PAD
    0x08006110   0x000000bc   Code   RO         4737    i.netconn_close_shutdown  api_lib.o
    0x080061cc   0x000000c0   Code   RO         4738    i.netconn_connect   api_lib.o
    0x0800628c   0x00000024   Code   RO         4739    i.netconn_delete    api_lib.o
    0x080062b0   0x00000134   Code   RO         4898    i.netconn_drain     api_msg.o
    0x080063e4   0x00000164   Code   RO         4899    i.netconn_free      api_msg.o
    0x08006548   0x00000118   Code   RO         4741    i.netconn_getaddr   api_lib.o
    0x08006660   0x0000016c   Code   RO         4744    i.netconn_new_with_proto_and_callback  api_lib.o
    0x080067cc   0x00000184   Code   RO         4745    i.netconn_recv      api_lib.o
    0x08006950   0x000001c8   Code   RO         4746    i.netconn_recv_data  api_lib.o
    0x08006b18   0x0000013c   Code   RO         4752    i.netconn_write_partly  api_lib.o
    0x08006c54   0x000000cc   Code   RO         5801    i.netif_add         netif.o
    0x08006d20   0x00000002   Code   RO         5803    i.netif_init        netif.o
    0x08006d22   0x00000020   Code   RO         5805    i.netif_set_addr    netif.o
    0x08006d42   0x00000002   PAD
    0x08006d44   0x0000000c   Code   RO         5806    i.netif_set_default  netif.o
    0x08006d50   0x00000008   Code   RO         5808    i.netif_set_gw      netif.o
    0x08006d58   0x00000068   Code   RO         5809    i.netif_set_ipaddr  netif.o
    0x08006dc0   0x00000008   Code   RO         5812    i.netif_set_netmask  netif.o
    0x08006dc8   0x00000020   Code   RO         5813    i.netif_set_up      netif.o
    0x08006de8   0x0000035c   Code   RO         5902    i.pbuf_alloc        pbuf.o
    0x08007144   0x000000d8   Code   RO         5903    i.pbuf_alloced_custom  pbuf.o
    0x0800721c   0x00000128   Code   RO         5904    i.pbuf_cat          pbuf.o
    0x08007344   0x00000012   Code   RO         5905    i.pbuf_chain        pbuf.o
    0x08007356   0x00000012   Code   RO         5906    i.pbuf_clen         pbuf.o
    0x08007368   0x000001e0   Code   RO         5908    i.pbuf_copy         pbuf.o
    0x08007548   0x00000114   Code   RO         5909    i.pbuf_copy_partial  pbuf.o
    0x0800765c   0x0000016c   Code   RO         5911    i.pbuf_free         pbuf.o
    0x080077c8   0x00000118   Code   RO         5913    i.pbuf_header       pbuf.o
    0x080078e0   0x00000188   Code   RO         5916    i.pbuf_realloc      pbuf.o
    0x08007a68   0x0000001a   Code   RO         5917    i.pbuf_ref          pbuf.o
    0x08007a82   0x00000002   PAD
    0x08007a84   0x00000108   Code   RO         4900    i.pcb_new           api_msg.o
    0x08007b8c   0x0000016c   Code   RO         5697    i.plug_holes        mem.o
    0x08007cf8   0x000000cc   Code   RO         4901    i.poll_tcp          api_msg.o
    0x08007dc4   0x00000070   Code   RO         3960    i.prvAddCurrentTaskToDelayedList  tasks.o
    0x08007e34   0x000000d0   Code   RO         3961    i.prvAddNewTaskToReadyList  tasks.o
    0x08007f04   0x00000050   Code   RO         4324    i.prvCheckForValidListAndQueue  timers.o
    0x08007f54   0x00000054   Code   RO         3962    i.prvCheckTasksWaitingTermination  tasks.o
    0x08007fa8   0x00000026   Code   RO         3734    i.prvCopyDataFromQueue  queue.o
    0x08007fce   0x0000006c   Code   RO         3735    i.prvCopyDataToQueue  queue.o
    0x0800803a   0x00000014   Code   RO         3963    i.prvDeleteTCB      tasks.o
    0x0800804e   0x00000002   PAD
    0x08008050   0x0000004c   Code   RO         4537    i.prvHeapInit       heap_4.o
    0x0800809c   0x00000028   Code   RO         3964    i.prvIdleTask       tasks.o
    0x080080c4   0x000000c0   Code   RO         3965    i.prvInitialiseNewTask  tasks.o
    0x08008184   0x0000004c   Code   RO         4538    i.prvInsertBlockIntoFreeList  heap_4.o
    0x080081d0   0x00000038   Code   RO         4325    i.prvInsertTimerInActiveList  timers.o
    0x08008208   0x0000001a   Code   RO         3736    i.prvIsQueueEmpty   queue.o
    0x08008222   0x00000002   PAD
    0x08008224   0x00000090   Code   RO         3737    i.prvNotifyQueueSetContainer  queue.o
    0x080082b4   0x00000060   Code   RO         4326    i.prvProcessExpiredTimer  timers.o
    0x08008314   0x000000f0   Code   RO         4327    i.prvProcessReceivedCommands  timers.o
    0x08008404   0x0000006c   Code   RO         4328    i.prvProcessTimerOrBlockTask  timers.o
    0x08008470   0x00000020   Code   RO         3967    i.prvResetNextTaskUnblockTime  tasks.o
    0x08008490   0x00000028   Code   RO         4329    i.prvSampleTimeNow  timers.o
    0x080084b8   0x0000006c   Code   RO         4330    i.prvSwitchTimerLists  timers.o
    0x08008524   0x00000064   Code   RO         4453    i.prvTaskExitError  port.o
    0x08008588   0x00000028   Code   RO         4331    i.prvTimerTask      timers.o
    0x080085b0   0x00000078   Code   RO         3738    i.prvUnlockQueue    queue.o
    0x08008628   0x00000114   Code   RO         4539    i.pvPortMalloc      heap_4.o
    0x0800873c   0x00000018   Code   RO         3970    i.pvTaskIncrementMutexHeldCount  tasks.o
    0x08008754   0x0000002c   Code   RO         4454    i.pxPortInitialiseStack  port.o
    0x08008780   0x0000000a   Code   RO         6027    i.raw_connect       raw.o
    0x0800878a   0x00000002   PAD
    0x0800878c   0x00000074   Code   RO         6028    i.raw_input         raw.o
    0x08008800   0x0000002c   Code   RO         6029    i.raw_new           raw.o
    0x0800882c   0x00000006   Code   RO         6030    i.raw_recv          raw.o
    0x08008832   0x00000002   PAD
    0x08008834   0x0000002c   Code   RO         6031    i.raw_remove        raw.o
    0x08008860   0x00000078   Code   RO         4902    i.recv_raw          api_msg.o
    0x080088d8   0x00000158   Code   RO         4903    i.recv_tcp          api_msg.o
    0x08008a30   0x00000158   Code   RO         4904    i.recv_udp          api_msg.o
    0x08008b88   0x000000cc   Code   RO         4905    i.sent_tcp          api_msg.o
    0x08008c54   0x00000044   Code   RO         4906    i.setup_tcp         api_msg.o
    0x08008c98   0x00000070   Code   RO            8    i.start_task        main.o
    0x08008d08   0x000000a8   Code   RO         7086    i.sys_arch_mbox_fetch  sys_arch.o
    0x08008db0   0x00000030   Code   RO         7087    i.sys_arch_mbox_tryfetch  sys_arch.o
    0x08008de0   0x00000076   Code   RO         7088    i.sys_arch_sem_wait  sys_arch.o
    0x08008e56   0x00000002   Code   RO         7089    i.sys_init          sys_arch.o
    0x08008e58   0x00000010   Code   RO         7090    i.sys_mbox_free     sys_arch.o
    0x08008e68   0x00000084   Code   RO         7091    i.sys_mbox_new      sys_arch.o
    0x08008eec   0x00000060   Code   RO         7092    i.sys_mbox_post     sys_arch.o
    0x08008f4c   0x00000006   Code   RO         7093    i.sys_mbox_set_invalid  sys_arch.o
    0x08008f52   0x00000002   PAD
    0x08008f54   0x00000060   Code   RO         7094    i.sys_mbox_trypost  sys_arch.o
    0x08008fb4   0x0000000a   Code   RO         7095    i.sys_mbox_valid    sys_arch.o
    0x08008fbe   0x00000010   Code   RO         7097    i.sys_sem_free      sys_arch.o
    0x08008fce   0x00000018   Code   RO         7098    i.sys_sem_new       sys_arch.o
    0x08008fe6   0x00000006   Code   RO         7099    i.sys_sem_set_invalid  sys_arch.o
    0x08008fec   0x00000016   Code   RO         7100    i.sys_sem_signal    sys_arch.o
    0x08009002   0x0000000a   Code   RO         7101    i.sys_sem_valid     sys_arch.o
    0x0800900c   0x00000030   Code   RO         7102    i.sys_thread_new    sys_arch.o
    0x0800903c   0x00000100   Code   RO         6493    i.sys_timeout       timers_1.o
    0x0800913c   0x00000038   Code   RO         6494    i.sys_timeouts_init  timers_1.o
    0x08009174   0x00000064   Code   RO         6495    i.sys_timeouts_mbox_fetch  timers_1.o
    0x080091d8   0x00000048   Code   RO         6496    i.sys_untimeout     timers_1.o
    0x08009220   0x00000024   Code   RO            9    i.task1_task        main.o
    0x08009244   0x000000f0   Code   RO           10    i.task2_task        main.o
    0x08009334   0x00000128   Code   RO         6104    i.tcp_abandon       tcp.o
    0x0800945c   0x00000006   Code   RO         6105    i.tcp_abort         tcp.o
    0x08009462   0x00000004   Code   RO         6106    i.tcp_accept        tcp.o
    0x08009466   0x00000002   PAD
    0x08009468   0x000000f8   Code   RO         6108    i.tcp_alloc         tcp.o
    0x08009560   0x00000004   Code   RO         6109    i.tcp_arg           tcp.o
    0x08009564   0x00000040   Code   RO         4670    i.tcp_client_init   tcp_client_demo.o
    0x080095a4   0x00000228   Code   RO         4671    i.tcp_client_thread  tcp_client_demo.o
    0x080097cc   0x00000014   Code   RO         6111    i.tcp_close         tcp.o
    0x080097e0   0x000001a4   Code   RO         6112    i.tcp_close_shutdown  tcp.o
    0x08009984   0x0000018c   Code   RO         6113    i.tcp_connect       tcp.o
    0x08009b10   0x0000009c   Code   RO         6384    i.tcp_create_segment  tcp_out.o
    0x08009bac   0x00000020   Code   RO         6115    i.tcp_eff_send_mss  tcp.o
    0x08009bcc   0x00000220   Code   RO         6385    i.tcp_enqueue_flags  tcp_out.o
    0x08009dec   0x00000098   Code   RO         6116    i.tcp_err           tcp.o
    0x08009e84   0x0000005c   Code   RO         6117    i.tcp_fasttmr       tcp.o
    0x08009ee0   0x00000002   Code   RO         6118    i.tcp_init          tcp.o
    0x08009ee2   0x00000002   PAD
    0x08009ee4   0x0000050c   Code   RO         6325    i.tcp_input         tcp_in.o
    0x0800a3f0   0x0000003c   Code   RO         6386    i.tcp_keepalive     tcp_out.o
    0x0800a42c   0x000000e4   Code   RO         6326    i.tcp_listen_input  tcp_in.o
    0x0800a510   0x00000006   Code   RO         6120    i.tcp_new           tcp.o
    0x0800a516   0x00000002   PAD
    0x0800a518   0x0000005c   Code   RO         6121    i.tcp_new_port      tcp.o
    0x0800a574   0x00000010   Code   RO         6122    i.tcp_next_iss      tcp.o
    0x0800a584   0x0000024c   Code   RO         6387    i.tcp_output        tcp_out.o
    0x0800a7d0   0x00000104   Code   RO         6388    i.tcp_output_alloc_header  tcp_out.o
    0x0800a8d4   0x000000b0   Code   RO         6389    i.tcp_output_segment  tcp_out.o
    0x0800a984   0x00000080   Code   RO         6327    i.tcp_parseopt      tcp_in.o
    0x0800aa04   0x000000d0   Code   RO         6390    i.tcp_pbuf_prealloc  tcp_out.o
    0x0800aad4   0x0000003a   Code   RO         6123    i.tcp_pcb_purge     tcp.o
    0x0800ab0e   0x00000002   PAD
    0x0800ab10   0x00000108   Code   RO         6124    i.tcp_pcb_remove    tcp.o
    0x0800ac18   0x00000098   Code   RO         6125    i.tcp_poll          tcp.o
    0x0800acb0   0x00000420   Code   RO         6328    i.tcp_process       tcp_in.o
    0x0800b0d0   0x00000064   Code   RO         6126    i.tcp_process_refused_data  tcp.o
    0x0800b134   0x0000069c   Code   RO         6329    i.tcp_receive       tcp_in.o
    0x0800b7d0   0x00000098   Code   RO         6127    i.tcp_recv          tcp.o
    0x0800b868   0x00000024   Code   RO         6128    i.tcp_recv_null     tcp.o
    0x0800b88c   0x00000104   Code   RO         6129    i.tcp_recved        tcp.o
    0x0800b990   0x00000052   Code   RO         6391    i.tcp_rexmit        tcp_out.o
    0x0800b9e2   0x00000058   Code   RO         6392    i.tcp_rexmit_fast   tcp_out.o
    0x0800ba3a   0x0000002e   Code   RO         6393    i.tcp_rexmit_rto    tcp_out.o
    0x0800ba68   0x00000110   Code   RO         6394    i.tcp_rst           tcp_out.o
    0x0800bb78   0x0000001c   Code   RO         6130    i.tcp_seg_free      tcp.o
    0x0800bb94   0x00000012   Code   RO         6131    i.tcp_segs_free     tcp.o
    0x0800bba6   0x00000048   Code   RO         6395    i.tcp_send_empty_ack  tcp_out.o
    0x0800bbee   0x00000046   Code   RO         6396    i.tcp_send_fin      tcp_out.o
    0x0800bc34   0x00000098   Code   RO         6132    i.tcp_sent          tcp.o
    0x0800bccc   0x0000004e   Code   RO         6134    i.tcp_shutdown      tcp.o
    0x0800bd1a   0x00000002   PAD
    0x0800bd1c   0x000004b4   Code   RO         6135    i.tcp_slowtmr       tcp.o
    0x0800c1d0   0x00000034   Code   RO         6497    i.tcp_timer_needed  timers_1.o
    0x0800c204   0x0000006c   Code   RO         6330    i.tcp_timewait_input  tcp_in.o
    0x0800c270   0x00000020   Code   RO         6136    i.tcp_tmr           tcp.o
    0x0800c290   0x000000b8   Code   RO         6137    i.tcp_update_rcv_ann_wnd  tcp.o
    0x0800c348   0x000005f8   Code   RO         6397    i.tcp_write         tcp_out.o
    0x0800c940   0x00000134   Code   RO         6398    i.tcp_write_checks  tcp_out.o
    0x0800ca74   0x00000092   Code   RO         6399    i.tcp_zero_window_probe  tcp_out.o
    0x0800cb06   0x00000002   PAD
    0x0800cb08   0x00000040   Code   RO         5399    i.tcpip_apimsg      tcpip.o
    0x0800cb48   0x000000cc   Code   RO         5403    i.tcpip_init        tcpip.o
    0x0800cc14   0x0000004c   Code   RO         5404    i.tcpip_input       tcpip.o
    0x0800cc60   0x00000038   Code   RO         6498    i.tcpip_tcp_timer   timers_1.o
    0x0800cc98   0x00000100   Code   RO         5405    i.tcpip_thread      tcpip.o
    0x0800cd98   0x000000b4   Code   RO         1069    i.uart_init         usart.o
    0x0800ce4c   0x00000120   Code   RO         6556    i.udp_bind          udp.o
    0x0800cf6c   0x0000004c   Code   RO         6557    i.udp_connect       udp.o
    0x0800cfb8   0x00000002   Code   RO         6559    i.udp_init          udp.o
    0x0800cfba   0x00000002   PAD
    0x0800cfbc   0x000001cc   Code   RO         6560    i.udp_input         udp.o
    0x0800d188   0x0000001a   Code   RO         6561    i.udp_new           udp.o
    0x0800d1a2   0x00000006   Code   RO         6562    i.udp_recv          udp.o
    0x0800d1a8   0x0000002c   Code   RO         6563    i.udp_remove        udp.o
    0x0800d1d4   0x00000028   Code   RO         6565    i.udp_sendto        udp.o
    0x0800d1fc   0x0000014c   Code   RO         6566    i.udp_sendto_if     udp.o
    0x0800d348   0x00000024   Code   RO         3689    i.uxListRemove      list.o
    0x0800d36c   0x00000016   Code   RO         3690    i.vListInitialise   list.o
    0x0800d382   0x00000006   Code   RO         3691    i.vListInitialiseItem  list.o
    0x0800d388   0x00000030   Code   RO         3692    i.vListInsert       list.o
    0x0800d3b8   0x00000018   Code   RO         3693    i.vListInsertEnd    list.o
    0x0800d3d0   0x00000078   Code   RO         4456    i.vPortEnterCritical  port.o
    0x0800d448   0x00000064   Code   RO         4457    i.vPortExitCritical  port.o
    0x0800d4ac   0x0000009c   Code   RO         4540    i.vPortFree         heap_4.o
    0x0800d548   0x00000020   Code   RO         4458    i.vPortSetupTimerInterrupt  port.o
    0x0800d568   0x0000008c   Code   RO         4459    i.vPortValidateInterruptPriority  port.o
    0x0800d5f4   0x00000024   Code   RO         3744    i.vQueueAddToRegistry  queue.o
    0x0800d618   0x00000048   Code   RO         3745    i.vQueueDelete      queue.o
    0x0800d660   0x00000028   Code   RO         3747    i.vQueueUnregisterQueue  queue.o
    0x0800d688   0x00000044   Code   RO         3748    i.vQueueWaitForMessageRestricted  queue.o
    0x0800d6cc   0x0000006c   Code   RO         3978    i.vTaskDelay        tasks.o
    0x0800d738   0x000000cc   Code   RO         3980    i.vTaskDelete       tasks.o
    0x0800d804   0x0000000c   Code   RO         3985    i.vTaskMissedYield  tasks.o
    0x0800d810   0x00000054   Code   RO         3987    i.vTaskPlaceOnEventList  tasks.o
    0x0800d864   0x0000005c   Code   RO         3988    i.vTaskPlaceOnEventListRestricted  tasks.o
    0x0800d8c0   0x00000084   Code   RO         3990    i.vTaskPriorityInherit  tasks.o
    0x0800d944   0x00000048   Code   RO         3994    i.vTaskSetTimeOutState  tasks.o
    0x0800d98c   0x0000009c   Code   RO         3995    i.vTaskStartScheduler  tasks.o
    0x0800da28   0x00000010   Code   RO         3997    i.vTaskSuspendAll   tasks.o
    0x0800da38   0x00000098   Code   RO         3998    i.vTaskSwitchContext  tasks.o
    0x0800dad0   0x00000114   Code   RO         4460    i.xPortStartScheduler  port.o
    0x0800dbe4   0x0000002c   Code   RO         4461    i.xPortSysTickHandler  port.o
    0x0800dc10   0x0000005c   Code   RO         3750    i.xQueueCreateCountingSemaphore  queue.o
    0x0800dc6c   0x00000078   Code   RO         3753    i.xQueueGenericCreate  queue.o
    0x0800dce4   0x00000184   Code   RO         3754    i.xQueueGenericReceive  queue.o
    0x0800de68   0x000000a8   Code   RO         3755    i.xQueueGenericReset  queue.o
    0x0800df10   0x00000188   Code   RO         3756    i.xQueueGenericSend  queue.o
    0x0800e098   0x000000e0   Code   RO         3757    i.xQueueGenericSendFromISR  queue.o
    0x0800e178   0x000000c8   Code   RO         3758    i.xQueueGiveFromISR  queue.o
    0x0800e240   0x00000088   Code   RO         3999    i.xTaskCheckForTimeOut  tasks.o
    0x0800e2c8   0x00000056   Code   RO         4000    i.xTaskCreate       tasks.o
    0x0800e31e   0x00000002   PAD
    0x0800e320   0x0000001c   Code   RO         4004    i.xTaskGetSchedulerState  tasks.o
    0x0800e33c   0x0000000c   Code   RO         4005    i.xTaskGetTickCount  tasks.o
    0x0800e348   0x000000e8   Code   RO         4007    i.xTaskIncrementTick  tasks.o
    0x0800e430   0x000000b4   Code   RO         4010    i.xTaskPriorityDisinherit  tasks.o
    0x0800e4e4   0x00000098   Code   RO         4011    i.xTaskRemoveFromEventList  tasks.o
    0x0800e57c   0x000000e4   Code   RO         4013    i.xTaskResumeAll    tasks.o
    0x0800e660   0x00000074   Code   RO         4334    i.xTimerCreate      timers.o
    0x0800e6d4   0x00000074   Code   RO         4335    i.xTimerCreateTimerTask  timers.o
    0x0800e748   0x00000090   Code   RO         4336    i.xTimerGenericCommand  timers.o
    0x0800e7d8   0x0000000a   Code   RO         8184    x$fpl$fpinit        fz_wm.l(fpinit.o)
    0x0800e7e2   0x00000002   PAD
    0x0800e7e4   0x00000024   Data   RO         3486    .constdata          malloc.o
    0x0800e808   0x0000003c   Data   RO         5749    .constdata          memp.o
    0x0800e844   0x00000054   Data   RO         6138    .constdata          tcp.o
    0x0800e898   0x00000004   Data   RO         6818    .constdata          ip_addr.o
    0x0800e89c   0x0000000c   Data   RO         6952    .constdata          etharp.o
    0x0800e8a8   0x00000004   Data   RO         7103    .constdata          sys_arch.o
    0x0800e8ac   0x00000011   Data   RO         7935    .constdata          c_w.l(__printf_flags_ss_wp.o)
    0x0800e8bd   0x00000003   PAD
    0x0800e8c0   0x00000032   Data   RO         4673    .conststring        tcp_client_demo.o
    0x0800e8f2   0x00000002   PAD
    0x0800e8f4   0x00000075   Data   RO         6139    .conststring        tcp.o
    0x0800e969   0x00000003   PAD
    0x0800e96c   0x00000055   Data   RO         6400    .conststring        tcp_out.o
    0x0800e9c1   0x00000003   PAD
    0x0800e9c4   0x00000044   Data   RO         6953    .conststring        etharp.o
    0x0800ea08   0x00000020   Data   RO         8247    Region$$Table       anon$$obj.o


    Execution Region RW_IRAM1 (Base: 0x20000000, Size: 0x0001c320, Max: 0x00020000, ABSOLUTE, COMPRESSED[0x0000004c])

    Base Addr    Size         Type   Attr      Idx    E Section Name        Object

    0x20000000   0x00000018   Data   RW           11    .data               main.o
    0x20000018   0x00000014   Data   RW          459    .data               system_stm32f4xx.o
    0x2000002c   0x0000001c   Data   RW          516    .data               timer.o
    0x20000048   0x00000001   Data   RW          553    .data               key.o
    0x20000049   0x00000003   PAD
    0x2000004c   0x00000010   Data   RW          633    .data               dp83848.o
    0x2000005c   0x00000004   Data   RW          992    .data               delay.o
    0x20000060   0x00000002   Data   RW         1071    .data               usart.o
    0x20000062   0x00000002   PAD
    0x20000064   0x00000004   Data   RW         1072    .data               usart.o
    0x20000068   0x00000010   Data   RW         1325    .data               stm32f4xx_rcc.o
    0x20000078   0x0000000c   Data   RW         2614    .data               stm32f4x7_eth.o
    0x20000084   0x00000024   Data   RW         3487    .data               malloc.o
    0x200000a8   0x00000044   Data   RW         4016    .data               tasks.o
    0x200000ec   0x00000014   Data   RW         4344    .data               timers.o
    0x20000100   0x0000000c   Data   RW         4462    .data               port.o
    0x2000010c   0x00000018   Data   RW         4545    .data               heap_4.o
    0x20000124   0x00000020   Data   RW         4674    .data               tcp_client_demo.o
    0x20000144   0x0000000c   Data   RW         5409    .data               tcpip.o
    0x20000150   0x00000014   Data   RW         5566    .data               dns.o
    0x20000164   0x00000014   Data   RW         5698    .data               mem.o
    0x20000178   0x00000004   Data   RW         5752    .data               memp.o
    0x2000017c   0x0000000c   Data   RW         5814    .data               netif.o
    0x20000188   0x00000004   Data   RW         6034    .data               raw.o
    0x2000018c   0x00000024   Data   RW         6140    .data               tcp.o
    0x200001b0   0x0000001c   Data   RW         6332    .data               tcp_in.o
    0x200001cc   0x00000008   Data   RW         6499    .data               timers_1.o
    0x200001d4   0x00000008   Data   RW         6567    .data               udp.o
    0x200001dc   0x00000014   Data   RW         6768    .data               ip.o
    0x200001f0   0x00000008   Data   RW         6882    .data               ip_frag.o
    0x200001f8   0x00000001   Data   RW         6954    .data               etharp.o
    0x200001f9   0x00000003   PAD
    0x200001fc   0x00000004   Data   RW         7104    .data               sys_arch.o
    0x20000200   0x000000c8   Zero   RW         1070    .bss                usart.o
    0x200002c8   0x0000000c   Zero   RW         2613    .bss                stm32f4x7_eth.o
    0x200002d4   0x0000000c   PAD
    0x200002e0   0x0000f000   Zero   RW         3484    .bss                malloc.o
    0x2000f2e0   0x00000f00   Zero   RW         3485    .bss                malloc.o
    0x200101e0   0x00000040   Zero   RW         3768    .bss                queue.o
    0x20010220   0x000002e4   Zero   RW         4015    .bss                tasks.o
    0x20010504   0x00000028   Zero   RW         4343    .bss                timers.o
    0x2001052c   0x0000a000   Zero   RW         4544    .bss                heap_4.o
    0x2001a52c   0x00000048   Zero   RW         4599    .bss                lwip_comm.o
    0x2001a574   0x00000fd0   Zero   RW         4672    .bss                tcp_client_demo.o
    0x2001b544   0x00000663   Zero   RW         5565    .bss                dns.o
    0x2001bba7   0x00000001   PAD
    0x2001bba8   0x0000003c   Zero   RW         5748    .bss                memp.o
    0x2001bbe4   0x00000014   Zero   RW         6331    .bss                tcp_in.o
    0x2001bbf8   0x000000c8   Zero   RW         6951    .bss                etharp.o
    0x2001bcc0   0x00000060   Zero   RW         8035    .bss                c_w.l(libspace.o)
    0x2001bd20   0x00000200   Zero   RW         1122    HEAP                startup_stm32f40_41xxx.o
    0x2001bf20   0x00000400   Zero   RW         1121    STACK               startup_stm32f40_41xxx.o



  Load Region LR$$.ARM.__AT_0x10000000 (Base: 0x10000000, Size: 0x00000000, Max: 0x0000f000, ABSOLUTE)

    Execution Region ER$$.ARM.__AT_0x10000000 (Base: 0x10000000, Size: 0x0000f000, Max: 0x0000f000, ABSOLUTE, UNINIT)

    Base Addr    Size         Type   Attr      Idx    E Section Name        Object

    0x10000000   0x0000f000   Zero   RW         3480    .ARM.__AT_0x10000000  malloc.o



  Load Region LR$$.ARM.__AT_0x1000F000 (Base: 0x1000f000, Size: 0x00000000, Max: 0x00000f00, ABSOLUTE)

    Execution Region ER$$.ARM.__AT_0x1000F000 (Base: 0x1000f000, Size: 0x00000f00, Max: 0x00000f00, ABSOLUTE, UNINIT)

    Base Addr    Size         Type   Attr      Idx    E Section Name        Object

    0x1000f000   0x00000f00   Zero   RW         3481    .ARM.__AT_0x1000F000  malloc.o



  Load Region LR$$.ARM.__AT_0x68000000 (Base: 0x68000000, Size: 0x00000000, Max: 0x000f0000, ABSOLUTE)

    Execution Region ER$$.ARM.__AT_0x68000000 (Base: 0x68000000, Size: 0x000f0000, Max: 0x000f0000, ABSOLUTE, UNINIT)

    Base Addr    Size         Type   Attr      Idx    E Section Name        Object

    0x68000000   0x000f0000   Zero   RW         3482    .ARM.__AT_0x68000000  malloc.o



  Load Region LR$$.ARM.__AT_0x680F0000 (Base: 0x680f0000, Size: 0x00000000, Max: 0x0000f000, ABSOLUTE)

    Execution Region ER$$.ARM.__AT_0x680F0000 (Base: 0x680f0000, Size: 0x0000f000, Max: 0x0000f000, ABSOLUTE, UNINIT)

    Base Addr    Size         Type   Attr      Idx    E Section Name        Object

    0x680f0000   0x0000f000   Zero   RW         3483    .ARM.__AT_0x680F0000  malloc.o


==============================================================================

Image component sizes


      Code (inc. data)   RO Data    RW Data    ZI Data      Debug   Object Name

      2226       1178          0          0          0      16700   api_lib.o
      6008       2786          0          0          0      16515   api_msg.o
        16          0          0          0          0       2510   def.o
       184         14          0          4          0       2909   delay.o
      1342        376          0         20       1635       8040   dns.o
       704         56          0         16          0       5877   dp83848.o
         0          0          0          0          0        668   err.o
      3272       1308         80          1        200      12173   etharp.o
       476        132          0          0          0       5028   ethernetif.o
         0          0          0          0          0      11768   event_groups.o
       584        138          0         24      40960       3791   heap_4.o
       904        458          0          0          0       3246   icmp.o
       170          0          0          0          0       2561   inet_chksum.o
        42          0          0          0          0       1256   init.o
       924        264          0         20          0       6765   ip.o
       430        108          4          0          0       8694   ip_addr.o
      2544        932          0          8          0       8556   ip_frag.o
       284         22          0          1          0       1302   key.o
        64          6          0          0          0        539   led.o
       136          0          0          0          0       3006   list.o
       780        366          0          0         72      15531   lwip_comm.o
       616        282          0         24          0     363453   main.o
       412         40         36         36    1175040       5989   malloc.o
      1800        870          0         20          0       5053   mem.o
       494        280         60          4         60       4022   memp.o
       144         14          0          0          0       1965   misc.o
        34          0          0          0          0       1020   netbuf.o
       402        124          0         12          0       7195   netif.o
      3226       1632          0          0          0       8863   pbuf.o
      1038        382          0         12          0      10757   port.o
      2236        354          0          0         64      14092   queue.o
       220         22          0          4          0       3672   raw.o
         2          0          0          0          0        495   sockets.o
        64         26        392          0       1536        844   startup_stm32f40_41xxx.o
      1546        150          0         12         12      14587   stm32f4x7_eth.o
       306         32          0          0          0       3956   stm32f4xx_flash.o
       170          0          0          0          0       2698   stm32f4xx_gpio.o
        12          0          0          0          0       2697   stm32f4xx_it.o
       220         34          0         16          0       4483   stm32f4xx_rcc.o
        12          4          0          0          0        554   stm32f4xx_syscfg.o
        30          0          0          0          0       2653   stm32f4xx_tim.o
       316          8          0          0          0       4392   stm32f4xx_usart.o
       320         46          0          0          0       3025   stmflash.o
       886        120          4          4          0      13959   sys_arch.o
       272         36          0         20          0       1761   system_stm32f4xx.o
      2794        676          0         68        740      28467   tasks.o
      4504       1756        201         36          0      29326   tcp.o
       616        238         50         32       4048      10840   tcp_client_demo.o
      4504        994          0         28         20      16095   tcp_in.o
      4604       1516         85          0          0      13263   tcp_out.o
       600        278          0         12          0       8770   tcpip.o
       124         16          0         28          0       1948   timer.o
      1144        260          0         20         40       8958   timers.o
       676        224          0          8          0       6243   timers_1.o
      1274        368          0          8          0       8490   udp.o
       350         36          0          6        200       4390   usart.o

    ----------------------------------------------------------------------
     57116      18962        952        512    1224640     756410   Object Totals
         0          0         32          0          0          0   (incl. Generated)
        58          0          8          8         13          0   (incl. Padding)

    ----------------------------------------------------------------------

      Code (inc. data)   RO Data    RW Data    ZI Data      Debug   Library Member Name

        24          4          0          0          0         84   __2printf.o
        90          0          0          0          0          0   __dczerorl2.o
         8          0          0          0          0         68   __main.o
       392          4         17          0          0         92   __printf_flags_ss_wp.o
        14          0          0          0          0         68   __printf_wp.o
         0          0          0          0          0          0   __rtentry.o
        12          0          0          0          0          0   __rtentry2.o
         6          0          0          0          0          0   __rtentry4.o
        52          8          0          0          0          0   __scatter.o
        28          0          0          0          0          0   __scatter_zi.o
        44          0          0          0          0        108   _printf_char.o
        48          6          0          0          0         96   _printf_char_common.o
        36          4          0          0          0         80   _printf_char_file.o
         6          0          0          0          0          0   _printf_d.o
       120         16          0          0          0         92   _printf_dec.o
       178          0          0          0          0         88   _printf_intcommon.o
         0          0          0          0          0          0   _printf_percent.o
         4          0          0          0          0          0   _printf_percent_end.o
         6          0          0          0          0          0   _printf_s.o
        82          0          0          0          0         80   _printf_str.o
        16          0          0          0          0         68   aeabi_memset.o
        12          0          0          0          0         72   exit.o
         8          0          0          0          0         68   ferror.o
         6          0          0          0          0        152   heapauxi.o
         2          0          0          0          0          0   libinit.o
         6          0          0          0          0          0   libinit2.o
         2          0          0          0          0          0   libshutdown.o
         2          0          0          0          0          0   libshutdown2.o
         8          4          0          0         96         68   libspace.o
        88          0          0          0          0         76   memcmp.o
        68          0          0          0          0         68   rt_memclr.o
        78          0          0          0          0         80   rt_memclr_w.o
       138          0          0          0          0         68   rt_memcpy_v6.o
       100          0          0          0          0         80   rt_memcpy_w.o
         2          0          0          0          0          0   rtexit.o
        10          0          0          0          0          0   rtexit2.o
        62          0          0          0          0         76   strlen.o
        74          0          0          0          0         80   sys_stackheap_outer.o
         2          0          0          0          0         68   use_no_semi.o
         2          0          0          0          0         68   use_no_semi_2.o
        10          0          0          0          0        116   fpinit.o

    ----------------------------------------------------------------------
      1856         46         20          0         96       2064   Library Totals
        10          0          3          0          0          0   (incl. Padding)

    ----------------------------------------------------------------------

      Code (inc. data)   RO Data    RW Data    ZI Data      Debug   Library Name

      1836         46         17          0         96       1948   c_w.l
        10          0          0          0          0        116   fz_wm.l

    ----------------------------------------------------------------------
      1856         46         20          0         96       2064   Library Totals

    ----------------------------------------------------------------------

==============================================================================


      Code (inc. data)   RO Data    RW Data    ZI Data      Debug   

     58972      19008        972        512    1224736     720534   Grand Totals
     58972      19008        972         76    1224736     720534   ELF Image Totals (compressed)
     58972      19008        972         76          0          0   ROM Totals

==============================================================================

    Total RO  Size (Code + RO Data)                59944 (  58.54kB)
    Total RW  Size (RW Data + ZI Data)           1225248 (1196.53kB)
    Total ROM Size (Code + RO Data + RW Data)      60020 (  58.61kB)

==============================================================================

